Archive member included to satisfy reference by file (symbol)

../../libDaisy//build/libdaisy.a(daisy_pod.o)
                              build/realtime-bpm-detection.o (daisy::DaisyPod::StartAudio(void (*)(float const* const*, float**, unsigned int)))
../../libDaisy//build/libdaisy.a(daisy_seed.o)
                              ../../libDaisy//build/libdaisy.a(daisy_pod.o) (daisy::DaisySeed::Configure())
../../libDaisy//build/libdaisy.a(codec_ak4556.o)
                              ../../libDaisy//build/libdaisy.a(daisy_seed.o) (daisy::Ak4556::Init(dsy_gpio_pin))
../../libDaisy//build/libdaisy.a(codec_wm8731.o)
                              ../../libDaisy//build/libdaisy.a(daisy_seed.o) (daisy::Wm8731::Init(daisy::Wm8731::Config const&, daisy::I2CHandle))
../../libDaisy//build/libdaisy.a(sdram.o)
                              ../../libDaisy//build/libdaisy.a(daisy_seed.o) (SdramHandle::Init())
../../libDaisy//build/libdaisy.a(audio.o)
                              ../../libDaisy//build/libdaisy.a(daisy_seed.o) (daisy::AudioHandle::Init(daisy::AudioHandle::Config const&, daisy::SaiHandle))
../../libDaisy//build/libdaisy.a(ctrl.o)
                              ../../libDaisy//build/libdaisy.a(daisy_pod.o) (daisy::AnalogControl::Init(unsigned short*, float, bool, bool, float))
../../libDaisy//build/libdaisy.a(encoder.o)
                              ../../libDaisy//build/libdaisy.a(daisy_pod.o) (daisy::Encoder::Init(dsy_gpio_pin, dsy_gpio_pin, dsy_gpio_pin, float))
../../libDaisy//build/libdaisy.a(midi.o)
                              build/realtime-bpm-detection.o (daisy::MidiUartTransport::Config::Config())
../../libDaisy//build/libdaisy.a(midi_parser.o)
                              ../../libDaisy//build/libdaisy.a(daisy_pod.o) (daisy::MidiParser::Reset())
../../libDaisy//build/libdaisy.a(parameter.o)
                              build/realtime-bpm-detection.o (daisy::Parameter::Init(daisy::AnalogControl, float, float, daisy::Parameter::Curve))
../../libDaisy//build/libdaisy.a(rgb_led.o)
                              ../../libDaisy//build/libdaisy.a(daisy_pod.o) (daisy::RgbLed::Init(dsy_gpio_pin, dsy_gpio_pin, dsy_gpio_pin, bool))
../../libDaisy//build/libdaisy.a(switch.o)
                              ../../libDaisy//build/libdaisy.a(daisy_pod.o) (daisy::Switch::Init(dsy_gpio_pin, float))
../../libDaisy//build/libdaisy.a(usb.o)
                              build/realtime-bpm-detection.o (daisy::UsbHandle::Init(daisy::UsbHandle::UsbPeriph))
../../libDaisy//build/libdaisy.a(adc.o)
                              ../../libDaisy//build/libdaisy.a(daisy_pod.o) (daisy::AdcChannelConfig::InitSingle(dsy_gpio_pin, daisy::AdcChannelConfig::ConversionSpeed))
../../libDaisy//build/libdaisy.a(gpio.o)
                              ../../libDaisy//build/libdaisy.a(daisy_seed.o) (daisy::GPIO::Init(daisy::Pin, daisy::GPIO::Mode, daisy::GPIO::Pull, daisy::GPIO::Speed))
../../libDaisy//build/libdaisy.a(i2c.o)
                              ../../libDaisy//build/libdaisy.a(daisy_seed.o) (daisy::I2CHandle::Init(daisy::I2CHandle::Config const&))
../../libDaisy//build/libdaisy.a(qspi.o)
                              ../../libDaisy//build/libdaisy.a(daisy_seed.o) (daisy::QSPIHandle::Init(daisy::QSPIHandle::Config const&))
../../libDaisy//build/libdaisy.a(sai.o)
                              ../../libDaisy//build/libdaisy.a(daisy_seed.o) (daisy::SaiHandle::Init(daisy::SaiHandle::Config const&))
../../libDaisy//build/libdaisy.a(uart.o)
                              ../../libDaisy//build/libdaisy.a(daisy_pod.o) (daisy::UartHandler::Init(daisy::UartHandler::Config const&))
../../libDaisy//build/libdaisy.a(dma.o)
                              ../../libDaisy//build/libdaisy.a(uart.o) (dsy_dma_invalidate_cache_for_buffer)
../../libDaisy//build/libdaisy.a(system.o)
                              ../../libDaisy//build/libdaisy.a(daisy_seed.o) (daisy::System::DeInit())
../../libDaisy//build/libdaisy.a(system_stm32h7xx.o)
                              build/startup_stm32h750xx.o (SystemInit)
../../libDaisy//build/libdaisy.a(usbd_cdc_if.o)
                              ../../libDaisy//build/libdaisy.a(usb.o) (CDC_Transmit_FS)
../../libDaisy//build/libdaisy.a(usbd_conf.o)
                              ../../libDaisy//build/libdaisy.a(system.o) (hpcd_USB_OTG_HS)
../../libDaisy//build/libdaisy.a(usbd_desc.o)
                              ../../libDaisy//build/libdaisy.a(usb.o) (HS_Desc)
../../libDaisy//build/libdaisy.a(usbh_conf.o)
                              ../../libDaisy//build/libdaisy.a(system.o) (hhcd_USB_OTG_HS)
../../libDaisy//build/libdaisy.a(color.o)
                              ../../libDaisy//build/libdaisy.a(daisy_pod.o) (daisy::Color::Init(daisy::Color::PresetColor))
../../libDaisy//build/libdaisy.a(hal_map.o)
                              ../../libDaisy//build/libdaisy.a(gpio.o) (dsy_hal_map_get_port)
../../libDaisy//build/libdaisy.a(stm32h7xx_hal.o)
[...]
Memory Configuration

Name             Origin             Length             Attributes
FLASH            0x0000000008000000 0x0000000000020000 xr
DTCMRAM          0x0000000020000000 0x0000000000020000 xrw
SRAM             0x0000000024000000 0x0000000000080000 xrw
RAM_D2           0x0000000030000000 0x0000000000048000 xrw
RAM_D3           0x0000000038000000 0x0000000000010000 xrw
BACKUP_SRAM      0x0000000038800000 0x0000000000001000 xrw
ITCMRAM          0x0000000000000000 0x0000000000010000 xrw
SDRAM            0x00000000c0000000 0x0000000004000000 xrw
QSPIFLASH        0x0000000090000000 0x0000000000800000 xr
*default*        0x0000000000000000 0xffffffffffffffff

Linker script and memory map

LOAD /Library/DaisyToolchain/0.2.0/arm/bin/../lib/gcc/arm-none-eabi/10.3.1/thumb/v7e-m+dp/hard/crti.o
LOAD /Library/DaisyToolchain/0.2.0/arm/bin/../lib/gcc/arm-none-eabi/10.3.1/thumb/v7e-m+dp/hard/crtbegin.o
LOAD /Library/DaisyToolchain/0.2.0/arm/bin/../lib/gcc/arm-none-eabi/10.3.1/../../../../arm-none-eabi/lib/thumb/v7e-m+dp/hard/crt0.o
LOAD build/BTT.o
LOAD build/DFT.o
LOAD build/fastsin.o
LOAD build/Filter.o
LOAD build/Statistics.o
LOAD build/STFT.o
LOAD build/startup_stm32h750xx.o
LOAD build/realtime-bpm-detection.o
LOAD ../../libDaisy//build/libdaisy.a
LOAD /Library/DaisyToolchain/0.2.0/arm/bin/../lib/gcc/arm-none-eabi/10.3.1/../../../../arm-none-eabi/lib/thumb/v7e-m+dp/hard/libnosys.a
LOAD ../../DaisySP//build/libdaisysp.a
LOAD /Library/DaisyToolchain/0.2.0/arm/bin/../lib/gcc/arm-none-eabi/10.3.1/../../../../arm-none-eabi/lib/thumb/v7e-m+dp/hard/libstdc++_nano.a
LOAD /Library/DaisyToolchain/0.2.0/arm/bin/../lib/gcc/arm-none-eabi/10.3.1/../../../../arm-none-eabi/lib/thumb/v7e-m+dp/hard/libm.a
LOAD /Library/DaisyToolchain/0.2.0/arm/bin/../lib/gcc/arm-none-eabi/10.3.1/../../../../arm-none-eabi/lib/thumb/v7e-m+dp/hard/libc_nano.a
START GROUP
LOAD /Library/DaisyToolchain/0.2.0/arm/bin/../lib/gcc/arm-none-eabi/10.3.1/thumb/v7e-m+dp/hard/libgcc.a
LOAD /Library/DaisyToolchain/0.2.0/arm/bin/../lib/gcc/arm-none-eabi/10.3.1/../../../../arm-none-eabi/lib/thumb/v7e-m+dp/hard/libc_nano.a
END GROUP
START GROUP
LOAD /Library/DaisyToolchain/0.2.0/arm/bin/../lib/gcc/arm-none-eabi/10.3.1/thumb/v7e-m+dp/hard/libgcc.a
LOAD /Library/DaisyToolchain/0.2.0/arm/bin/../lib/gcc/arm-none-eabi/10.3.1/../../../../arm-none-eabi/lib/thumb/v7e-m+dp/hard/libc_nano.a
LOAD /Library/DaisyToolchain/0.2.0/arm/bin/../lib/gcc/arm-none-eabi/10.3.1/../../../../arm-none-eabi/lib/thumb/v7e-m+dp/hard/libnosys.a
END GROUP
START GROUP
LOAD /Library/DaisyToolchain/0.2.0/arm/bin/../lib/gcc/arm-none-eabi/10.3.1/thumb/v7e-m+dp/hard/libgcc.a
LOAD /Library/DaisyToolchain/0.2.0/arm/bin/../lib/gcc/arm-none-eabi/10.3.1/../../../../arm-none-eabi/lib/thumb/v7e-m+dp/hard/libc_nano.a
LOAD /Library/DaisyToolchain/0.2.0/arm/bin/../lib/gcc/arm-none-eabi/10.3.1/../../../../arm-none-eabi/lib/thumb/v7e-m+dp/hard/libnosys.a
END GROUP
LOAD /Library/DaisyToolchain/0.2.0/arm/bin/../lib/gcc/arm-none-eabi/10.3.1/thumb/v7e-m+dp/hard/crtend.o
LOAD /Library/DaisyToolchain/0.2.0/arm/bin/../lib/gcc/arm-none-eabi/10.3.1/thumb/v7e-m+dp/hard/crtn.o
                0x0000000020020000                _estack = 0x20020000

.isr_vector     0x0000000008000000      0x298
                0x0000000008000000                . = ALIGN (0x4)
 *(.isr_vector)
 .isr_vector    0x0000000008000000      0x298 build/startup_stm32h750xx.o
                0x0000000008000000                g_pfnVectors
                0x0000000008000298                . = ALIGN (0x4)

.text           0x00000000080002a0    0x1f420
                0x00000000080002a0                . = ALIGN (0x4)
                0x00000000080002a0                _stext = .
 *(.text)
 .text          0x00000000080002a0       0x40 /Library/DaisyToolchain/0.2.0/arm/bin/../lib/gcc/arm-none-eabi/10.3.1/thumb/v7e-m+dp/hard/crtbegin.o
 .text          0x00000000080002e0       0x10 /Library/DaisyToolchain/0.2.0/arm/bin/../lib/gcc/arm-none-eabi/10.3.1/../../../../arm-none-eabi/lib/thumb/v7e-m+dp/hard/libc_nano.a(lib_a-strlen.o)
                0x00000000080002e0                strlen
 .text          0x00000000080002f0       0xa0 /Library/DaisyToolchain/0.2.0/arm/bin/../lib/gcc/arm-none-eabi/10.3.1/../../../../arm-none-eabi/lib/thumb/v7e-m+dp/hard/libc_nano.a(lib_a-memchr.o)
                0x00000000080002f0                memchr
 .text          0x0000000008000390      0x378 /Library/DaisyToolchain/0.2.0/arm/bin/../lib/gcc/arm-none-eabi/10.3.1/thumb/v7e-m+dp/hard/libgcc.a(_arm_addsubdf3.o)
                0x0000000008000390                __aeabi_drsub
                0x0000000008000398                __subdf3
                0x0000000008000398                __aeabi_dsub
                0x000000000800039c                __aeabi_dadd
                0x000000000800039c                __adddf3
                0x0000000008000614                __aeabi_ui2d
                0x0000000008000614                __floatunsidf
                0x0000000008000634                __floatsidf
                0x0000000008000634                __aeabi_i2d
                0x0000000008000658                __extendsfdf2
                0x0000000008000658                __aeabi_f2d
                0x000000000800069c                __aeabi_ul2d
                0x000000000800069c                __floatundidf
                0x00000000080006ac                __aeabi_l2d
                0x00000000080006ac                __floatdidf
 .text          0x0000000008000708      0x21c /Library/DaisyToolchain/0.2.0/arm/bin/../lib/gcc/arm-none-eabi/10.3.1/thumb/v7e-m+dp/hard/libgcc.a(_arm_addsubsf3.o)
                0x0000000008000708                __aeabi_frsub
                0x0000000008000710                __aeabi_fsub
                0x0000000008000710                __subsf3
                0x0000000008000714                __aeabi_fadd
                0x0000000008000714                __addsf3
                0x0000000008000874                __aeabi_ui2f
                0x0000000008000874                __floatunsisf
                0x000000000800087c                __floatsisf
                0x000000000800087c                __aeabi_i2f
                0x0000000008000898                __aeabi_ul2f
                0x0000000008000898                __floatundisf
                0x00000000080008a8                __aeabi_l2f
                0x00000000080008a8                __floatdisf
 .text          0x0000000008000924       0x30 /Library/DaisyToolchain/0.2.0/arm/bin/../lib/gcc/arm-none-eabi/10.3.1/thumb/v7e-m+dp/hard/libgcc.a(_aeabi_uldivmod.o)
                0x0000000008000924                __aeabi_uldivmod
 *fill*         0x0000000008000954        0x4 
 .text          0x0000000008000958       0x40 /Library/DaisyToolchain/0.2.0/arm/bin/../lib/gcc/arm-none-eabi/10.3.1/thumb/v7e-m+dp/hard/libgcc.a(_fixunsdfdi.o)
                0x0000000008000958                __aeabi_d2ulz
                0x0000000008000958                __fixunsdfdi
 .text          0x0000000008000998      0x2d0 /Library/DaisyToolchain/0.2.0/arm/bin/../lib/gcc/arm-none-eabi/10.3.1/thumb/v7e-m+dp/hard/libgcc.a(_udivmoddi4.o)
                0x0000000008000998                __udivmoddi4
 .text          0x0000000008000c68        0x4 /Library/DaisyToolchain/0.2.0/arm/bin/../lib/gcc/arm-none-eabi/10.3.1/thumb/v7e-m+dp/hard/libgcc.a(_dvmd_tls.o)
                0x0000000008000c68                __aeabi_ldiv0
                0x0000000008000c68                __aeabi_idiv0
 *(.text*)
 .text.btt_destroy
                0x0000000008000c6c       0x68 build/BTT.o
                0x0000000008000c6c                btt_destroy
 *fill*         0x0000000008000cd4        0x4 
 .text.btt_init_tempo
                0x0000000008000cd8      0x134 build/BTT.o
                0x0000000008000cd8                btt_init_tempo
 *fill*         0x0000000008000e0c        0x4 
 .text.btt_get_tempo_bpm
                0x0000000008000e10       0x78 build/BTT.o
                0x0000000008000e10                btt_get_tempo_bpm
 .text.btt_set_metronome_bpm
                0x0000000008000e88       0x80 build/BTT.o
                0x0000000008000e88                btt_set_metronome_bpm
 .text.btt_tempo_tracking
                0x0000000008000f08      0x418 build/BTT.o
                0x0000000008000f08                btt_tempo_tracking
 .text.btt_beat_tracking
                0x0000000008001320      0x360 build/BTT.o
                0x0000000008001320                btt_beat_tracking
 .text.btt_process
                0x0000000008001680       0x28 build/BTT.o
                0x0000000008001680                btt_process
 .text.btt_set_log_gaussian_tempo_weight_mean
                0x00000000080016a8       0xc8 build/BTT.o
                0x00000000080016a8                btt_set_log_gaussian_tempo_weight_mean
 .text.btt_init
                0x0000000008001770      0x248 build/BTT.o
                0x0000000008001770                btt_init
 .text.btt_set_analysis_latency_beat_adjustment
                0x00000000080019b8       0x44 build/BTT.o
                0x00000000080019b8                btt_set_analysis_latency_beat_adjustment
 *fill*         0x00000000080019fc        0x4 
 .text.btt_new  0x0000000008001a00      0x150 build/BTT.o
                0x0000000008001a00                btt_new
 .text.btt_new_default
                0x0000000008001b50       0x38 build/BTT.o
                0x0000000008001b50                btt_new_default
 .text.btt_set_tracking_mode
                0x0000000008001b88       0xac build/BTT.o
                0x0000000008001b88                btt_set_tracking_mode
 *fill*         0x0000000008001c34        0x4 
 .text.btt_onset_tracking
                0x0000000008001c38      0x23c build/BTT.o
                0x0000000008001c38                btt_onset_tracking
 .text.btt_spectral_flux_stft_callback
                0x0000000008001e74       0xc8 build/BTT.o
                0x0000000008001e74                btt_spectral_flux_stft_callback
 .text.btt_set_onset_tracking_callback
                0x0000000008001f3c        0xc build/BTT.o
                0x0000000008001f3c                btt_set_onset_tracking_callback
 .text.btt_set_beat_tracking_callback
                0x0000000008001f48        0xc build/BTT.o
                0x0000000008001f48                btt_set_beat_tracking_callback
 .text.rdft_rect_to_polar
                0x0000000008001f54       0x5c build/DFT.o
                0x0000000008001f54                rdft_rect_to_polar
 .text.rdft_bit_reverse_indices
                0x0000000008001fb0       0x50 build/DFT.o
                0x0000000008001fb0                rdft_bit_reverse_indices
 .text.rdft_real_forward_dft
                0x0000000008002000      0x1a8 build/DFT.o
                0x0000000008002000                rdft_real_forward_dft
 .text.rdft_real_inverse_dft
                0x00000000080021a8      0x384 build/DFT.o
                0x00000000080021a8                rdft_real_inverse_dft
 .text.rdft_real_generalized_autocorrelation
                0x000000000800252c       0xa4 build/DFT.o
                0x000000000800252c                rdft_real_generalized_autocorrelation
 .text.dft_normalize_magnitude
                0x00000000080025d0       0x58 build/DFT.o
                0x00000000080025d0                dft_normalize_magnitude
 .text.dft_init_blackman_window
                0x0000000008002628       0x88 build/DFT.o
                0x0000000008002628                dft_init_blackman_window
 .text.dft_apply_window
                0x00000000080026b0       0x20 build/DFT.o
                0x00000000080026b0                dft_apply_window
 .text.filter_init_bandstop_coeffs
                0x00000000080026d0        0x4 build/Filter.o
                0x00000000080026d0                filter_init_bandstop_coeffs
 .text.filter_init_rect_window
                0x00000000080026d4       0x20 build/Filter.o
                0x00000000080026d4                filter_init_rect_window
 *fill*         0x00000000080026f4        0x4 
 .text.filter_init_lowpass_coeffs
                0x00000000080026f8       0xb0 build/Filter.o
                0x00000000080026f8                filter_init_lowpass_coeffs
 .text.filter_init_highpass_coeffs
                0x00000000080027a8       0xc8 build/Filter.o
                0x00000000080027a8                filter_init_highpass_coeffs
 .text.filter_init_bandpass_coeffs
                0x0000000008002870        0x4 build/Filter.o
                0x0000000008002870                filter_init_bandpass_coeffs
 *fill*         0x0000000008002874        0x4 
 .text.filter_init_hann_window
                0x0000000008002878       0x78 build/Filter.o
                0x0000000008002878                filter_init_hann_window
 .text.filter_init_hamming_window
                0x00000000080028f0       0x88 build/Filter.o
                0x00000000080028f0                filter_init_hamming_window
 .text.filter_init_blackmann_window
                0x0000000008002978       0x90 build/Filter.o
                0x0000000008002978                filter_init_blackmann_window
 .text.filter_destroy
                0x0000000008002a08       0x2c build/Filter.o
                0x0000000008002a08                filter_destroy
 .text.filter_new
                0x0000000008002a34       0x8c build/Filter.o
                0x0000000008002a34                filter_new
 .text.filter_set_sample_rate
                0x0000000008002ac0       0x18 build/Filter.o
                0x0000000008002ac0                filter_set_sample_rate
 .text.filter_set_cutoff
                0x0000000008002ad8       0x18 build/Filter.o
                0x0000000008002ad8                filter_set_cutoff
 .text.filter_set_window_type
                0x0000000008002af0       0x5c build/Filter.o
                0x0000000008002af0                filter_set_window_type
 .text.filter_process_data
                0x0000000008002b4c       0x7c build/Filter.o
                0x0000000008002b4c                filter_process_data
 .text.online_average_new
                0x0000000008002bc8       0x20 build/Statistics.o
                0x0000000008002bc8                online_average_new
 .text.online_average_init
                0x0000000008002be8       0x20 build/Statistics.o
                0x0000000008002be8                online_average_init
 .text.online_average_destroy
                0x0000000008002c08       0x10 build/Statistics.o
                0x0000000008002c08                online_average_destroy
 .text.online_average_mean
                0x0000000008002c18        0x8 build/Statistics.o
                0x0000000008002c18                online_average_mean
 .text.online_average_variance
                0x0000000008002c20        0x8 build/Statistics.o
                0x0000000008002c20                online_average_variance
 .text.online_average_update
                0x0000000008002c28       0x68 build/Statistics.o
                0x0000000008002c28                online_average_update
 .text.moving_average_destroy
                0x0000000008002c90       0x24 build/Statistics.o
                0x0000000008002c90                moving_average_destroy
 .text.moving_average_new
                0x0000000008002cb4       0x78 build/Statistics.o
                0x0000000008002cb4                moving_average_new
 .text.moving_average_update
                0x0000000008002d2c       0x90 build/Statistics.o
                0x0000000008002d2c                moving_average_update
 .text.adaptive_threshold_new
                0x0000000008002dbc       0x80 build/Statistics.o
                0x0000000008002dbc                adaptive_threshold_new
 .text.adaptive_threshold_destroy
                0x0000000008002e3c       0x30 build/Statistics.o
                0x0000000008002e3c                adaptive_threshold_destroy
 *fill*         0x0000000008002e6c        0x4 
 .text.adaptive_threshold_set_smoothing
                0x0000000008002e70       0x38 build/Statistics.o
                0x0000000008002e70                adaptive_threshold_set_smoothing
 .text.adaptive_threshold_set_threshold
                0x0000000008002ea8        0x8 build/Statistics.o
                0x0000000008002ea8                adaptive_threshold_set_threshold
 .text.adaptive_threshold_set_threshold_min
                0x0000000008002eb0        0x8 build/Statistics.o
                0x0000000008002eb0                adaptive_threshold_set_threshold_min
 .text.adaptive_threshold_update
                0x0000000008002eb8       0xe8 build/Statistics.o
                0x0000000008002eb8                adaptive_threshold_update
 .text.stft_destroy
                0x0000000008002fa0       0x34 build/STFT.o
                0x0000000008002fa0                stft_destroy
 .text.stft_new
                0x0000000008002fd4       0x8c build/STFT.o
                0x0000000008002fd4                stft_new
 .text.stft_process
                0x0000000008003060      0x128 build/STFT.o
                0x0000000008003060                stft_process
 .text.stft_get_N
                0x0000000008003188        0x4 build/STFT.o
                0x0000000008003188                stft_get_N
 .text.stft_get_hop
                0x000000000800318c        0x4 build/STFT.o
                0x000000000800318c                stft_get_hop
 .text.Default_Handler
                0x0000000008003190        0x4 build/startup_stm32h750xx.o
                0x0000000008003190                SAI1_IRQHandler
                0x0000000008003190                HASH_RNG_IRQHandler
                0x0000000008003190                EXTI2_IRQHandler
                0x0000000008003190                TIM8_CC_IRQHandler
                0x0000000008003190                HRTIM1_Master_IRQHandler
                0x0000000008003190                DebugMon_Handler
                0x0000000008003190                TIM1_CC_IRQHandler
                0x0000000008003190                BDMA_Channel6_IRQHandler
                0x0000000008003190                DMA2_Stream5_IRQHandler
                0x0000000008003190                HRTIM1_FLT_IRQHandler
                0x0000000008003190                JPEG_IRQHandler
                0x0000000008003190                BDMA_Channel1_IRQHandler
                0x0000000008003190                HRTIM1_TIMD_IRQHandler
                0x0000000008003190                TAMP_STAMP_IRQHandler
                0x0000000008003190                PendSV_Handler
                0x0000000008003190                NMI_Handler
                0x0000000008003190                EXTI3_IRQHandler
                0x0000000008003190                LPTIM4_IRQHandler
                0x0000000008003190                TIM8_TRG_COM_TIM14_IRQHandler
                0x0000000008003190                LPTIM2_IRQHandler
                0x0000000008003190                DFSDM1_FLT1_IRQHandler
                0x0000000008003190                DMAMUX2_OVR_IRQHandler
                0x0000000008003190                TIM8_UP_TIM13_IRQHandler
                0x0000000008003190                I2C3_ER_IRQHandler
                0x0000000008003190                DFSDM1_FLT2_IRQHandler
                0x0000000008003190                MDMA_IRQHandler
                0x0000000008003190                LPTIM3_IRQHandler
                0x0000000008003190                HSEM1_IRQHandler
                0x0000000008003190                EXTI0_IRQHandler
                0x0000000008003190                FPU_IRQHandler
                0x0000000008003190                OTG_HS_WKUP_IRQHandler
                0x0000000008003190                FDCAN1_IT1_IRQHandler
                0x0000000008003190                UsageFault_Handler
                0x0000000008003190                LTDC_ER_IRQHandler
                0x0000000008003190                HRTIM1_TIME_IRQHandler
                0x0000000008003190                TIM6_DAC_IRQHandler
                0x0000000008003190                DCMI_IRQHandler
                0x0000000008003190                HRTIM1_TIMC_IRQHandler
                0x0000000008003190                SAI2_IRQHandler
                0x0000000008003190                DFSDM1_FLT3_IRQHandler
                0x0000000008003190                TIM17_IRQHandler
                0x0000000008003190                CRYP_IRQHandler
                0x0000000008003190                BDMA_Channel7_IRQHandler
                0x0000000008003190                LPTIM5_IRQHandler
                0x0000000008003190                ADC3_IRQHandler
                0x0000000008003190                DMA2_Stream0_IRQHandler
                0x0000000008003190                BDMA_Channel2_IRQHandler
                0x0000000008003190                DMAMUX1_OVR_IRQHandler
                0x0000000008003190                TIM16_IRQHandler
                0x0000000008003190                BDMA_Channel5_IRQHandler
                0x0000000008003190                RCC_IRQHandler
                0x0000000008003190                TIM8_BRK_TIM12_IRQHandler
                0x0000000008003190                TIM1_TRG_COM_IRQHandler
                0x0000000008003190                Default_Handler
                0x0000000008003190                ECC_IRQHandler
                0x0000000008003190                CEC_IRQHandler
                0x0000000008003190                EXTI15_10_IRQHandler
                0x0000000008003190                BDMA_Channel0_IRQHandler
                0x0000000008003190                ADC_IRQHandler
                0x0000000008003190                DMA1_Stream7_IRQHandler
                0x0000000008003190                HRTIM1_TIMA_IRQHandler
                0x0000000008003190                TIM7_IRQHandler
                0x0000000008003190                SDMMC1_IRQHandler
                0x0000000008003190                DMA2_Stream7_IRQHandler
                0x0000000008003190                TIM15_IRQHandler
                0x0000000008003190                PVD_AVD_IRQHandler
                0x0000000008003190                EXTI9_5_IRQHandler
                0x0000000008003190                RTC_WKUP_IRQHandler
                0x0000000008003190                LTDC_IRQHandler
                0x0000000008003190                SAI3_IRQHandler
                0x0000000008003190                ETH_WKUP_IRQHandler
                0x0000000008003190                SPDIF_RX_IRQHandler
                0x0000000008003190                MemManage_Handler
                0x0000000008003190                SVC_Handler
                0x0000000008003190                CRS_IRQHandler
                0x0000000008003190                EXTI4_IRQHandler
                0x0000000008003190                HRTIM1_TIMB_IRQHandler
                0x0000000008003190                FDCAN2_IT1_IRQHandler
                0x0000000008003190                ETH_IRQHandler
                0x0000000008003190                TIM1_UP_IRQHandler
                0x0000000008003190                BDMA_Channel4_IRQHandler
                0x0000000008003190                WWDG_IRQHandler
                0x0000000008003190                SPI6_IRQHandler
                0x0000000008003190                I2C4_EV_IRQHandler
                0x0000000008003190                MDIOS_IRQHandler
                0x0000000008003190                FDCAN2_IT0_IRQHandler
                0x0000000008003190                FDCAN1_IT0_IRQHandler
                0x0000000008003190                OTG_FS_WKUP_IRQHandler
                0x0000000008003190                DMA2D_IRQHandler
                0x0000000008003190                TIM1_BRK_IRQHandler
                0x0000000008003190                EXTI1_IRQHandler
                0x0000000008003190                SDMMC2_IRQHandler
                0x0000000008003190                BDMA_Channel3_IRQHandler
                0x0000000008003190                MDIOS_WKUP_IRQHandler
                0x0000000008003190                DFSDM1_FLT0_IRQHandler
                0x0000000008003190                SAI4_IRQHandler
                0x0000000008003190                I2C2_ER_IRQHandler
                0x0000000008003190                DMA2_Stream1_IRQHandler
                0x0000000008003190                FLASH_IRQHandler
                0x0000000008003190                BusFault_Handler
                0x0000000008003190                WAKEUP_PIN_IRQHandler
                0x0000000008003190                I2C1_ER_IRQHandler
                0x0000000008003190                FMC_IRQHandler
                0x0000000008003190                FDCAN_CAL_IRQHandler
                0x0000000008003190                SWPMI1_IRQHandler
                0x0000000008003190                COMP1_IRQHandler
                0x0000000008003190                LPTIM1_IRQHandler
                0x0000000008003190                I2C4_ER_IRQHandler
                0x0000000008003190                DMA2_Stream6_IRQHandler
                0x0000000008003190                RTC_Alarm_IRQHandler
 .text.Reset_Handler
                0x0000000008003194       0x44 build/startup_stm32h750xx.o
                0x0000000008003194                Reset_Handler
 .text._ZN5daisy9ParameterD2Ev
                0x00000000080031d8        0x4 build/realtime-bpm-detection.o
                0x00000000080031d8                daisy::Parameter::~Parameter()
                0x00000000080031d8                daisy::Parameter::~Parameter()
 .text._ZN5daisy8DaisyPodD2Ev
                0x00000000080031dc        0x4 build/realtime-bpm-detection.o
                0x00000000080031dc                daisy::DaisyPod::~DaisyPod()
                0x00000000080031dc                daisy::DaisyPod::~DaisyPod()
 .text._Z23onset_detected_callbackPvy
                0x00000000080031e0       0x18 build/realtime-bpm-detection.o
                0x00000000080031e0                onset_detected_callback(void*, unsigned long long)
 .text._Z22beat_detected_callbackPvy
                0x00000000080031f8       0x18 build/realtime-bpm-detection.o
                0x00000000080031f8                beat_detected_callback(void*, unsigned long long)
 .text._Z13AudioCallbackPKPKfPPfj
                0x0000000008003210      0x170 build/realtime-bpm-detection.o
                0x0000000008003210                AudioCallback(float const* const*, float**, unsigned int)
 .text.startup.main
                0x0000000008003380      0x270 build/realtime-bpm-detection.o
                0x0000000008003380                main
 .text.startup._GLOBAL__sub_I_hw
                0x00000000080035f0       0x7c build/realtime-bpm-detection.o
 .text._ZN5daisy8DaisyPod10StartAudioEPFvPKPKfPPfjE
                0x000000000800366c        0x4 ../../libDaisy//build/libdaisy.a(daisy_pod.o)
                0x000000000800366c                daisy::DaisyPod::StartAudio(void (*)(float const* const*, float**, unsigned int))
 .text._ZN5daisy8DaisyPod8StartAdcEv
                0x0000000008003670        0x8 ../../libDaisy//build/libdaisy.a(daisy_pod.o)
                0x0000000008003670                daisy::DaisyPod::StartAdc()
 .text._ZN5daisy8DaisyPod21ProcessAnalogControlsEv
                0x0000000008003678       0x18 ../../libDaisy//build/libdaisy.a(daisy_pod.o)
                0x0000000008003678                daisy::DaisyPod::ProcessAnalogControls()
 .text._ZN5daisy8DaisyPod22ProcessDigitalControlsEv
                0x0000000008003690       0x20 ../../libDaisy//build/libdaisy.a(daisy_pod.o)
                0x0000000008003690                daisy::DaisyPod::ProcessDigitalControls()
 .text._ZN5daisy8DaisyPod10UpdateLedsEv
                0x00000000080036b0       0x18 ../../libDaisy//build/libdaisy.a(daisy_pod.o)
                0x00000000080036b0                daisy::DaisyPod::UpdateLeds()
 .text._ZN5daisy8DaisyPod8InitLedsEv
                0x00000000080036c8       0x98 ../../libDaisy//build/libdaisy.a(daisy_pod.o)
                0x00000000080036c8                daisy::DaisyPod::InitLeds()
 .text._ZN5daisy8DaisyPod9InitKnobsEv
                0x0000000008003760       0x90 ../../libDaisy//build/libdaisy.a(daisy_pod.o)
                0x0000000008003760                daisy::DaisyPod::InitKnobs()
 .text._ZN5daisy8DaisyPod4InitEb
                0x00000000080037f0      0x128 ../../libDaisy//build/libdaisy.a(daisy_pod.o)
                0x00000000080037f0                daisy::DaisyPod::Init(bool)
 .text._ZN5daisy9DaisySeed9ConfigureEv
                0x0000000008003918        0x4 ../../libDaisy//build/libdaisy.a(daisy_seed.o)
                0x0000000008003918                daisy::DaisySeed::Configure()
 .text._ZN5daisy9DaisySeed10StartAudioEPFvPKPKfPPfjE
                0x000000000800391c        0x8 ../../libDaisy//build/libdaisy.a(daisy_seed.o)
                0x000000000800391c                daisy::DaisySeed::StartAudio(void (*)(float const* const*, float**, unsigned int))
 .text._ZN5daisy9DaisySeed17SetAudioBlockSizeEj
                0x0000000008003924       0x38 ../../libDaisy//build/libdaisy.a(daisy_seed.o)
                0x0000000008003924                daisy::DaisySeed::SetAudioBlockSize(unsigned int)
 .text._ZNK5daisy9DaisySeed17AudioCallbackRateEv
                0x000000000800395c        0x8 ../../libDaisy//build/libdaisy.a(daisy_seed.o)
                0x000000000800395c                daisy::DaisySeed::AudioCallbackRate() const
 .text._ZN5daisy9DaisySeed17CheckBoardVersionEv
                0x0000000008003964       0x6c ../../libDaisy//build/libdaisy.a(daisy_seed.o)
                0x0000000008003964                daisy::DaisySeed::CheckBoardVersion()
 .text._ZN5daisy9DaisySeed14ConfigureAudioEv
                0x00000000080039d0      0x10c ../../libDaisy//build/libdaisy.a(daisy_seed.o)
                0x00000000080039d0                daisy::DaisySeed::ConfigureAudio()
 .text._ZN5daisy9DaisySeed4InitEb
                0x0000000008003adc      0x108 ../../libDaisy//build/libdaisy.a(daisy_seed.o)
                0x0000000008003adc                daisy::DaisySeed::Init(bool)
 .text._ZN5daisy6Ak45564InitE12dsy_gpio_pin
                0x0000000008003be4       0x44 ../../libDaisy//build/libdaisy.a(codec_ak4556.o)
                0x0000000008003be4                daisy::Ak4556::Init(dsy_gpio_pin)
 .text._ZN5daisy6Wm873120WriteControlRegisterEht
                0x0000000008003c28       0x3c ../../libDaisy//build/libdaisy.a(codec_wm8731.o)
                0x0000000008003c28                daisy::Wm8731::WriteControlRegister(unsigned char, unsigned short)
 .text._ZN5daisy6Wm87314InitERKNS0_6ConfigENS_9I2CHandleE
                0x0000000008003c64      0x1bc ../../libDaisy//build/libdaisy.a(codec_wm8731.o)
                0x0000000008003c64                daisy::Wm8731::Init(daisy::Wm8731::Config const&, daisy::I2CHandle)
 .text._ZN11SdramHandle10DeviceInitEv
                0x0000000008003e20       0x98 ../../libDaisy//build/libdaisy.a(sdram.o)
                0x0000000008003e20                SdramHandle::DeviceInit()
 .text._ZN11SdramHandle4InitEv
                0x0000000008003eb8       0x7c ../../libDaisy//build/libdaisy.a(sdram.o)
                0x0000000008003eb8                SdramHandle::Init()
 .text.HAL_SDRAM_MspInit
                0x0000000008003f34      0x1a8 ../../libDaisy//build/libdaisy.a(sdram.o)
                0x0000000008003f34                HAL_SDRAM_MspInit
 .text._ZN5daisy11AudioHandle4Impl16InternalCallbackEPlS2_j
                0x00000000080040dc      0xbbc ../../libDaisy//build/libdaisy.a(audio.o)
                0x00000000080040dc                daisy::AudioHandle::Impl::InternalCallback(long*, long*, unsigned int)
 .text._ZN5daisy11AudioHandle4InitERKNS0_6ConfigENS_9SaiHandleE
                0x0000000008004c98       0x70 ../../libDaisy//build/libdaisy.a(audio.o)
                0x0000000008004c98                daisy::AudioHandle::Init(daisy::AudioHandle::Config const&, daisy::SaiHandle)
 .text._ZNK5daisy11AudioHandle9GetConfigEv
                0x0000000008004d08        0x8 ../../libDaisy//build/libdaisy.a(audio.o)
                0x0000000008004d08                daisy::AudioHandle::GetConfig() const
 .text._ZN5daisy11AudioHandle12SetBlockSizeEj
                0x0000000008004d10       0x1c ../../libDaisy//build/libdaisy.a(audio.o)
                0x0000000008004d10                daisy::AudioHandle::SetBlockSize(unsigned int)
 .text._ZN5daisy11AudioHandle13GetSampleRateEv
                0x0000000008004d2c        0x8 ../../libDaisy//build/libdaisy.a(audio.o)
                0x0000000008004d2c                daisy::AudioHandle::GetSampleRate()
 .text._ZN5daisy11AudioHandle5StartEPFvPKPKfPPfjE
                0x0000000008004d34       0x44 ../../libDaisy//build/libdaisy.a(audio.o)
                0x0000000008004d34                daisy::AudioHandle::Start(void (*)(float const* const*, float**, unsigned int))
 .text.startup._GLOBAL__sub_I__ZN5daisy11AudioHandle4Impl4InitENS0_6ConfigENS_9SaiHandleE
                0x0000000008004d78       0x24 ../../libDaisy//build/libdaisy.a(audio.o)
 .text._ZN5daisy13AnalogControl4InitEPtfbbf
                0x0000000008004d9c       0x64 ../../libDaisy//build/libdaisy.a(ctrl.o)
                0x0000000008004d9c                daisy::AnalogControl::Init(unsigned short*, float, bool, bool, float)
 .text._ZN5daisy13AnalogControl7ProcessEv
                0x0000000008004e00       0x48 ../../libDaisy//build/libdaisy.a(ctrl.o)
                0x0000000008004e00                daisy::AnalogControl::Process()
 .text._ZN5daisy13AnalogControl13SetSampleRateEf
                0x0000000008004e48       0x58 ../../libDaisy//build/libdaisy.a(ctrl.o)
                0x0000000008004e48                daisy::AnalogControl::SetSampleRate(float)
 .text._ZN5daisy7Encoder4InitE12dsy_gpio_pinS1_S1_f
                0x0000000008004ea0       0x60 ../../libDaisy//build/libdaisy.a(encoder.o)
                0x0000000008004ea0                daisy::Encoder::Init(dsy_gpio_pin, dsy_gpio_pin, dsy_gpio_pin, float)
 .text._ZN5daisy7Encoder8DebounceEv
                0x0000000008004f00       0x7c ../../libDaisy//build/libdaisy.a(encoder.o)
                0x0000000008004f00                daisy::Encoder::Debounce()
 .text._ZN5daisy17MidiUartTransport6ConfigC2Ev
                0x0000000008004f7c       0x28 ../../libDaisy//build/libdaisy.a(midi.o)
                0x0000000008004f7c                daisy::MidiUartTransport::Config::Config()
                0x0000000008004f7c                daisy::MidiUartTransport::Config::Config()
 .text._ZN5daisy10MidiParser5ResetEv
                0x0000000008004fa4        0xc ../../libDaisy//build/libdaisy.a(midi_parser.o)
                0x0000000008004fa4                daisy::MidiParser::Reset()
 .text._ZN5daisy9Parameter4InitENS_13AnalogControlEffNS0_5CurveE
                0x0000000008004fb0       0x60 ../../libDaisy//build/libdaisy.a(parameter.o)
                0x0000000008004fb0                daisy::Parameter::Init(daisy::AnalogControl, float, float, daisy::Parameter::Curve)
 .text._ZN5daisy6RgbLed4InitE12dsy_gpio_pinS1_S1_b
                0x0000000008005010       0x50 ../../libDaisy//build/libdaisy.a(rgb_led.o)
                0x0000000008005010                daisy::RgbLed::Init(dsy_gpio_pin, dsy_gpio_pin, dsy_gpio_pin, bool)
 .text._ZN5daisy6RgbLed3SetEfff
                0x0000000008005060       0x34 ../../libDaisy//build/libdaisy.a(rgb_led.o)
                0x0000000008005060                daisy::RgbLed::Set(float, float, float)
 .text._ZN5daisy6RgbLed8SetColorENS_5ColorE
                0x0000000008005094       0x2c ../../libDaisy//build/libdaisy.a(rgb_led.o)
                0x0000000008005094                daisy::RgbLed::SetColor(daisy::Color)
 .text._ZN5daisy6RgbLed6UpdateEv
                0x00000000080050c0       0x1c ../../libDaisy//build/libdaisy.a(rgb_led.o)
                0x00000000080050c0                daisy::RgbLed::Update()
 .text._ZN5daisy6Switch4InitE12dsy_gpio_pinf
                0x00000000080050dc       0x34 ../../libDaisy//build/libdaisy.a(switch.o)
                0x00000000080050dc                daisy::Switch::Init(dsy_gpio_pin, float)
 .text._ZN5daisy6Switch8DebounceEv
                0x0000000008005110       0x5c ../../libDaisy//build/libdaisy.a(switch.o)
                0x0000000008005110                daisy::Switch::Debounce()
 .text.DummyRxCallback
                0x000000000800516c        0x4 ../../libDaisy//build/libdaisy.a(usb.o)
                0x000000000800516c                DummyRxCallback
 .text._ZN5daisy9UsbHandle4InitENS0_9UsbPeriphE
                0x0000000008005170      0x10c ../../libDaisy//build/libdaisy.a(usb.o)
                0x0000000008005170                daisy::UsbHandle::Init(daisy::UsbHandle::UsbPeriph)
 .text._ZN5daisy9UsbHandle16TransmitInternalEPhj
                0x000000000800527c       0x14 ../../libDaisy//build/libdaisy.a(usb.o)
                0x000000000800527c                daisy::UsbHandle::TransmitInternal(unsigned char*, unsigned int)
 .text.OTG_FS_EP1_OUT_IRQHandler
                0x0000000008005290        0xc ../../libDaisy//build/libdaisy.a(usb.o)
                0x0000000008005290                OTG_FS_EP1_OUT_IRQHandler
 .text.OTG_FS_EP1_IN_IRQHandler
                0x000000000800529c        0xc ../../libDaisy//build/libdaisy.a(usb.o)
                0x000000000800529c                OTG_FS_EP1_IN_IRQHandler
 .text.OTG_FS_IRQHandler
                0x00000000080052a8        0xc ../../libDaisy//build/libdaisy.a(usb.o)
                0x00000000080052a8                OTG_FS_IRQHandler
 .text._ZN5daisy16AdcChannelConfig10InitSingleE12dsy_gpio_pinNS0_15ConversionSpeedE
                0x00000000080052b4       0x28 ../../libDaisy//build/libdaisy.a(adc.o)
                0x00000000080052b4                daisy::AdcChannelConfig::InitSingle(dsy_gpio_pin, daisy::AdcChannelConfig::ConversionSpeed)
 .text._ZN5daisy9AdcHandle4InitEPNS_16AdcChannelConfigEjNS0_12OverSamplingE
                0x00000000080052dc      0x41c ../../libDaisy//build/libdaisy.a(adc.o)
                0x00000000080052dc                daisy::AdcHandle::Init(daisy::AdcChannelConfig*, unsigned int, daisy::AdcHandle::OverSampling)
 .text._ZN5daisy9AdcHandle5StartEv
                0x00000000080056f8       0x2c ../../libDaisy//build/libdaisy.a(adc.o)
                0x00000000080056f8                daisy::AdcHandle::Start()
 .text._ZNK5daisy9AdcHandle6GetPtrEh
                0x0000000008005724       0x14 ../../libDaisy//build/libdaisy.a(adc.o)
                0x0000000008005724                daisy::AdcHandle::GetPtr(unsigned char) const
 .text.HAL_ADC_MspInit
                0x0000000008005738       0x98 ../../libDaisy//build/libdaisy.a(adc.o)
                0x0000000008005738                HAL_ADC_MspInit
 .text.DMA1_Stream2_IRQHandler
                0x00000000080057d0        0xc ../../libDaisy//build/libdaisy.a(adc.o)
                0x00000000080057d0                DMA1_Stream2_IRQHandler
 .text.HAL_ADC_ConvCpltCallback
                0x00000000080057dc      0x148 ../../libDaisy//build/libdaisy.a(adc.o)
                0x00000000080057dc                HAL_ADC_ConvCpltCallback
 .text.HAL_ADC_ErrorCallback
                0x0000000008005924        0x4 ../../libDaisy//build/libdaisy.a(adc.o)
                0x0000000008005924                HAL_ADC_ErrorCallback
 .text._ZN5daisy4GPIO4InitENS_3PinENS0_4ModeENS0_4PullENS0_5SpeedE
                0x0000000008005928      0x1cc ../../libDaisy//build/libdaisy.a(gpio.o)
                0x0000000008005928                daisy::GPIO::Init(daisy::Pin, daisy::GPIO::Mode, daisy::GPIO::Pull, daisy::GPIO::Speed)
 .text._ZN5daisy4GPIO4ReadEv
                0x0000000008005af4       0x18 ../../libDaisy//build/libdaisy.a(gpio.o)
                0x0000000008005af4                daisy::GPIO::Read()
 .text._ZN5daisy4GPIO5WriteEb
                0x0000000008005b0c       0x14 ../../libDaisy//build/libdaisy.a(gpio.o)
                0x0000000008005b0c                daisy::GPIO::Write(bool)
 .text.dsy_gpio_init
                0x0000000008005b20      0x1b8 ../../libDaisy//build/libdaisy.a(gpio.o)
                0x0000000008005b20                dsy_gpio_init
 .text.dsy_gpio_read
                0x0000000008005cd8       0x1c ../../libDaisy//build/libdaisy.a(gpio.o)
                0x0000000008005cd8                dsy_gpio_read
 .text.dsy_gpio_write
                0x0000000008005cf4       0x24 ../../libDaisy//build/libdaisy.a(gpio.o)
                0x0000000008005cf4                dsy_gpio_write
 .text._ZN5daisy9I2CHandle4Impl8InitPinsEv
                0x0000000008005d18       0x58 ../../libDaisy//build/libdaisy.a(i2c.o)
                0x0000000008005d18                daisy::I2CHandle::Impl::InitPins()
 .text.HAL_I2C_MspInit
                0x0000000008005d70      0x1b4 ../../libDaisy//build/libdaisy.a(i2c.o)
                0x0000000008005d70                HAL_I2C_MspInit
 .text.dsy_i2c_global_init
                0x0000000008005f24       0x78 ../../libDaisy//build/libdaisy.a(i2c.o)
                0x0000000008005f24                dsy_i2c_global_init
 .text.DMA1_Stream6_IRQHandler
                0x0000000008005f9c       0x34 ../../libDaisy//build/libdaisy.a(i2c.o)
                0x0000000008005f9c                DMA1_Stream6_IRQHandler
 .text.I2C1_EV_IRQHandler
                0x0000000008005fd0        0xc ../../libDaisy//build/libdaisy.a(i2c.o)
                0x0000000008005fd0                I2C1_EV_IRQHandler
 .text.I2C2_EV_IRQHandler
                0x0000000008005fdc        0xc ../../libDaisy//build/libdaisy.a(i2c.o)
                0x0000000008005fdc                I2C2_EV_IRQHandler
 .text.I2C3_EV_IRQHandler
                0x0000000008005fe8        0xc ../../libDaisy//build/libdaisy.a(i2c.o)
                0x0000000008005fe8                I2C3_EV_IRQHandler
 .text._ZN5daisy9I2CHandle4InitERKNS0_6ConfigE
                0x0000000008005ff4      0x12c ../../libDaisy//build/libdaisy.a(i2c.o)
                0x0000000008005ff4                daisy::I2CHandle::Init(daisy::I2CHandle::Config const&)
 .text._ZN5daisy9I2CHandle16TransmitBlockingEtPhtm
                0x0000000008006120       0x50 ../../libDaisy//build/libdaisy.a(i2c.o)
                0x0000000008006120                daisy::I2CHandle::TransmitBlocking(unsigned short, unsigned char*, unsigned short, unsigned long)
 .text.startup._GLOBAL__sub_I__ZN5daisy9I2CHandle4Impl10GlobalInitEv
                0x0000000008006170       0x18 ../../libDaisy//build/libdaisy.a(i2c.o)
 .text._ZN5daisy10QSPIHandle4Impl11WriteEnableEv
                0x0000000008006188       0x8c ../../libDaisy//build/libdaisy.a(qspi.o)
                0x0000000008006188                daisy::QSPIHandle::Impl::WriteEnable()
 *fill*         0x0000000008006214        0x4 
 .text._ZN5daisy10QSPIHandle4Impl17DummyCyclesConfigENS0_6Config6DeviceE
                0x0000000008006218      0x118 ../../libDaisy//build/libdaisy.a(qspi.o)
                0x0000000008006218                daisy::QSPIHandle::Impl::DummyCyclesConfig(daisy::QSPIHandle::Config::Device)
 .text._ZN5daisy10QSPIHandle4Impl10QuadEnableEv
                0x0000000008006330      0x158 ../../libDaisy//build/libdaisy.a(qspi.o)
                0x0000000008006330                daisy::QSPIHandle::Impl::QuadEnable()
 .text._ZN5daisy10QSPIHandle4InitERKNS0_6ConfigE
                0x0000000008006488      0x198 ../../libDaisy//build/libdaisy.a(qspi.o)
                0x0000000008006488                daisy::QSPIHandle::Init(daisy::QSPIHandle::Config const&)
 .text.HAL_QSPI_MspInit
                0x0000000008006620      0x11c ../../libDaisy//build/libdaisy.a(qspi.o)
                0x0000000008006620                HAL_QSPI_MspInit
 .text.HAL_QSPI_MspDeInit
                0x000000000800673c       0x54 ../../libDaisy//build/libdaisy.a(qspi.o)
                0x000000000800673c                HAL_QSPI_MspDeInit
 .text.QUADSPI_IRQHandler
                0x0000000008006790        0xc ../../libDaisy//build/libdaisy.a(qspi.o)
                0x0000000008006790                QUADSPI_IRQHandler
 .text.startup._GLOBAL__sub_I__ZN5daisy10QSPIHandle4Impl4InitERKNS0_6ConfigE
                0x000000000800679c       0x28 ../../libDaisy//build/libdaisy.a(qspi.o)
 .text._ZN5daisy9SaiHandle4Impl7InitDmaENS1_15PeripheralBlockE
                0x00000000080067c4       0xa0 ../../libDaisy//build/libdaisy.a(sai.o)
                0x00000000080067c4                daisy::SaiHandle::Impl::InitDma(daisy::SaiHandle::Impl::PeripheralBlock)
 .text._ZN5daisy9SaiHandle4Impl8InitPinsEv
                0x0000000008006864       0xa8 ../../libDaisy//build/libdaisy.a(sai.o)
                0x0000000008006864                daisy::SaiHandle::Impl::InitPins()
 .text.HAL_SAI_MspInit
                0x000000000800690c      0x164 ../../libDaisy//build/libdaisy.a(sai.o)
                0x000000000800690c                HAL_SAI_MspInit
 .text.DMA1_Stream0_IRQHandler
                0x0000000008006a70        0xc ../../libDaisy//build/libdaisy.a(sai.o)
                0x0000000008006a70                DMA1_Stream0_IRQHandler
 .text.DMA1_Stream1_IRQHandler
                0x0000000008006a7c        0xc ../../libDaisy//build/libdaisy.a(sai.o)
                0x0000000008006a7c                DMA1_Stream1_IRQHandler
 .text.DMA1_Stream3_IRQHandler
                0x0000000008006a88        0xc ../../libDaisy//build/libdaisy.a(sai.o)
                0x0000000008006a88                DMA1_Stream3_IRQHandler
 .text.DMA1_Stream4_IRQHandler
                0x0000000008006a94        0xc ../../libDaisy//build/libdaisy.a(sai.o)
                0x0000000008006a94                DMA1_Stream4_IRQHandler
 .text.HAL_SAI_RxHalfCpltCallback
                0x0000000008006aa0       0x78 ../../libDaisy//build/libdaisy.a(sai.o)
                0x0000000008006aa0                HAL_SAI_RxHalfCpltCallback
 .text.HAL_SAI_RxCpltCallback
                0x0000000008006b18       0x70 ../../libDaisy//build/libdaisy.a(sai.o)
                0x0000000008006b18                HAL_SAI_RxCpltCallback
 .text._ZN5daisy9SaiHandle4InitERKNS0_6ConfigE
                0x0000000008006b88      0x1f0 ../../libDaisy//build/libdaisy.a(sai.o)
                0x0000000008006b88                daisy::SaiHandle::Init(daisy::SaiHandle::Config const&)
 .text._ZNK5daisy9SaiHandle9GetConfigEv
                0x0000000008006d78        0x4 ../../libDaisy//build/libdaisy.a(sai.o)
                0x0000000008006d78                daisy::SaiHandle::GetConfig() const
 .text._ZN5daisy9SaiHandle8StartDmaEPlS1_jPFvS1_S1_jE
                0x0000000008006d7c       0xbc ../../libDaisy//build/libdaisy.a(sai.o)
                0x0000000008006d7c                daisy::SaiHandle::StartDma(long*, long*, unsigned int, void (*)(long*, long*, unsigned int))
 .text._ZN5daisy9SaiHandle13GetSampleRateEv
                0x0000000008006e38       0x24 ../../libDaisy//build/libdaisy.a(sai.o)
                0x0000000008006e38                daisy::SaiHandle::GetSampleRate()
 .text._ZNK5daisy9SaiHandle9GetOffsetEv
                0x0000000008006e5c        0x8 ../../libDaisy//build/libdaisy.a(sai.o)
                0x0000000008006e5c                daisy::SaiHandle::GetOffset() const
 .text._ZL20UART_CheckRxListenerPN5daisy11UartHandler4ImplE
                0x0000000008006e64       0x84 ../../libDaisy//build/libdaisy.a(uart.o)
 .text._ZN5daisy11UartHandler4Impl10StartDmaTxEPhjPFvPvEPFvS3_NS0_6ResultEES3_
                0x0000000008006ee8      0x184 ../../libDaisy//build/libdaisy.a(uart.o)
                0x0000000008006ee8                daisy::UartHandler::Impl::StartDmaTx(unsigned char*, unsigned int, void (*)(void*), void (*)(void*, daisy::UartHandler::Result), void*)
 .text._ZN5daisy11UartHandler4Impl10StartDmaRxEPhjPFvPvEPFvS3_NS0_6ResultEES3_
                0x000000000800706c      0x184 ../../libDaisy//build/libdaisy.a(uart.o)
                0x000000000800706c                daisy::UartHandler::Impl::StartDmaRx(unsigned char*, unsigned int, void (*)(void*), void (*)(void*, daisy::UartHandler::Result), void*)
 .text._ZN5daisy11UartHandler4Impl19DmaTransferFinishedEP20__UART_HandleTypeDefNS0_6ResultE
                0x00000000080071f0       0xc0 ../../libDaisy//build/libdaisy.a(uart.o)
                0x00000000080071f0                daisy::UartHandler::Impl::DmaTransferFinished(__UART_HandleTypeDef*, daisy::UartHandler::Result)
 .text._ZN5daisy11UartHandler4Impl8InitPinsEv
                0x00000000080072b0      0x154 ../../libDaisy//build/libdaisy.a(uart.o)
                0x00000000080072b0                daisy::UartHandler::Impl::InitPins()
 .text.HAL_UART_MspInit
                0x0000000008007404      0x210 ../../libDaisy//build/libdaisy.a(uart.o)
                0x0000000008007404                HAL_UART_MspInit
 .text.dsy_uart_global_init
                0x0000000008007614       0xfc ../../libDaisy//build/libdaisy.a(uart.o)
                0x0000000008007614                dsy_uart_global_init
 .text.USART1_IRQHandler
                0x0000000008007710       0x2c ../../libDaisy//build/libdaisy.a(uart.o)
                0x0000000008007710                USART1_IRQHandler
 .text.USART2_IRQHandler
                0x000000000800773c       0x34 ../../libDaisy//build/libdaisy.a(uart.o)
                0x000000000800773c                USART2_IRQHandler
 .text.USART3_IRQHandler
                0x0000000008007770       0x34 ../../libDaisy//build/libdaisy.a(uart.o)
                0x0000000008007770                USART3_IRQHandler
 .text.UART4_IRQHandler
                0x00000000080077a4       0x34 ../../libDaisy//build/libdaisy.a(uart.o)
                0x00000000080077a4                UART4_IRQHandler
 .text.UART5_IRQHandler
                0x00000000080077d8       0x34 ../../libDaisy//build/libdaisy.a(uart.o)
                0x00000000080077d8                UART5_IRQHandler
 .text.USART6_IRQHandler
                0x000000000800780c       0x34 ../../libDaisy//build/libdaisy.a(uart.o)
                0x000000000800780c                USART6_IRQHandler
 .text.UART7_IRQHandler
                0x0000000008007840       0x34 ../../libDaisy//build/libdaisy.a(uart.o)
                0x0000000008007840                UART7_IRQHandler
 .text.UART8_IRQHandler
                0x0000000008007874       0x34 ../../libDaisy//build/libdaisy.a(uart.o)
                0x0000000008007874                UART8_IRQHandler
 .text.LPUART1_IRQHandler
                0x00000000080078a8       0x34 ../../libDaisy//build/libdaisy.a(uart.o)
                0x00000000080078a8                LPUART1_IRQHandler
 .text.DMA1_Stream5_IRQHandler
                0x00000000080078dc       0x34 ../../libDaisy//build/libdaisy.a(uart.o)
                0x00000000080078dc                DMA1_Stream5_IRQHandler
 .text.DMA2_Stream4_IRQHandler
                0x0000000008007910       0x38 ../../libDaisy//build/libdaisy.a(uart.o)
                0x0000000008007910                DMA2_Stream4_IRQHandler
 .text.HAL_UART_TxCpltCallback
                0x0000000008007948        0x8 ../../libDaisy//build/libdaisy.a(uart.o)
                0x0000000008007948                HAL_UART_TxCpltCallback
 .text.HAL_UART_RxCpltCallback
                0x0000000008007950       0x94 ../../libDaisy//build/libdaisy.a(uart.o)
                0x0000000008007950                HAL_UART_RxCpltCallback
 .text.HAL_UART_RxHalfCpltCallback
                0x00000000080079e4       0x90 ../../libDaisy//build/libdaisy.a(uart.o)
                0x00000000080079e4                HAL_UART_RxHalfCpltCallback
 .text.HAL_UART_ErrorCallback
                0x0000000008007a74        0x8 ../../libDaisy//build/libdaisy.a(uart.o)
                0x0000000008007a74                HAL_UART_ErrorCallback
 .text._ZN5daisy11UartHandler4InitERKNS0_6ConfigE
                0x0000000008007a7c       0xd4 ../../libDaisy//build/libdaisy.a(uart.o)
                0x0000000008007a7c                daisy::UartHandler::Init(daisy::UartHandler::Config const&)
 .text.startup._GLOBAL__sub_I__Z19MapInstanceToHandleP13USART_TypeDef
                0x0000000008007b50      0x194 ../../libDaisy//build/libdaisy.a(uart.o)
 .text.dsy_dma_init
                0x0000000008007ce4      0x100 ../../libDaisy//build/libdaisy.a(dma.o)
                0x0000000008007ce4                dsy_dma_init
 .text.dsy_dma_invalidate_cache_for_buffer
                0x0000000008007de4       0x2c ../../libDaisy//build/libdaisy.a(dma.o)
                0x0000000008007de4                dsy_dma_invalidate_cache_for_buffer
 .text._ZN5daisy11TimerHandleD2Ev
                0x0000000008007e10        0x4 ../../libDaisy//build/libdaisy.a(system.o)
                0x0000000008007e10                daisy::TimerHandle::~TimerHandle()
                0x0000000008007e10                daisy::TimerHandle::~TimerHandle()
 .text.SysTick_Handler
                0x0000000008007e14       0x10 ../../libDaisy//build/libdaisy.a(system.o)
                0x0000000008007e14                SysTick_Handler
 .text.OTG_HS_EP1_OUT_IRQHandler
                0x0000000008007e24       0x24 ../../libDaisy//build/libdaisy.a(system.o)
                0x0000000008007e24                OTG_HS_EP1_OUT_IRQHandler
 .text.OTG_HS_EP1_IN_IRQHandler
                0x0000000008007e48       0x24 ../../libDaisy//build/libdaisy.a(system.o)
                0x0000000008007e48                OTG_HS_EP1_IN_IRQHandler
 .text.OTG_HS_IRQHandler
                0x0000000008007e6c       0x24 ../../libDaisy//build/libdaisy.a(system.o)
                0x0000000008007e6c                OTG_HS_IRQHandler
 .text.HardFault_Handler
                0x0000000008007e90       0xe0 ../../libDaisy//build/libdaisy.a(system.o)
                0x0000000008007e90                HardFault_Handler
 .text._ZN5daisy6System6GetNowEv
                0x0000000008007f70        0x4 ../../libDaisy//build/libdaisy.a(system.o)
                0x0000000008007f70                daisy::System::GetNow()
 .text._ZN5daisy6System5DelayEm
                0x0000000008007f74        0x4 ../../libDaisy//build/libdaisy.a(system.o)
                0x0000000008007f74                daisy::System::Delay(unsigned long)
 .text._ZN5daisy6System20GetBootloaderVersionEv
                0x0000000008007f78       0x34 ../../libDaisy//build/libdaisy.a(system.o)
                0x0000000008007f78                daisy::System::GetBootloaderVersion()
 .text._ZN5daisy6System15ConfigureClocksEv
                0x0000000008007fac      0x194 ../../libDaisy//build/libdaisy.a(system.o)
                0x0000000008007fac                daisy::System::ConfigureClocks()
 .text._ZN5daisy6System12ConfigureMpuEv
                0x0000000008008140       0x7c ../../libDaisy//build/libdaisy.a(system.o)
                0x0000000008008140                daisy::System::ConfigureMpu()
 .text._ZN5daisy6System4InitERKNS0_6ConfigE
                0x00000000080081bc       0xec ../../libDaisy//build/libdaisy.a(system.o)
                0x00000000080081bc                daisy::System::Init(daisy::System::Config const&)
 .text._ZN5daisy6System12GetPClk1FreqEv
                0x00000000080082a8        0x4 ../../libDaisy//build/libdaisy.a(system.o)
                0x00000000080082a8                daisy::System::GetPClk1Freq()
 .text._ZN5daisy6System22GetProgramMemoryRegionEv
                0x00000000080082ac       0x78 ../../libDaisy//build/libdaisy.a(system.o)
                0x00000000080082ac                daisy::System::GetProgramMemoryRegion()
 .text.startup._GLOBAL__sub_I__ZN5daisy9boot_infoE
                0x0000000008008324       0x1c ../../libDaisy//build/libdaisy.a(system.o)
 .text.SystemInit
                0x0000000008008340       0x9c ../../libDaisy//build/libdaisy.a(system_stm32h7xx.o)
                0x0000000008008340                SystemInit
 .text.dummy_rx_callback
                0x00000000080083dc        0x4 ../../libDaisy//build/libdaisy.a(usbd_cdc_if.o)
                0x00000000080083dc                dummy_rx_callback
 .text.CDC_DeInit_FS
                0x00000000080083e0        0x4 ../../libDaisy//build/libdaisy.a(usbd_cdc_if.o)
 .text.CDC_Receive_FS
                0x00000000080083e4       0x2c ../../libDaisy//build/libdaisy.a(usbd_cdc_if.o)
 .text.CDC_Receive_HS
                0x0000000008008410       0x2c ../../libDaisy//build/libdaisy.a(usbd_cdc_if.o)
 .text.CDC_Init_FS
                0x000000000800843c       0x3c ../../libDaisy//build/libdaisy.a(usbd_cdc_if.o)
 .text.CDC_Init_HS
                0x0000000008008478       0x3c ../../libDaisy//build/libdaisy.a(usbd_cdc_if.o)
 .text.CDC_Control_FS
                0x00000000080084b4       0x34 ../../libDaisy//build/libdaisy.a(usbd_cdc_if.o)
 .text.CDC_Control_HS
                0x00000000080084e8       0x34 ../../libDaisy//build/libdaisy.a(usbd_cdc_if.o)
 .text.CDC_DeInit_HS
                0x000000000800851c        0x4 ../../libDaisy//build/libdaisy.a(usbd_cdc_if.o)
 .text.CDC_Transmit_FS
                0x0000000008008520       0x2c ../../libDaisy//build/libdaisy.a(usbd_cdc_if.o)
                0x0000000008008520                CDC_Transmit_FS
 .text.HAL_PCD_MspInit
                0x000000000800854c      0x144 ../../libDaisy//build/libdaisy.a(usbd_conf.o)
                0x000000000800854c                HAL_PCD_MspInit
 .text.HAL_PCD_SetupStageCallback
                0x0000000008008690        0xc ../../libDaisy//build/libdaisy.a(usbd_conf.o)
                0x0000000008008690                HAL_PCD_SetupStageCallback
 .text.HAL_PCD_DataOutStageCallback
                0x000000000800869c       0x14 ../../libDaisy//build/libdaisy.a(usbd_conf.o)
                0x000000000800869c                HAL_PCD_DataOutStageCallback
 .text.HAL_PCD_DataInStageCallback
                0x00000000080086b0       0x14 ../../libDaisy//build/libdaisy.a(usbd_conf.o)
                0x00000000080086b0                HAL_PCD_DataInStageCallback
 .text.HAL_PCD_SOFCallback
                0x00000000080086c4        0x8 ../../libDaisy//build/libdaisy.a(usbd_conf.o)
                0x00000000080086c4                HAL_PCD_SOFCallback
 .text.HAL_PCD_ResetCallback
                0x00000000080086cc       0x24 ../../libDaisy//build/libdaisy.a(usbd_conf.o)
                0x00000000080086cc                HAL_PCD_ResetCallback
 .text.HAL_PCD_SuspendCallback
                0x00000000080086f0       0x30 ../../libDaisy//build/libdaisy.a(usbd_conf.o)
                0x00000000080086f0                HAL_PCD_SuspendCallback
 .text.HAL_PCD_ResumeCallback
                0x0000000008008720        0x8 ../../libDaisy//build/libdaisy.a(usbd_conf.o)
                0x0000000008008720                HAL_PCD_ResumeCallback
 .text.HAL_PCD_ISOOUTIncompleteCallback
                0x0000000008008728        0x8 ../../libDaisy//build/libdaisy.a(usbd_conf.o)
                0x0000000008008728                HAL_PCD_ISOOUTIncompleteCallback
 .text.HAL_PCD_ISOINIncompleteCallback
                0x0000000008008730        0x8 ../../libDaisy//build/libdaisy.a(usbd_conf.o)
                0x0000000008008730                HAL_PCD_ISOINIncompleteCallback
 .text.HAL_PCD_ConnectCallback
                0x0000000008008738        0x8 ../../libDaisy//build/libdaisy.a(usbd_conf.o)
                0x0000000008008738                HAL_PCD_ConnectCallback
 .text.HAL_PCD_DisconnectCallback
                0x0000000008008740        0x8 ../../libDaisy//build/libdaisy.a(usbd_conf.o)
                0x0000000008008740                HAL_PCD_DisconnectCallback
 .text.USBD_LL_Init
                0x0000000008008748       0xe4 ../../libDaisy//build/libdaisy.a(usbd_conf.o)
                0x0000000008008748                USBD_LL_Init
 .text.USBD_LL_Start
                0x000000000800882c       0x1c ../../libDaisy//build/libdaisy.a(usbd_conf.o)
                0x000000000800882c                USBD_LL_Start
 .text.USBD_LL_OpenEP
                0x0000000008008848       0x24 ../../libDaisy//build/libdaisy.a(usbd_conf.o)
                0x0000000008008848                USBD_LL_OpenEP
 .text.USBD_LL_CloseEP
                0x000000000800886c       0x1c ../../libDaisy//build/libdaisy.a(usbd_conf.o)
                0x000000000800886c                USBD_LL_CloseEP
 .text.USBD_LL_StallEP
                0x0000000008008888       0x1c ../../libDaisy//build/libdaisy.a(usbd_conf.o)
                0x0000000008008888                USBD_LL_StallEP
 .text.USBD_LL_ClearStallEP
                0x00000000080088a4       0x1c ../../libDaisy//build/libdaisy.a(usbd_conf.o)
                0x00000000080088a4                USBD_LL_ClearStallEP
 .text.USBD_LL_IsStallEP
                0x00000000080088c0       0x28 ../../libDaisy//build/libdaisy.a(usbd_conf.o)
                0x00000000080088c0                USBD_LL_IsStallEP
 .text.USBD_LL_SetUSBAddress
                0x00000000080088e8       0x1c ../../libDaisy//build/libdaisy.a(usbd_conf.o)
                0x00000000080088e8                USBD_LL_SetUSBAddress
 .text.USBD_LL_Transmit
                0x0000000008008904       0x1c ../../libDaisy//build/libdaisy.a(usbd_conf.o)
                0x0000000008008904                USBD_LL_Transmit
 .text.USBD_LL_PrepareReceive
                0x0000000008008920       0x1c ../../libDaisy//build/libdaisy.a(usbd_conf.o)
                0x0000000008008920                USBD_LL_PrepareReceive
 .text.USBD_LL_GetRxDataSize
                0x000000000800893c        0x8 ../../libDaisy//build/libdaisy.a(usbd_conf.o)
                0x000000000800893c                USBD_LL_GetRxDataSize
 .text.USBD_HS_DeviceDescriptor
                0x0000000008008944        0xc ../../libDaisy//build/libdaisy.a(usbd_desc.o)
                0x0000000008008944                USBD_HS_DeviceDescriptor
 .text.USBD_FS_DeviceDescriptor
                0x0000000008008950        0xc ../../libDaisy//build/libdaisy.a(usbd_desc.o)
                0x0000000008008950                USBD_FS_DeviceDescriptor
 .text.USBD_FS_LangIDStrDescriptor
                0x000000000800895c        0xc ../../libDaisy//build/libdaisy.a(usbd_desc.o)
                0x000000000800895c                USBD_FS_LangIDStrDescriptor
 .text.USBD_FS_ManufacturerStrDescriptor
                0x0000000008008968       0x1c ../../libDaisy//build/libdaisy.a(usbd_desc.o)
                0x0000000008008968                USBD_FS_ManufacturerStrDescriptor
 .text.USBD_HS_ProductStrDescriptor
                0x0000000008008984       0x1c ../../libDaisy//build/libdaisy.a(usbd_desc.o)
                0x0000000008008984                USBD_HS_ProductStrDescriptor
 .text.USBD_FS_ConfigStrDescriptor
                0x00000000080089a0       0x1c ../../libDaisy//build/libdaisy.a(usbd_desc.o)
                0x00000000080089a0                USBD_FS_ConfigStrDescriptor
 .text.USBD_FS_InterfaceStrDescriptor
                0x00000000080089bc       0x1c ../../libDaisy//build/libdaisy.a(usbd_desc.o)
                0x00000000080089bc                USBD_FS_InterfaceStrDescriptor
 .text.USBD_FS_ProductStrDescriptor
                0x00000000080089d8       0x1c ../../libDaisy//build/libdaisy.a(usbd_desc.o)
                0x00000000080089d8                USBD_FS_ProductStrDescriptor
 .text.USBD_HS_LangIDStrDescriptor
                0x00000000080089f4        0xc ../../libDaisy//build/libdaisy.a(usbd_desc.o)
                0x00000000080089f4                USBD_HS_LangIDStrDescriptor
 .text.USBD_HS_ManufacturerStrDescriptor
                0x0000000008008a00       0x1c ../../libDaisy//build/libdaisy.a(usbd_desc.o)
                0x0000000008008a00                USBD_HS_ManufacturerStrDescriptor
 .text.USBD_FS_SerialStrDescriptor
                0x0000000008008a1c      0x124 ../../libDaisy//build/libdaisy.a(usbd_desc.o)
                0x0000000008008a1c                USBD_FS_SerialStrDescriptor
 .text.USBD_HS_SerialStrDescriptor
                0x0000000008008b40      0x124 ../../libDaisy//build/libdaisy.a(usbd_desc.o)
                0x0000000008008b40                USBD_HS_SerialStrDescriptor
 .text.USBD_HS_InterfaceStrDescriptor
                0x0000000008008c64       0x1c ../../libDaisy//build/libdaisy.a(usbd_desc.o)
                0x0000000008008c64                USBD_HS_InterfaceStrDescriptor
 .text.USBD_HS_ConfigStrDescriptor
                0x0000000008008c80       0x1c ../../libDaisy//build/libdaisy.a(usbd_desc.o)
                0x0000000008008c80                USBD_HS_ConfigStrDescriptor
 .text.HAL_HCD_SOF_Callback
                0x0000000008008c9c        0x8 ../../libDaisy//build/libdaisy.a(usbh_conf.o)
                0x0000000008008c9c                HAL_HCD_SOF_Callback
 .text.HAL_HCD_Connect_Callback
                0x0000000008008ca4        0x8 ../../libDaisy//build/libdaisy.a(usbh_conf.o)
                0x0000000008008ca4                HAL_HCD_Connect_Callback
 .text.HAL_HCD_Disconnect_Callback
                0x0000000008008cac        0x8 ../../libDaisy//build/libdaisy.a(usbh_conf.o)
                0x0000000008008cac                HAL_HCD_Disconnect_Callback
 .text.HAL_HCD_HC_NotifyURBChange_Callback
                0x0000000008008cb4        0x4 ../../libDaisy//build/libdaisy.a(usbh_conf.o)
                0x0000000008008cb4                HAL_HCD_HC_NotifyURBChange_Callback
 .text.HAL_HCD_PortEnabled_Callback
                0x0000000008008cb8        0x8 ../../libDaisy//build/libdaisy.a(usbh_conf.o)
                0x0000000008008cb8                HAL_HCD_PortEnabled_Callback
 .text.HAL_HCD_PortDisabled_Callback
                0x0000000008008cc0        0x8 ../../libDaisy//build/libdaisy.a(usbh_conf.o)
                0x0000000008008cc0                HAL_HCD_PortDisabled_Callback
 .text.USBH_LL_Stop
                0x0000000008008cc8       0x1c ../../libDaisy//build/libdaisy.a(usbh_conf.o)
                0x0000000008008cc8                USBH_LL_Stop
 .text._ZN5daisy5Color4InitENS0_11PresetColorE
                0x0000000008008ce4       0x20 ../../libDaisy//build/libdaisy.a(color.o)
                0x0000000008008ce4                daisy::Color::Init(daisy::Color::PresetColor)
 .text.dsy_hal_map_get_port
                0x0000000008008d04       0x10 ../../libDaisy//build/libdaisy.a(hal_map.o)
                0x0000000008008d04                dsy_hal_map_get_port
 .text.dsy_hal_map_get_pin
                0x0000000008008d14       0x10 ../../libDaisy//build/libdaisy.a(hal_map.o)
                0x0000000008008d14                dsy_hal_map_get_pin
 .text.dsy_hal_map_gpio_clk_enable
                0x0000000008008d24      0x150 ../../libDaisy//build/libdaisy.a(hal_map.o)
                0x0000000008008d24                dsy_hal_map_gpio_clk_enable
 .text.HAL_MspInit
                0x0000000008008e74        0x4 ../../libDaisy//build/libdaisy.a(stm32h7xx_hal.o)
                0x0000000008008e74                HAL_MspInit
 .text.HAL_InitTick
                0x0000000008008e78       0x4c ../../libDaisy//build/libdaisy.a(stm32h7xx_hal.o)
                0x0000000008008e78                HAL_InitTick
 .text.HAL_Init
                0x0000000008008ec4       0x60 ../../libDaisy//build/libdaisy.a(stm32h7xx_hal.o)
                0x0000000008008ec4                HAL_Init
 .text.HAL_IncTick
                0x0000000008008f24       0x18 ../../libDaisy//build/libdaisy.a(stm32h7xx_hal.o)
                0x0000000008008f24                HAL_IncTick
 .text.HAL_GetTick
                0x0000000008008f3c        0xc ../../libDaisy//build/libdaisy.a(stm32h7xx_hal.o)
                0x0000000008008f3c                HAL_GetTick
 .text.HAL_Delay
                0x0000000008008f48       0x24 ../../libDaisy//build/libdaisy.a(stm32h7xx_hal.o)
                0x0000000008008f48                HAL_Delay
 .text.HAL_GetREVID
                0x0000000008008f6c        0xc ../../libDaisy//build/libdaisy.a(stm32h7xx_hal.o)
                0x0000000008008f6c                HAL_GetREVID
 .text.HAL_ADC_ConvHalfCpltCallback
                0x0000000008008f78        0x4 ../../libDaisy//build/libdaisy.a(stm32h7xx_hal_adc.o)
                0x0000000008008f78                HAL_ADC_ConvHalfCpltCallback
 .text.ADC_DMAHalfConvCplt
                0x0000000008008f7c        0xc ../../libDaisy//build/libdaisy.a(stm32h7xx_hal_adc.o)
                0x0000000008008f7c                ADC_DMAHalfConvCplt
 .text.ADC_DMAConvCplt
                0x0000000008008f88       0x6c ../../libDaisy//build/libdaisy.a(stm32h7xx_hal_adc.o)
                0x0000000008008f88                ADC_DMAConvCplt
 .text.ADC_DMAError
                0x0000000008008ff4       0x1c ../../libDaisy//build/libdaisy.a(stm32h7xx_hal_adc.o)
                0x0000000008008ff4                ADC_DMAError
 .text.HAL_ADC_ConfigChannel
                0x0000000008009010      0x3fc ../../libDaisy//build/libdaisy.a(stm32h7xx_hal_adc.o)
                0x0000000008009010                HAL_ADC_ConfigChannel
 .text.ADC_Enable
                0x000000000800940c       0xac ../../libDaisy//build/libdaisy.a(stm32h7xx_hal_adc.o)
                0x000000000800940c                ADC_Enable
 .text.HAL_ADC_Start_DMA
                0x00000000080094b8      0x114 ../../libDaisy//build/libdaisy.a(stm32h7xx_hal_adc.o)
                0x00000000080094b8                HAL_ADC_Start_DMA
 .text.ADC_Disable
                0x00000000080095cc       0x68 ../../libDaisy//build/libdaisy.a(stm32h7xx_hal_adc.o)
                0x00000000080095cc                ADC_Disable
 .text.ADC_ConfigureBoostMode
                0x0000000008009634      0x184 ../../libDaisy//build/libdaisy.a(stm32h7xx_hal_adc.o)
                0x0000000008009634                ADC_ConfigureBoostMode
 .text.HAL_ADC_Init
                0x00000000080097b8      0x218 ../../libDaisy//build/libdaisy.a(stm32h7xx_hal_adc.o)
                0x00000000080097b8                HAL_ADC_Init
 .text.HAL_ADCEx_Calibration_Start
                0x00000000080099d0       0xa4 ../../libDaisy//build/libdaisy.a(stm32h7xx_hal_adc_ex.o)
                0x00000000080099d0                HAL_ADCEx_Calibration_Start
 .text.HAL_ADCEx_MultiModeConfigChannel
                0x0000000008009a74       0xc4 ../../libDaisy//build/libdaisy.a(stm32h7xx_hal_adc_ex.o)
                0x0000000008009a74                HAL_ADCEx_MultiModeConfigChannel
 .text.HAL_NVIC_SetPriorityGrouping
                0x0000000008009b38       0x24 ../../libDaisy//build/libdaisy.a(stm32h7xx_hal_cortex.o)
                0x0000000008009b38                HAL_NVIC_SetPriorityGrouping
 .text.HAL_NVIC_SetPriority
                0x0000000008009b5c       0x7c ../../libDaisy//build/libdaisy.a(stm32h7xx_hal_cortex.o)
                0x0000000008009b5c                HAL_NVIC_SetPriority
 .text.HAL_NVIC_EnableIRQ
                0x0000000008009bd8       0x1c ../../libDaisy//build/libdaisy.a(stm32h7xx_hal_cortex.o)
                0x0000000008009bd8                HAL_NVIC_EnableIRQ
 .text.HAL_NVIC_DisableIRQ
                0x0000000008009bf4       0x28 ../../libDaisy//build/libdaisy.a(stm32h7xx_hal_cortex.o)
                0x0000000008009bf4                HAL_NVIC_DisableIRQ
 .text.HAL_SYSTICK_Config
                0x0000000008009c1c       0x2c ../../libDaisy//build/libdaisy.a(stm32h7xx_hal_cortex.o)
                0x0000000008009c1c                HAL_SYSTICK_Config
 .text.HAL_MPU_Disable
                0x0000000008009c48       0x1c ../../libDaisy//build/libdaisy.a(stm32h7xx_hal_cortex.o)
                0x0000000008009c48                HAL_MPU_Disable
 .text.HAL_MPU_Enable
                0x0000000008009c64       0x20 ../../libDaisy//build/libdaisy.a(stm32h7xx_hal_cortex.o)
                0x0000000008009c64                HAL_MPU_Enable
 .text.HAL_MPU_ConfigRegion
                0x0000000008009c84       0x64 ../../libDaisy//build/libdaisy.a(stm32h7xx_hal_cortex.o)
                0x0000000008009c84                HAL_MPU_ConfigRegion
 .text.HAL_SYSTICK_Callback
                0x0000000008009ce8        0x4 ../../libDaisy//build/libdaisy.a(stm32h7xx_hal_cortex.o)
                0x0000000008009ce8                HAL_SYSTICK_Callback
 .text.HAL_SYSTICK_IRQHandler
                0x0000000008009cec        0x8 ../../libDaisy//build/libdaisy.a(stm32h7xx_hal_cortex.o)
                0x0000000008009cec                HAL_SYSTICK_IRQHandler
 .text.DMA_CalcBaseAndBitshift
                0x0000000008009cf4       0xf4 ../../libDaisy//build/libdaisy.a(stm32h7xx_hal_dma.o)
 .text.DMA_CalcDMAMUXChannelBaseAndMask
                0x0000000008009de8       0xd8 ../../libDaisy//build/libdaisy.a(stm32h7xx_hal_dma.o)
 .text.HAL_DMA_Init
                0x0000000008009ec0      0x37c ../../libDaisy//build/libdaisy.a(stm32h7xx_hal_dma.o)
                0x0000000008009ec0                HAL_DMA_Init
 .text.HAL_DMA_Start_IT
                0x000000000800a23c      0x240 ../../libDaisy//build/libdaisy.a(stm32h7xx_hal_dma.o)
                0x000000000800a23c                HAL_DMA_Start_IT
 .text.HAL_DMA_Abort_IT
                0x000000000800a47c      0x134 ../../libDaisy//build/libdaisy.a(stm32h7xx_hal_dma.o)
                0x000000000800a47c                HAL_DMA_Abort_IT
 .text.HAL_DMA_IRQHandler
                0x000000000800a5b0      0x6a0 ../../libDaisy//build/libdaisy.a(stm32h7xx_hal_dma.o)
                0x000000000800a5b0                HAL_DMA_IRQHandler
 .text.HAL_DMA_GetError
                0x000000000800ac50        0x4 ../../libDaisy//build/libdaisy.a(stm32h7xx_hal_dma.o)
                0x000000000800ac50                HAL_DMA_GetError
 .text.HAL_GPIO_Init
                0x000000000800ac54      0x280 ../../libDaisy//build/libdaisy.a(stm32h7xx_hal_gpio.o)
                0x000000000800ac54                HAL_GPIO_Init
 .text.HAL_GPIO_DeInit
                0x000000000800aed4      0x190 ../../libDaisy//build/libdaisy.a(stm32h7xx_hal_gpio.o)
                0x000000000800aed4                HAL_GPIO_DeInit
 .text.HAL_GPIO_ReadPin
                0x000000000800b064        0xc ../../libDaisy//build/libdaisy.a(stm32h7xx_hal_gpio.o)
                0x000000000800b064                HAL_GPIO_ReadPin
 .text.HAL_GPIO_WritePin
                0x000000000800b070        0x8 ../../libDaisy//build/libdaisy.a(stm32h7xx_hal_gpio.o)
                0x000000000800b070                HAL_GPIO_WritePin
 .text.HAL_HCD_IRQHandler
                0x000000000800b078      0x780 ../../libDaisy//build/libdaisy.a(stm32h7xx_hal_hcd.o)
                0x000000000800b078                HAL_HCD_IRQHandler
 .text.HAL_HCD_Stop
                0x000000000800b7f8       0x28 ../../libDaisy//build/libdaisy.a(stm32h7xx_hal_hcd.o)
                0x000000000800b7f8                HAL_HCD_Stop
 .text.I2C_WaitOnTXISFlagUntilTimeout
                0x000000000800b820       0xb8 ../../libDaisy//build/libdaisy.a(stm32h7xx_hal_i2c.o)
 .text.I2C_WaitOnSTOPFlagUntilTimeout
                0x000000000800b8d8       0xac ../../libDaisy//build/libdaisy.a(stm32h7xx_hal_i2c.o)
 .text.HAL_I2C_Init
                0x000000000800b984       0xac ../../libDaisy//build/libdaisy.a(stm32h7xx_hal_i2c.o)
                0x000000000800b984                HAL_I2C_Init
 .text.HAL_I2C_Master_Transmit
                0x000000000800ba30      0x1a8 ../../libDaisy//build/libdaisy.a(stm32h7xx_hal_i2c.o)
                0x000000000800ba30                HAL_I2C_Master_Transmit
 .text.HAL_I2C_Slave_Transmit
                0x000000000800bbd8      0x1c8 ../../libDaisy//build/libdaisy.a(stm32h7xx_hal_i2c.o)
                0x000000000800bbd8                HAL_I2C_Slave_Transmit
 .text.HAL_I2C_EV_IRQHandler
                0x000000000800bda0       0x10 ../../libDaisy//build/libdaisy.a(stm32h7xx_hal_i2c.o)
                0x000000000800bda0                HAL_I2C_EV_IRQHandler
 .text.HAL_I2C_GetState
                0x000000000800bdb0        0x8 ../../libDaisy//build/libdaisy.a(stm32h7xx_hal_i2c.o)
                0x000000000800bdb0                HAL_I2C_GetState
 .text.HAL_I2CEx_ConfigAnalogFilter
                0x000000000800bdb8       0x54 ../../libDaisy//build/libdaisy.a(stm32h7xx_hal_i2c_ex.o)
                0x000000000800bdb8                HAL_I2CEx_ConfigAnalogFilter
 .text.HAL_I2CEx_ConfigDigitalFilter
                0x000000000800be0c       0x58 ../../libDaisy//build/libdaisy.a(stm32h7xx_hal_i2c_ex.o)
                0x000000000800be0c                HAL_I2CEx_ConfigDigitalFilter
 .text.HAL_PCD_Init
                0x000000000800be64      0x12c ../../libDaisy//build/libdaisy.a(stm32h7xx_hal_pcd.o)
                0x000000000800be64                HAL_PCD_Init
 .text.HAL_PCD_Start
                0x000000000800bf90       0x44 ../../libDaisy//build/libdaisy.a(stm32h7xx_hal_pcd.o)
                0x000000000800bf90                HAL_PCD_Start
 .text.HAL_PCD_IRQHandler
                0x000000000800bfd4      0x69c ../../libDaisy//build/libdaisy.a(stm32h7xx_hal_pcd.o)
                0x000000000800bfd4                HAL_PCD_IRQHandler
 .text.HAL_PCD_SetAddress
                0x000000000800c670       0x2c ../../libDaisy//build/libdaisy.a(stm32h7xx_hal_pcd.o)
                0x000000000800c670                HAL_PCD_SetAddress
 .text.HAL_PCD_EP_Open
                0x000000000800c69c       0x7c ../../libDaisy//build/libdaisy.a(stm32h7xx_hal_pcd.o)
                0x000000000800c69c                HAL_PCD_EP_Open
 .text.HAL_PCD_EP_Close
                0x000000000800c718       0x6c ../../libDaisy//build/libdaisy.a(stm32h7xx_hal_pcd.o)
                0x000000000800c718                HAL_PCD_EP_Close
 .text.HAL_PCD_EP_Receive
                0x000000000800c784       0x50 ../../libDaisy//build/libdaisy.a(stm32h7xx_hal_pcd.o)
                0x000000000800c784                HAL_PCD_EP_Receive
 .text.HAL_PCD_EP_GetRxCount
                0x000000000800c7d4       0x14 ../../libDaisy//build/libdaisy.a(stm32h7xx_hal_pcd.o)
                0x000000000800c7d4                HAL_PCD_EP_GetRxCount
 .text.HAL_PCD_EP_Transmit
                0x000000000800c7e8       0x50 ../../libDaisy//build/libdaisy.a(stm32h7xx_hal_pcd.o)
                0x000000000800c7e8                HAL_PCD_EP_Transmit
 .text.HAL_PCD_EP_SetStall
                0x000000000800c838       0x88 ../../libDaisy//build/libdaisy.a(stm32h7xx_hal_pcd.o)
                0x000000000800c838                HAL_PCD_EP_SetStall
 .text.HAL_PCD_EP_ClrStall
                0x000000000800c8c0       0x78 ../../libDaisy//build/libdaisy.a(stm32h7xx_hal_pcd.o)
                0x000000000800c8c0                HAL_PCD_EP_ClrStall
 .text.HAL_PCDEx_SetTxFiFo
                0x000000000800c938       0x54 ../../libDaisy//build/libdaisy.a(stm32h7xx_hal_pcd_ex.o)
                0x000000000800c938                HAL_PCDEx_SetTxFiFo
 .text.HAL_PCDEx_SetRxFiFo
                0x000000000800c98c        0xc ../../libDaisy//build/libdaisy.a(stm32h7xx_hal_pcd_ex.o)
                0x000000000800c98c                HAL_PCDEx_SetRxFiFo
 .text.HAL_PCDEx_ActivateLPM
                0x000000000800c998       0x30 ../../libDaisy//build/libdaisy.a(stm32h7xx_hal_pcd_ex.o)
                0x000000000800c998                HAL_PCDEx_ActivateLPM
 .text.HAL_PCDEx_LPM_Callback
                0x000000000800c9c8        0x4 ../../libDaisy//build/libdaisy.a(stm32h7xx_hal_pcd_ex.o)
                0x000000000800c9c8                HAL_PCDEx_LPM_Callback
 .text.HAL_PWREx_ConfigSupply
                0x000000000800c9cc       0x4c ../../libDaisy//build/libdaisy.a(stm32h7xx_hal_pwr_ex.o)
                0x000000000800c9cc                HAL_PWREx_ConfigSupply
 .text.HAL_PWREx_EnableUSBVoltageDetector
                0x000000000800ca18       0x10 ../../libDaisy//build/libdaisy.a(stm32h7xx_hal_pwr_ex.o)
                0x000000000800ca18                HAL_PWREx_EnableUSBVoltageDetector
 .text.QSPI_Config
                0x000000000800ca28      0x174 ../../libDaisy//build/libdaisy.a(stm32h7xx_hal_qspi.o)
 .text.HAL_QSPI_Init
                0x000000000800cb9c       0xd8 ../../libDaisy//build/libdaisy.a(stm32h7xx_hal_qspi.o)
                0x000000000800cb9c                HAL_QSPI_Init
 .text.HAL_QSPI_DeInit
                0x000000000800cc74       0x3c ../../libDaisy//build/libdaisy.a(stm32h7xx_hal_qspi.o)
                0x000000000800cc74                HAL_QSPI_DeInit
 .text.HAL_QSPI_Command
                0x000000000800ccb0       0xd4 ../../libDaisy//build/libdaisy.a(stm32h7xx_hal_qspi.o)
                0x000000000800ccb0                HAL_QSPI_Command
 .text.HAL_QSPI_Transmit
                0x000000000800cd84       0xfc ../../libDaisy//build/libdaisy.a(stm32h7xx_hal_qspi.o)
                0x000000000800cd84                HAL_QSPI_Transmit
 .text.HAL_QSPI_Receive
                0x000000000800ce80      0x108 ../../libDaisy//build/libdaisy.a(stm32h7xx_hal_qspi.o)
                0x000000000800ce80                HAL_QSPI_Receive
 .text.HAL_QSPI_AutoPolling
                0x000000000800cf88       0xf0 ../../libDaisy//build/libdaisy.a(stm32h7xx_hal_qspi.o)
                0x000000000800cf88                HAL_QSPI_AutoPolling
 .text.HAL_QSPI_MemoryMapped
                0x000000000800d078       0xc0 ../../libDaisy//build/libdaisy.a(stm32h7xx_hal_qspi.o)
                0x000000000800d078                HAL_QSPI_MemoryMapped
 .text.HAL_QSPI_ErrorCallback
                0x000000000800d138        0x4 ../../libDaisy//build/libdaisy.a(stm32h7xx_hal_qspi.o)
                0x000000000800d138                HAL_QSPI_ErrorCallback
 .text.QSPI_DMAAbortCplt
                0x000000000800d13c       0x38 ../../libDaisy//build/libdaisy.a(stm32h7xx_hal_qspi.o)
 .text.HAL_QSPI_AbortCpltCallback
                0x000000000800d174        0x4 ../../libDaisy//build/libdaisy.a(stm32h7xx_hal_qspi.o)
                0x000000000800d174                HAL_QSPI_AbortCpltCallback
 .text.HAL_QSPI_CmdCpltCallback
                0x000000000800d178        0x4 ../../libDaisy//build/libdaisy.a(stm32h7xx_hal_qspi.o)
                0x000000000800d178                HAL_QSPI_CmdCpltCallback
 .text.HAL_QSPI_RxCpltCallback
                0x000000000800d17c        0x4 ../../libDaisy//build/libdaisy.a(stm32h7xx_hal_qspi.o)
                0x000000000800d17c                HAL_QSPI_RxCpltCallback
 .text.HAL_QSPI_TxCpltCallback
                0x000000000800d180        0x4 ../../libDaisy//build/libdaisy.a(stm32h7xx_hal_qspi.o)
                0x000000000800d180                HAL_QSPI_TxCpltCallback
 .text.HAL_QSPI_FifoThresholdCallback
                0x000000000800d184        0x4 ../../libDaisy//build/libdaisy.a(stm32h7xx_hal_qspi.o)
                0x000000000800d184                HAL_QSPI_FifoThresholdCallback
 .text.HAL_QSPI_StatusMatchCallback
                0x000000000800d188        0x4 ../../libDaisy//build/libdaisy.a(stm32h7xx_hal_qspi.o)
                0x000000000800d188                HAL_QSPI_StatusMatchCallback
 .text.HAL_QSPI_TimeOutCallback
                0x000000000800d18c        0x4 ../../libDaisy//build/libdaisy.a(stm32h7xx_hal_qspi.o)
                0x000000000800d18c                HAL_QSPI_TimeOutCallback
 .text.HAL_QSPI_IRQHandler
                0x000000000800d190      0x210 ../../libDaisy//build/libdaisy.a(stm32h7xx_hal_qspi.o)
                0x000000000800d190                HAL_QSPI_IRQHandler
 .text.HAL_RCC_OscConfig
                0x000000000800d3a0      0x51c ../../libDaisy//build/libdaisy.a(stm32h7xx_hal_rcc.o)
                0x000000000800d3a0                HAL_RCC_OscConfig
 .text.HAL_RCC_GetSysClockFreq
                0x000000000800d8bc      0x140 ../../libDaisy//build/libdaisy.a(stm32h7xx_hal_rcc.o)
                0x000000000800d8bc                HAL_RCC_GetSysClockFreq
 .text.HAL_RCC_ClockConfig
                0x000000000800d9fc      0x234 ../../libDaisy//build/libdaisy.a(stm32h7xx_hal_rcc.o)
                0x000000000800d9fc                HAL_RCC_ClockConfig
 .text.HAL_RCC_GetHCLKFreq
                0x000000000800dc30       0x2c ../../libDaisy//build/libdaisy.a(stm32h7xx_hal_rcc.o)
                0x000000000800dc30                HAL_RCC_GetHCLKFreq
 .text.HAL_RCC_GetPCLK1Freq
                0x000000000800dc5c       0x38 ../../libDaisy//build/libdaisy.a(stm32h7xx_hal_rcc.o)
                0x000000000800dc5c                HAL_RCC_GetPCLK1Freq
 .text.HAL_RCC_GetPCLK2Freq
                0x000000000800dc94       0x38 ../../libDaisy//build/libdaisy.a(stm32h7xx_hal_rcc.o)
                0x000000000800dc94                HAL_RCC_GetPCLK2Freq
 .text.RCCEx_PLL2_Config
                0x000000000800dccc       0xf4 ../../libDaisy//build/libdaisy.a(stm32h7xx_hal_rcc_ex.o)
 .text.RCCEx_PLL3_Config
                0x000000000800ddc0       0xf4 ../../libDaisy//build/libdaisy.a(stm32h7xx_hal_rcc_ex.o)
 .text.HAL_RCCEx_PeriphCLKConfig
                0x000000000800deb4      0xa7c ../../libDaisy//build/libdaisy.a(stm32h7xx_hal_rcc_ex.o)
                0x000000000800deb4                HAL_RCCEx_PeriphCLKConfig
 .text.HAL_RCCEx_GetD3PCLK1Freq
                0x000000000800e930       0x24 ../../libDaisy//build/libdaisy.a(stm32h7xx_hal_rcc_ex.o)
                0x000000000800e930                HAL_RCCEx_GetD3PCLK1Freq
 .text.HAL_RCCEx_GetPLL2ClockFreq
                0x000000000800e954      0x17c ../../libDaisy//build/libdaisy.a(stm32h7xx_hal_rcc_ex.o)
                0x000000000800e954                HAL_RCCEx_GetPLL2ClockFreq
 .text.HAL_RCCEx_GetPLL3ClockFreq
                0x000000000800ead0      0x17c ../../libDaisy//build/libdaisy.a(stm32h7xx_hal_rcc_ex.o)
                0x000000000800ead0                HAL_RCCEx_GetPLL3ClockFreq
 .text.HAL_RCCEx_GetPLL1ClockFreq
                0x000000000800ec4c      0x17c ../../libDaisy//build/libdaisy.a(stm32h7xx_hal_rcc_ex.o)
                0x000000000800ec4c                HAL_RCCEx_GetPLL1ClockFreq
 .text.HAL_RCCEx_GetPeriphCLKFreq
                0x000000000800edc8      0x198 ../../libDaisy//build/libdaisy.a(stm32h7xx_hal_rcc_ex.o)
                0x000000000800edc8                HAL_RCCEx_GetPeriphCLKFreq
 .text.HAL_RCCEx_GetD1SysClockFreq
                0x000000000800ef60       0x2c ../../libDaisy//build/libdaisy.a(stm32h7xx_hal_rcc_ex.o)
                0x000000000800ef60                HAL_RCCEx_GetD1SysClockFreq
 .text.HAL_SAI_Init.part.0
                0x000000000800ef8c      0x348 ../../libDaisy//build/libdaisy.a(stm32h7xx_hal_sai.o)
 .text.HAL_SAI_InitProtocol
                0x000000000800f2d4      0x178 ../../libDaisy//build/libdaisy.a(stm32h7xx_hal_sai.o)
                0x000000000800f2d4                HAL_SAI_InitProtocol
 .text.HAL_SAI_Transmit_DMA
                0x000000000800f44c      0x124 ../../libDaisy//build/libdaisy.a(stm32h7xx_hal_sai.o)
                0x000000000800f44c                HAL_SAI_Transmit_DMA
 .text.HAL_SAI_Receive_DMA
                0x000000000800f570       0xd0 ../../libDaisy//build/libdaisy.a(stm32h7xx_hal_sai.o)
                0x000000000800f570                HAL_SAI_Receive_DMA
 .text.HAL_SAI_TxCpltCallback
                0x000000000800f640        0x4 ../../libDaisy//build/libdaisy.a(stm32h7xx_hal_sai.o)
                0x000000000800f640                HAL_SAI_TxCpltCallback
 .text.SAI_DMATxCplt
                0x000000000800f644       0x64 ../../libDaisy//build/libdaisy.a(stm32h7xx_hal_sai.o)
 .text.HAL_SAI_TxHalfCpltCallback
                0x000000000800f6a8        0x4 ../../libDaisy//build/libdaisy.a(stm32h7xx_hal_sai.o)
                0x000000000800f6a8                HAL_SAI_TxHalfCpltCallback
 .text.SAI_DMATxHalfCplt
                0x000000000800f6ac        0xc ../../libDaisy//build/libdaisy.a(stm32h7xx_hal_sai.o)
 .text.SAI_DMARxCplt
                0x000000000800f6b8       0x64 ../../libDaisy//build/libdaisy.a(stm32h7xx_hal_sai.o)
 .text.SAI_DMARxHalfCplt
                0x000000000800f71c        0xc ../../libDaisy//build/libdaisy.a(stm32h7xx_hal_sai.o)
 .text.HAL_SAI_ErrorCallback
                0x000000000800f728        0x4 ../../libDaisy//build/libdaisy.a(stm32h7xx_hal_sai.o)
                0x000000000800f728                HAL_SAI_ErrorCallback
 .text.SAI_DMAError
                0x000000000800f72c       0x6c ../../libDaisy//build/libdaisy.a(stm32h7xx_hal_sai.o)
 .text.HAL_SDRAM_Init
                0x000000000800f798       0x54 ../../libDaisy//build/libdaisy.a(stm32h7xx_hal_sdram.o)
                0x000000000800f798                HAL_SDRAM_Init
 .text.HAL_SDRAM_SendCommand
                0x000000000800f7ec       0x40 ../../libDaisy//build/libdaisy.a(stm32h7xx_hal_sdram.o)
                0x000000000800f7ec                HAL_SDRAM_SendCommand
 .text.HAL_SDRAM_ProgramRefreshRate
                0x000000000800f82c       0x30 ../../libDaisy//build/libdaisy.a(stm32h7xx_hal_sdram.o)
                0x000000000800f82c                HAL_SDRAM_ProgramRefreshRate
 .text.HAL_UART_Transmit_DMA
                0x000000000800f85c       0xa4 ../../libDaisy//build/libdaisy.a(stm32h7xx_hal_uart.o)
                0x000000000800f85c                HAL_UART_Transmit_DMA
 .text.HAL_UART_Receive_DMA
                0x000000000800f900       0xac ../../libDaisy//build/libdaisy.a(stm32h7xx_hal_uart.o)
                0x000000000800f900                HAL_UART_Receive_DMA
 .text.UART_DMATransmitCplt
                0x000000000800f9ac       0x2c ../../libDaisy//build/libdaisy.a(stm32h7xx_hal_uart.o)
 .text.HAL_UART_TxHalfCpltCallback
                0x000000000800f9d8        0x4 ../../libDaisy//build/libdaisy.a(stm32h7xx_hal_uart.o)
                0x000000000800f9d8                HAL_UART_TxHalfCpltCallback
 .text.UART_DMATxHalfCplt
                0x000000000800f9dc        0xc ../../libDaisy//build/libdaisy.a(stm32h7xx_hal_uart.o)
 .text.UART_DMAReceiveCplt
                0x000000000800f9e8       0x38 ../../libDaisy//build/libdaisy.a(stm32h7xx_hal_uart.o)
 .text.UART_DMARxHalfCplt
                0x000000000800fa20        0xc ../../libDaisy//build/libdaisy.a(stm32h7xx_hal_uart.o)
 .text.UART_DMAError
                0x000000000800fa2c       0x78 ../../libDaisy//build/libdaisy.a(stm32h7xx_hal_uart.o)
 .text.HAL_UART_IRQHandler
                0x000000000800faa4      0x1d0 ../../libDaisy//build/libdaisy.a(stm32h7xx_hal_uart.o)
                0x000000000800faa4                HAL_UART_IRQHandler
 .text.UART_DMAAbortOnError
                0x000000000800fc74       0x14 ../../libDaisy//build/libdaisy.a(stm32h7xx_hal_uart.o)
 .text.HAL_UART_GetState
                0x000000000800fc88        0xc ../../libDaisy//build/libdaisy.a(stm32h7xx_hal_uart.o)
                0x000000000800fc88                HAL_UART_GetState
 .text.UART_SetConfig
                0x000000000800fc94     0x14b8 ../../libDaisy//build/libdaisy.a(stm32h7xx_hal_uart.o)
                0x000000000800fc94                UART_SetConfig
 .text.UART_AdvFeatureConfig
                0x000000000801114c       0xb0 ../../libDaisy//build/libdaisy.a(stm32h7xx_hal_uart.o)
                0x000000000801114c                UART_AdvFeatureConfig
 .text.UART_CheckIdleState
                0x00000000080111fc       0x84 ../../libDaisy//build/libdaisy.a(stm32h7xx_hal_uart.o)
                0x00000000080111fc                UART_CheckIdleState
 .text.HAL_UART_Init
                0x0000000008011280       0x68 ../../libDaisy//build/libdaisy.a(stm32h7xx_hal_uart.o)
                0x0000000008011280                HAL_UART_Init
 .text.HAL_UARTEx_WakeupCallback
                0x00000000080112e8        0x4 ../../libDaisy//build/libdaisy.a(stm32h7xx_hal_uart_ex.o)
                0x00000000080112e8                HAL_UARTEx_WakeupCallback
 .text.HAL_UARTEx_RxFifoFullCallback
                0x00000000080112ec        0x4 ../../libDaisy//build/libdaisy.a(stm32h7xx_hal_uart_ex.o)
                0x00000000080112ec                HAL_UARTEx_RxFifoFullCallback
 .text.HAL_UARTEx_TxFifoEmptyCallback
                0x00000000080112f0        0x4 ../../libDaisy//build/libdaisy.a(stm32h7xx_hal_uart_ex.o)
                0x00000000080112f0                HAL_UARTEx_TxFifoEmptyCallback
 .text.HAL_UARTEx_DisableFifoMode
                0x00000000080112f4       0x3c ../../libDaisy//build/libdaisy.a(stm32h7xx_hal_uart_ex.o)
                0x00000000080112f4                HAL_UARTEx_DisableFifoMode
 .text.HAL_UARTEx_SetTxFifoThreshold
                0x0000000008011330       0xa4 ../../libDaisy//build/libdaisy.a(stm32h7xx_hal_uart_ex.o)
                0x0000000008011330                HAL_UARTEx_SetTxFifoThreshold
 .text.HAL_UARTEx_SetRxFifoThreshold
                0x00000000080113d4       0xa4 ../../libDaisy//build/libdaisy.a(stm32h7xx_hal_uart_ex.o)
                0x00000000080113d4                HAL_UARTEx_SetRxFifoThreshold
 .text.FMC_SDRAM_Init
                0x0000000008011478       0x7c ../../libDaisy//build/libdaisy.a(stm32h7xx_ll_fmc.o)
                0x0000000008011478                FMC_SDRAM_Init
 .text.FMC_SDRAM_Timing_Init
                0x00000000080114f4       0x98 ../../libDaisy//build/libdaisy.a(stm32h7xx_ll_fmc.o)
                0x00000000080114f4                FMC_SDRAM_Timing_Init
 .text.FMC_SDRAM_SendCommand
                0x000000000801158c       0x28 ../../libDaisy//build/libdaisy.a(stm32h7xx_ll_fmc.o)
                0x000000000801158c                FMC_SDRAM_SendCommand
 .text.FMC_SDRAM_ProgramRefreshRate
                0x00000000080115b4       0x1c ../../libDaisy//build/libdaisy.a(stm32h7xx_ll_fmc.o)
                0x00000000080115b4                FMC_SDRAM_ProgramRefreshRate
 .text.USB_CoreInit
                0x00000000080115d0      0x124 ../../libDaisy//build/libdaisy.a(stm32h7xx_ll_usb.o)
                0x00000000080115d0                USB_CoreInit
 .text.USB_SetTurnaroundTime
                0x00000000080116f4      0x104 ../../libDaisy//build/libdaisy.a(stm32h7xx_ll_usb.o)
                0x00000000080116f4                USB_SetTurnaroundTime
 .text.USB_EnableGlobalInt
                0x00000000080117f8       0x10 ../../libDaisy//build/libdaisy.a(stm32h7xx_ll_usb.o)
                0x00000000080117f8                USB_EnableGlobalInt
 .text.USB_DisableGlobalInt
                0x0000000008011808       0x10 ../../libDaisy//build/libdaisy.a(stm32h7xx_ll_usb.o)
                0x0000000008011808                USB_DisableGlobalInt
 .text.USB_SetCurrentMode
                0x0000000008011818       0x30 ../../libDaisy//build/libdaisy.a(stm32h7xx_ll_usb.o)
                0x0000000008011818                USB_SetCurrentMode
 .text.USB_DevInit
                0x0000000008011848      0x20c ../../libDaisy//build/libdaisy.a(stm32h7xx_ll_usb.o)
                0x0000000008011848                USB_DevInit
 .text.USB_FlushTxFifo
                0x0000000008011a54       0x34 ../../libDaisy//build/libdaisy.a(stm32h7xx_ll_usb.o)
                0x0000000008011a54                USB_FlushTxFifo
 .text.USB_GetDevSpeed
                0x0000000008011a88       0x24 ../../libDaisy//build/libdaisy.a(stm32h7xx_ll_usb.o)
                0x0000000008011a88                USB_GetDevSpeed
 .text.USB_ActivateEndpoint