Archive member included to satisfy reference by file (symbol)

../../libDaisy//build/libdaisy.a(daisy_pod.o)
                              build/realtime-bpm-detection.o (daisy::DaisyPod::StartAudio(void (*)(float const* const*, float**, unsigned int)))
../../libDaisy//build/libdaisy.a(daisy_seed.o)
                              ../../libDaisy//build/libdaisy.a(daisy_pod.o) (daisy::DaisySeed::Configure())
../../libDaisy//build/libdaisy.a(codec_ak4556.o)
                              ../../libDaisy//build/libdaisy.a(daisy_seed.o) (daisy::Ak4556::Init(dsy_gpio_pin))
../../libDaisy//build/libdaisy.a(codec_wm8731.o)
                              ../../libDaisy//build/libdaisy.a(daisy_seed.o) (daisy::Wm8731::Init(daisy::Wm8731::Config const&, daisy::I2CHandle))
../../libDaisy//build/libdaisy.a(sdram.o)
                              ../../libDaisy//build/libdaisy.a(daisy_seed.o) (SdramHandle::Init())
../../libDaisy//build/libdaisy.a(audio.o)
                              ../../libDaisy//build/libdaisy.a(daisy_seed.o) (daisy::AudioHandle::Init(daisy::AudioHandle::Config const&, daisy::SaiHandle))
../../libDaisy//build/libdaisy.a(ctrl.o)
                              ../../libDaisy//build/libdaisy.a(daisy_pod.o) (daisy::AnalogControl::Init(unsigned short*, float, bool, bool, float))
../../libDaisy//build/libdaisy.a(encoder.o)
                              ../../libDaisy//build/libdaisy.a(daisy_pod.o) (daisy::Encoder::Init(dsy_gpio_pin, dsy_gpio_pin, dsy_gpio_pin, float))
../../libDaisy//build/libdaisy.a(logger.o)
                              build/realtime-bpm-detection.o (daisy::Logger<(daisy::LoggerDestination)1>::PrintLine(char const*, ...))
../../libDaisy//build/libdaisy.a(midi.o)
                              build/realtime-bpm-detection.o (daisy::MidiUartTransport::Config::Config())
../../libDaisy//build/libdaisy.a(midi_parser.o)
                              ../../libDaisy//build/libdaisy.a(daisy_pod.o) (daisy::MidiParser::Reset())
../../libDaisy//build/libdaisy.a(rgb_led.o)
                              ../../libDaisy//build/libdaisy.a(daisy_pod.o) (daisy::RgbLed::Init(dsy_gpio_pin, dsy_gpio_pin, dsy_gpio_pin, bool))
../../libDaisy//build/libdaisy.a(switch.o)
                              ../../libDaisy//build/libdaisy.a(daisy_pod.o) (daisy::Switch::Init(dsy_gpio_pin, float))
../../libDaisy//build/libdaisy.a(usb.o)
                              build/realtime-bpm-detection.o (daisy::UsbHandle::Init(daisy::UsbHandle::UsbPeriph))
../../libDaisy//build/libdaisy.a(adc.o)
                              ../../libDaisy//build/libdaisy.a(daisy_pod.o) (daisy::AdcChannelConfig::InitSingle(dsy_gpio_pin, daisy::AdcChannelConfig::ConversionSpeed))
../../libDaisy//build/libdaisy.a(gpio.o)
                              ../../libDaisy//build/libdaisy.a(daisy_seed.o) (daisy::GPIO::Init(daisy::Pin, daisy::GPIO::Mode, daisy::GPIO::Pull, daisy::GPIO::Speed))
../../libDaisy//build/libdaisy.a(i2c.o)
                              ../../libDaisy//build/libdaisy.a(daisy_seed.o) (daisy::I2CHandle::Init(daisy::I2CHandle::Config const&))
../../libDaisy//build/libdaisy.a(qspi.o)
                              ../../libDaisy//build/libdaisy.a(daisy_seed.o) (daisy::QSPIHandle::Init(daisy::QSPIHandle::Config const&))
../../libDaisy//build/libdaisy.a(sai.o)
                              ../../libDaisy//build/libdaisy.a(daisy_seed.o) (daisy::SaiHandle::Init(daisy::SaiHandle::Config const&))
../../libDaisy//build/libdaisy.a(uart.o)
                              ../../libDaisy//build/libdaisy.a(daisy_pod.o) (daisy::UartHandler::Init(daisy::UartHandler::Config const&))
../../libDaisy//build/libdaisy.a(dma.o)
                              ../../libDaisy//build/libdaisy.a(uart.o) (dsy_dma_invalidate_cache_for_buffer)
../../libDaisy//build/libdaisy.a(system.o)
                              ../../libDaisy//build/libdaisy.a(daisy_seed.o) (daisy::System::DeInit())
../../libDaisy//build/libdaisy.a(system_stm32h7xx.o)
                              build/startup_stm32h750xx.o (SystemInit)
../../libDaisy//build/libdaisy.a(usbd_cdc_if.o)
                              ../../libDaisy//build/libdaisy.a(usb.o) (CDC_Transmit_FS)
../../libDaisy//build/libdaisy.a(usbd_conf.o)
                              ../../libDaisy//build/libdaisy.a(system.o) (hpcd_USB_OTG_HS)
../../libDaisy//build/libdaisy.a(usbd_desc.o)
                              ../../libDaisy//build/libdaisy.a(usb.o) (HS_Desc)
../../libDaisy//build/libdaisy.a(usbh_conf.o)
                              ../../libDaisy//build/libdaisy.a(system.o) (hhcd_USB_OTG_HS)
../../libDaisy//build/libdaisy.a(color.o)
                              ../../libDaisy//build/libdaisy.a(daisy_pod.o) (daisy::Color::Init(daisy::Color::PresetColor))
../../libDaisy//build/libdaisy.a(hal_map.o)
                              ../../libDaisy//build/libdaisy.a(gpio.o) (dsy_hal_map_get_port)
../../libDaisy//build/libdaisy.a(stm32h7xx_hal.o)
                              ../../libDaisy//build/libdaisy.a(system.o) (HAL_Init)
[...]
Memory Configuration

Name             Origin             Length             Attributes
FLASH            0x0000000008000000 0x0000000000020000 xr
DTCMRAM          0x0000000020000000 0x0000000000020000 xrw
SRAM             0x0000000024000000 0x0000000000080000 xrw
RAM_D2           0x0000000030000000 0x0000000000048000 xrw
RAM_D3           0x0000000038000000 0x0000000000010000 xrw
BACKUP_SRAM      0x0000000038800000 0x0000000000001000 xrw
ITCMRAM          0x0000000000000000 0x0000000000010000 xrw
SDRAM            0x00000000c0000000 0x0000000004000000 xrw
QSPIFLASH        0x0000000090000000 0x0000000000800000 xr
*default*        0x0000000000000000 0xffffffffffffffff

Linker script and memory map

LOAD /Library/DaisyToolchain/0.2.0/arm/bin/../lib/gcc/arm-none-eabi/10.3.1/thumb/v7e-m+dp/hard/crti.o
LOAD /Library/DaisyToolchain/0.2.0/arm/bin/../lib/gcc/arm-none-eabi/10.3.1/thumb/v7e-m+dp/hard/crtbegin.o
LOAD /Library/DaisyToolchain/0.2.0/arm/bin/../lib/gcc/arm-none-eabi/10.3.1/../../../../arm-none-eabi/lib/thumb/v7e-m+dp/hard/crt0.o
LOAD build/BTT.o
LOAD build/DFT.o
LOAD build/fastsin.o
LOAD build/Filter.o
LOAD build/Statistics.o
LOAD build/STFT.o
LOAD build/startup_stm32h750xx.o
LOAD build/realtime-bpm-detection.o
LOAD ../../libDaisy//build/libdaisy.a
LOAD /Library/DaisyToolchain/0.2.0/arm/bin/../lib/gcc/arm-none-eabi/10.3.1/../../../../arm-none-eabi/lib/thumb/v7e-m+dp/hard/libnosys.a
LOAD ../../DaisySP//build/libdaisysp.a
LOAD /Library/DaisyToolchain/0.2.0/arm/bin/../lib/gcc/arm-none-eabi/10.3.1/../../../../arm-none-eabi/lib/thumb/v7e-m+dp/hard/libstdc++_nano.a
LOAD /Library/DaisyToolchain/0.2.0/arm/bin/../lib/gcc/arm-none-eabi/10.3.1/../../../../arm-none-eabi/lib/thumb/v7e-m+dp/hard/libm.a
LOAD /Library/DaisyToolchain/0.2.0/arm/bin/../lib/gcc/arm-none-eabi/10.3.1/../../../../arm-none-eabi/lib/thumb/v7e-m+dp/hard/libc_nano.a
START GROUP
LOAD /Library/DaisyToolchain/0.2.0/arm/bin/../lib/gcc/arm-none-eabi/10.3.1/thumb/v7e-m+dp/hard/libgcc.a
LOAD /Library/DaisyToolchain/0.2.0/arm/bin/../lib/gcc/arm-none-eabi/10.3.1/../../../../arm-none-eabi/lib/thumb/v7e-m+dp/hard/libc_nano.a
END GROUP
START GROUP
LOAD /Library/DaisyToolchain/0.2.0/arm/bin/../lib/gcc/arm-none-eabi/10.3.1/thumb/v7e-m+dp/hard/libgcc.a
LOAD /Library/DaisyToolchain/0.2.0/arm/bin/../lib/gcc/arm-none-eabi/10.3.1/../../../../arm-none-eabi/lib/thumb/v7e-m+dp/hard/libc_nano.a
LOAD /Library/DaisyToolchain/0.2.0/arm/bin/../lib/gcc/arm-none-eabi/10.3.1/../../../../arm-none-eabi/lib/thumb/v7e-m+dp/hard/libnosys.a
END GROUP
START GROUP
LOAD /Library/DaisyToolchain/0.2.0/arm/bin/../lib/gcc/arm-none-eabi/10.3.1/thumb/v7e-m+dp/hard/libgcc.a
LOAD /Library/DaisyToolchain/0.2.0/arm/bin/../lib/gcc/arm-none-eabi/10.3.1/../../../../arm-none-eabi/lib/thumb/v7e-m+dp/hard/libc_nano.a
LOAD /Library/DaisyToolchain/0.2.0/arm/bin/../lib/gcc/arm-none-eabi/10.3.1/../../../../arm-none-eabi/lib/thumb/v7e-m+dp/hard/libnosys.a
END GROUP
LOAD /Library/DaisyToolchain/0.2.0/arm/bin/../lib/gcc/arm-none-eabi/10.3.1/thumb/v7e-m+dp/hard/crtend.o
LOAD /Library/DaisyToolchain/0.2.0/arm/bin/../lib/gcc/arm-none-eabi/10.3.1/thumb/v7e-m+dp/hard/crtn.o
                0x0000000020020000                _estack = 0x20020000

.isr_vector     0x0000000008000000      0x298
                0x0000000008000000                . = ALIGN (0x4)
 *(.isr_vector)
 .isr_vector    0x0000000008000000      0x298 build/startup_stm32h750xx.o
                0x0000000008000000                g_pfnVectors
                0x0000000008000298                . = ALIGN (0x4)

.text           0x00000000080002a0    0x204b0
                0x00000000080002a0                . = ALIGN (0x4)
                0x00000000080002a0                _stext = .
 *(.text)
 .text          0x00000000080002a0       0x40 /Library/DaisyToolchain/0.2.0/arm/bin/../lib/gcc/arm-none-eabi/10.3.1/thumb/v7e-m+dp/hard/crtbegin.o
 .text          0x00000000080002e0       0x10 /Library/DaisyToolchain/0.2.0/arm/bin/../lib/gcc/arm-none-eabi/10.3.1/../../../../arm-none-eabi/lib/thumb/v7e-m+dp/hard/libc_nano.a(lib_a-strlen.o)
                0x00000000080002e0                strlen
 .text          0x00000000080002f0       0xa0 /Library/DaisyToolchain/0.2.0/arm/bin/../lib/gcc/arm-none-eabi/10.3.1/../../../../arm-none-eabi/lib/thumb/v7e-m+dp/hard/libc_nano.a(lib_a-memchr.o)
                0x00000000080002f0                memchr
 .text          0x0000000008000390      0x378 /Library/DaisyToolchain/0.2.0/arm/bin/../lib/gcc/arm-none-eabi/10.3.1/thumb/v7e-m+dp/hard/libgcc.a(_arm_addsubdf3.o)
                0x0000000008000390                __aeabi_drsub
                0x0000000008000398                __subdf3
                0x0000000008000398                __aeabi_dsub
                0x000000000800039c                __aeabi_dadd
                0x000000000800039c                __adddf3
                0x0000000008000614                __aeabi_ui2d
                0x0000000008000614                __floatunsidf
                0x0000000008000634                __floatsidf
                0x0000000008000634                __aeabi_i2d
                0x0000000008000658                __extendsfdf2
                0x0000000008000658                __aeabi_f2d
                0x000000000800069c                __aeabi_ul2d
                0x000000000800069c                __floatundidf
                0x00000000080006ac                __aeabi_l2d
                0x00000000080006ac                __floatdidf
 .text          0x0000000008000708      0x21c /Library/DaisyToolchain/0.2.0/arm/bin/../lib/gcc/arm-none-eabi/10.3.1/thumb/v7e-m+dp/hard/libgcc.a(_arm_addsubsf3.o)
                0x0000000008000708                __aeabi_frsub
                0x0000000008000710                __aeabi_fsub
                0x0000000008000710                __subsf3
                0x0000000008000714                __aeabi_fadd
                0x0000000008000714                __addsf3
                0x0000000008000874                __aeabi_ui2f
                0x0000000008000874                __floatunsisf
                0x000000000800087c                __floatsisf
                0x000000000800087c                __aeabi_i2f
                0x0000000008000898                __aeabi_ul2f
                0x0000000008000898                __floatundisf
                0x00000000080008a8                __aeabi_l2f
                0x00000000080008a8                __floatdisf
 .text          0x0000000008000924       0x30 /Library/DaisyToolchain/0.2.0/arm/bin/../lib/gcc/arm-none-eabi/10.3.1/thumb/v7e-m+dp/hard/libgcc.a(_aeabi_uldivmod.o)
                0x0000000008000924                __aeabi_uldivmod
 *fill*         0x0000000008000954        0x4 
 .text          0x0000000008000958       0x40 /Library/DaisyToolchain/0.2.0/arm/bin/../lib/gcc/arm-none-eabi/10.3.1/thumb/v7e-m+dp/hard/libgcc.a(_fixunsdfdi.o)
                0x0000000008000958                __aeabi_d2ulz
                0x0000000008000958                __fixunsdfdi
 .text          0x0000000008000998      0x2d0 /Library/DaisyToolchain/0.2.0/arm/bin/../lib/gcc/arm-none-eabi/10.3.1/thumb/v7e-m+dp/hard/libgcc.a(_udivmoddi4.o)
                0x0000000008000998                __udivmoddi4
 .text          0x0000000008000c68        0x4 /Library/DaisyToolchain/0.2.0/arm/bin/../lib/gcc/arm-none-eabi/10.3.1/thumb/v7e-m+dp/hard/libgcc.a(_dvmd_tls.o)
                0x0000000008000c68                __aeabi_ldiv0
                0x0000000008000c68                __aeabi_idiv0
 *(.text*)
 .text.btt_destroy
                0x0000000008000c6c       0x64 build/BTT.o
                0x0000000008000c6c                btt_destroy
 .text.btt_get_tempo_bpm
                0x0000000008000cd0       0x60 build/BTT.o
                0x0000000008000cd0                btt_get_tempo_bpm
 .text.btt_get_tempo_certainty
                0x0000000008000d30       0x14 build/BTT.o
                0x0000000008000d30                btt_get_tempo_certainty
 *fill*         0x0000000008000d44        0x4 
 .text.btt_tempo_tracking
                0x0000000008000d48      0x398 build/BTT.o
                0x0000000008000d48                btt_tempo_tracking
 .text.btt_beat_tracking
                0x00000000080010e0      0x330 build/BTT.o
                0x00000000080010e0                btt_beat_tracking
 .text.btt_process
                0x0000000008001410       0x28 build/BTT.o
                0x0000000008001410                btt_process
 .text.btt_set_min_tempo
                0x0000000008001438       0x40 build/BTT.o
                0x0000000008001438                btt_set_min_tempo
 .text.btt_get_min_tempo
                0x0000000008001478       0x28 build/BTT.o
                0x0000000008001478                btt_get_min_tempo
 .text.btt_set_max_tempo
                0x00000000080014a0       0x30 build/BTT.o
                0x00000000080014a0                btt_set_max_tempo
 .text.btt_get_max_tempo
                0x00000000080014d0       0x28 build/BTT.o
                0x00000000080014d0                btt_get_max_tempo
 .text.btt_init_tempo
                0x00000000080014f8      0x10c build/BTT.o
                0x00000000080014f8                btt_init_tempo
 *fill*         0x0000000008001604        0x4 
 .text.btt_clear
                0x0000000008001608       0x48 build/BTT.o
                0x0000000008001608                btt_clear
 .text.btt_set_metronome_bpm
                0x0000000008001650       0x70 build/BTT.o
                0x0000000008001650                btt_set_metronome_bpm
 .text.btt_set_onset_threshold
                0x00000000080016c0        0x6 build/BTT.o
                0x00000000080016c0                btt_set_onset_threshold
 .text.btt_set_onset_threshold_min
                0x00000000080016c6        0x6 build/BTT.o
                0x00000000080016c6                btt_set_onset_threshold_min
 .text.btt_set_num_tempo_candidates
                0x00000000080016cc        0xa build/BTT.o
                0x00000000080016cc                btt_set_num_tempo_candidates
 *fill*         0x00000000080016d6        0x2 
 .text.btt_set_noise_cancellation_threshold
                0x00000000080016d8       0x50 build/BTT.o
                0x00000000080016d8                btt_set_noise_cancellation_threshold
 .text.btt_set_cbss_alpha
                0x0000000008001728       0x38 build/BTT.o
                0x0000000008001728                btt_set_cbss_alpha
 .text.btt_set_gaussian_tempo_histogram_decay
                0x0000000008001760       0x48 build/BTT.o
                0x0000000008001760                btt_set_gaussian_tempo_histogram_decay
 .text.btt_get_log_gaussian_tempo_weight_mean
                0x00000000080017a8       0x30 build/BTT.o
                0x00000000080017a8                btt_get_log_gaussian_tempo_weight_mean
 .text.btt_set_log_gaussian_tempo_weight_width
                0x00000000080017d8       0x2c build/BTT.o
                0x00000000080017d8                btt_set_log_gaussian_tempo_weight_width
 .text.btt_get_log_gaussian_tempo_weight_width
                0x0000000008001804       0x20 build/BTT.o
                0x0000000008001804                btt_get_log_gaussian_tempo_weight_width
 *fill*         0x0000000008001824        0x4 
 .text.btt_set_log_gaussian_tempo_weight_mean
                0x0000000008001828       0x58 build/BTT.o
                0x0000000008001828                btt_set_log_gaussian_tempo_weight_mean
 .text.btt_set_predicted_beat_trigger_index
                0x0000000008001880       0x16 build/BTT.o
                0x0000000008001880                btt_set_predicted_beat_trigger_index
 .text.btt_set_analysis_latency_beat_adjustment
                0x0000000008001896       0x44 build/BTT.o
                0x0000000008001896                btt_set_analysis_latency_beat_adjustment
 .text.btt_set_tracking_mode
                0x00000000080018da       0x58 build/BTT.o
                0x00000000080018da                btt_set_tracking_mode
 *fill*         0x0000000008001932        0x6 
 .text.btt_onset_tracking
                0x0000000008001938      0x204 build/BTT.o
                0x0000000008001938                btt_onset_tracking
 .text.btt_spectral_flux_stft_callback
                0x0000000008001b3c       0xbc build/BTT.o
                0x0000000008001b3c                btt_spectral_flux_stft_callback
 .text.btt_init
                0x0000000008001bf8      0x120 build/BTT.o
                0x0000000008001bf8                btt_init
 .text.btt_new  0x0000000008001d18      0x158 build/BTT.o
                0x0000000008001d18                btt_new
 .text.btt_new_default
                0x0000000008001e70       0x38 build/BTT.o
                0x0000000008001e70                btt_new_default
 .text.rdft_rect_to_polar
                0x0000000008001ea8       0x54 build/DFT.o
                0x0000000008001ea8                rdft_rect_to_polar
 .text.rdft_bit_reverse_indices
                0x0000000008001efc       0x3e build/DFT.o
                0x0000000008001efc                rdft_bit_reverse_indices
 *fill*         0x0000000008001f3a        0x2 
 .text.rdft_real_forward_dft
                0x0000000008001f3c      0x178 build/DFT.o
                0x0000000008001f3c                rdft_real_forward_dft
 .text.rdft_real_inverse_dft
                0x00000000080020b4      0x328 build/DFT.o
                0x00000000080020b4                rdft_real_inverse_dft
 .text.rdft_real_generalized_autocorrelation
                0x00000000080023dc       0x98 build/DFT.o
                0x00000000080023dc                rdft_real_generalized_autocorrelation
 .text.dft_normalize_magnitude
                0x0000000008002474       0x50 build/DFT.o
                0x0000000008002474                dft_normalize_magnitude
 *fill*         0x00000000080024c4        0x4 
 .text.dft_init_blackman_window
                0x00000000080024c8       0x70 build/DFT.o
                0x00000000080024c8                dft_init_blackman_window
 .text.dft_apply_window
                0x0000000008002538       0x1a build/DFT.o
                0x0000000008002538                dft_apply_window
 .text.filter_init_bandstop_coeffs
                0x0000000008002552        0x2 build/Filter.o
                0x0000000008002552                filter_init_bandstop_coeffs
 .text.filter_init_rect_window
                0x0000000008002554       0x1c build/Filter.o
                0x0000000008002554                filter_init_rect_window
 .text.filter_init_lowpass_coeffs
                0x0000000008002570       0xb0 build/Filter.o
                0x0000000008002570                filter_init_lowpass_coeffs
 .text.filter_init_highpass_coeffs
                0x0000000008002620       0xc8 build/Filter.o
                0x0000000008002620                filter_init_highpass_coeffs
 .text.filter_init_bandpass_coeffs
                0x00000000080026e8        0x4 build/Filter.o
                0x00000000080026e8                filter_init_bandpass_coeffs
 *fill*         0x00000000080026ec        0x4 
 .text.filter_init_hann_window
                0x00000000080026f0       0x68 build/Filter.o
                0x00000000080026f0                filter_init_hann_window
 .text.filter_init_hamming_window
                0x0000000008002758       0x78 build/Filter.o
                0x0000000008002758                filter_init_hamming_window
 .text.filter_init_blackmann_window
                0x00000000080027d0       0x78 build/Filter.o
                0x00000000080027d0                filter_init_blackmann_window
 .text.filter_destroy
                0x0000000008002848       0x28 build/Filter.o
                0x0000000008002848                filter_destroy
 .text.filter_set_cutoff
                0x0000000008002870       0x18 build/Filter.o
                0x0000000008002870                filter_set_cutoff
 .text.filter_set_sample_rate
                0x0000000008002888        0xc build/Filter.o
                0x0000000008002888                filter_set_sample_rate
 .text.filter_set_window_type
                0x0000000008002894       0x50 build/Filter.o
                0x0000000008002894                filter_set_window_type
 .text.filter_new
                0x00000000080028e4       0x74 build/Filter.o
                0x00000000080028e4                filter_new
 .text.filter_process_data
                0x0000000008002958       0x50 build/Filter.o
                0x0000000008002958                filter_process_data
 .text.online_average_init
                0x00000000080029a8       0x1e build/Statistics.o
                0x00000000080029a8                online_average_init
 .text.online_average_new
                0x00000000080029c6       0x16 build/Statistics.o
                0x00000000080029c6                online_average_new
 .text.online_average_destroy
                0x00000000080029dc        0xc build/Statistics.o
                0x00000000080029dc                online_average_destroy
 .text.online_average_mean
                0x00000000080029e8        0x6 build/Statistics.o
                0x00000000080029e8                online_average_mean
 .text.online_average_variance
                0x00000000080029ee        0x6 build/Statistics.o
                0x00000000080029ee                online_average_variance
 .text.online_average_update
                0x00000000080029f4       0x62 build/Statistics.o
                0x00000000080029f4                online_average_update
 .text.moving_average_init
                0x0000000008002a56       0x1a build/Statistics.o
                0x0000000008002a56                moving_average_init
 .text.moving_average_destroy
                0x0000000008002a70       0x1e build/Statistics.o
                0x0000000008002a70                moving_average_destroy
 .text.moving_average_new
                0x0000000008002a8e       0x3c build/Statistics.o
                0x0000000008002a8e                moving_average_new
 .text.moving_average_std_dev
                0x0000000008002aca        0x8 build/Statistics.o
                0x0000000008002aca                moving_average_std_dev
 .text.moving_average_update
                0x0000000008002ad2       0x90 build/Statistics.o
                0x0000000008002ad2                moving_average_update
 .text.adaptive_threshold_clear
                0x0000000008002b62       0x18 build/Statistics.o
                0x0000000008002b62                adaptive_threshold_clear
 *fill*         0x0000000008002b7a        0x2 
 .text.adaptive_threshold_init
                0x0000000008002b7c       0x28 build/Statistics.o
                0x0000000008002b7c                adaptive_threshold_init
 .text.adaptive_threshold_destroy
                0x0000000008002ba4       0x16 build/Statistics.o
                0x0000000008002ba4                adaptive_threshold_destroy
 .text.adaptive_threshold_new
                0x0000000008002bba       0x2e build/Statistics.o
                0x0000000008002bba                adaptive_threshold_new
 .text.adaptive_threshold_set_smoothing
                0x0000000008002be8       0x30 build/Statistics.o
                0x0000000008002be8                adaptive_threshold_set_smoothing
 .text.adaptive_threshold_set_threshold
                0x0000000008002c18        0x6 build/Statistics.o
                0x0000000008002c18                adaptive_threshold_set_threshold
 .text.adaptive_threshold_set_threshold_min
                0x0000000008002c1e        0x6 build/Statistics.o
                0x0000000008002c1e                adaptive_threshold_set_threshold_min
 *fill*         0x0000000008002c24        0x4 
 .text.adaptive_threshold_update
                0x0000000008002c28       0xb8 build/Statistics.o
                0x0000000008002c28                adaptive_threshold_update
 .text.stft_destroy
                0x0000000008002ce0       0x30 build/STFT.o
                0x0000000008002ce0                stft_destroy
 .text.stft_new
                0x0000000008002d10       0x8e build/STFT.o
                0x0000000008002d10                stft_new
 .text.stft_process
                0x0000000008002d9e      0x100 build/STFT.o
                0x0000000008002d9e                stft_process
 .text.stft_get_N
                0x0000000008002e9e        0x4 build/STFT.o
                0x0000000008002e9e                stft_get_N
 .text.stft_get_hop
                0x0000000008002ea2        0x4 build/STFT.o
                0x0000000008002ea2                stft_get_hop
 .text.Default_Handler
                0x0000000008002ea6        0x2 build/startup_stm32h750xx.o
                0x0000000008002ea6                SAI1_IRQHandler
                0x0000000008002ea6                HASH_RNG_IRQHandler
                0x0000000008002ea6                EXTI2_IRQHandler
                0x0000000008002ea6                TIM8_CC_IRQHandler
                0x0000000008002ea6                HRTIM1_Master_IRQHandler
                0x0000000008002ea6                DebugMon_Handler
                0x0000000008002ea6                TIM1_CC_IRQHandler
                0x0000000008002ea6                BDMA_Channel6_IRQHandler
                0x0000000008002ea6                DMA2_Stream5_IRQHandler
                0x0000000008002ea6                HRTIM1_FLT_IRQHandler
                0x0000000008002ea6                JPEG_IRQHandler
                0x0000000008002ea6                BDMA_Channel1_IRQHandler
                0x0000000008002ea6                HRTIM1_TIMD_IRQHandler
                0x0000000008002ea6                TAMP_STAMP_IRQHandler
                0x0000000008002ea6                PendSV_Handler
                0x0000000008002ea6                NMI_Handler
                0x0000000008002ea6                EXTI3_IRQHandler
                0x0000000008002ea6                LPTIM4_IRQHandler
                0x0000000008002ea6                TIM8_TRG_COM_TIM14_IRQHandler
                0x0000000008002ea6                LPTIM2_IRQHandler
                0x0000000008002ea6                DFSDM1_FLT1_IRQHandler
                0x0000000008002ea6                DMAMUX2_OVR_IRQHandler
                0x0000000008002ea6                TIM8_UP_TIM13_IRQHandler
                0x0000000008002ea6                I2C3_ER_IRQHandler
                0x0000000008002ea6                DFSDM1_FLT2_IRQHandler
                0x0000000008002ea6                MDMA_IRQHandler
                0x0000000008002ea6                LPTIM3_IRQHandler
                0x0000000008002ea6                HSEM1_IRQHandler
                0x0000000008002ea6                EXTI0_IRQHandler
                0x0000000008002ea6                FPU_IRQHandler
                0x0000000008002ea6                OTG_HS_WKUP_IRQHandler
                0x0000000008002ea6                FDCAN1_IT1_IRQHandler
                0x0000000008002ea6                UsageFault_Handler
                0x0000000008002ea6                LTDC_ER_IRQHandler
                0x0000000008002ea6                HRTIM1_TIME_IRQHandler
                0x0000000008002ea6                TIM6_DAC_IRQHandler
                0x0000000008002ea6                DCMI_IRQHandler
                0x0000000008002ea6                HRTIM1_TIMC_IRQHandler
                0x0000000008002ea6                SAI2_IRQHandler
                0x0000000008002ea6                DFSDM1_FLT3_IRQHandler
                0x0000000008002ea6                TIM17_IRQHandler
                0x0000000008002ea6                CRYP_IRQHandler
                0x0000000008002ea6                BDMA_Channel7_IRQHandler
                0x0000000008002ea6                LPTIM5_IRQHandler
                0x0000000008002ea6                ADC3_IRQHandler
                0x0000000008002ea6                DMA2_Stream0_IRQHandler
                0x0000000008002ea6                BDMA_Channel2_IRQHandler
                0x0000000008002ea6                DMAMUX1_OVR_IRQHandler
                0x0000000008002ea6                TIM16_IRQHandler
                0x0000000008002ea6                BDMA_Channel5_IRQHandler
                0x0000000008002ea6                RCC_IRQHandler
                0x0000000008002ea6                TIM8_BRK_TIM12_IRQHandler
                0x0000000008002ea6                TIM1_TRG_COM_IRQHandler
                0x0000000008002ea6                Default_Handler
                0x0000000008002ea6                ECC_IRQHandler
                0x0000000008002ea6                CEC_IRQHandler
                0x0000000008002ea6                EXTI15_10_IRQHandler
                0x0000000008002ea6                BDMA_Channel0_IRQHandler
                0x0000000008002ea6                ADC_IRQHandler
                0x0000000008002ea6                DMA1_Stream7_IRQHandler
                0x0000000008002ea6                HRTIM1_TIMA_IRQHandler
                0x0000000008002ea6                TIM7_IRQHandler
                0x0000000008002ea6                SDMMC1_IRQHandler
                0x0000000008002ea6                DMA2_Stream7_IRQHandler
                0x0000000008002ea6                TIM15_IRQHandler
                0x0000000008002ea6                PVD_AVD_IRQHandler
                0x0000000008002ea6                EXTI9_5_IRQHandler
                0x0000000008002ea6                RTC_WKUP_IRQHandler
                0x0000000008002ea6                LTDC_IRQHandler
                0x0000000008002ea6                SAI3_IRQHandler
                0x0000000008002ea6                ETH_WKUP_IRQHandler
                0x0000000008002ea6                SPDIF_RX_IRQHandler
                0x0000000008002ea6                MemManage_Handler
                0x0000000008002ea6                SVC_Handler
                0x0000000008002ea6                CRS_IRQHandler
                0x0000000008002ea6                EXTI4_IRQHandler
                0x0000000008002ea6                HRTIM1_TIMB_IRQHandler
                0x0000000008002ea6                FDCAN2_IT1_IRQHandler
                0x0000000008002ea6                ETH_IRQHandler
                0x0000000008002ea6                TIM1_UP_IRQHandler
                0x0000000008002ea6                BDMA_Channel4_IRQHandler
                0x0000000008002ea6                WWDG_IRQHandler
                0x0000000008002ea6                SPI6_IRQHandler
                0x0000000008002ea6                I2C4_EV_IRQHandler
                0x0000000008002ea6                MDIOS_IRQHandler
                0x0000000008002ea6                FDCAN2_IT0_IRQHandler
                0x0000000008002ea6                FDCAN1_IT0_IRQHandler
                0x0000000008002ea6                OTG_FS_WKUP_IRQHandler
                0x0000000008002ea6                DMA2D_IRQHandler
                0x0000000008002ea6                TIM1_BRK_IRQHandler
                0x0000000008002ea6                EXTI1_IRQHandler
                0x0000000008002ea6                SDMMC2_IRQHandler
                0x0000000008002ea6                BDMA_Channel3_IRQHandler
                0x0000000008002ea6                MDIOS_WKUP_IRQHandler
                0x0000000008002ea6                DFSDM1_FLT0_IRQHandler
                0x0000000008002ea6                SAI4_IRQHandler
                0x0000000008002ea6                I2C2_ER_IRQHandler
                0x0000000008002ea6                DMA2_Stream1_IRQHandler
                0x0000000008002ea6                FLASH_IRQHandler
                0x0000000008002ea6                BusFault_Handler
                0x0000000008002ea6                WAKEUP_PIN_IRQHandler
                0x0000000008002ea6                I2C1_ER_IRQHandler
                0x0000000008002ea6                FMC_IRQHandler
                0x0000000008002ea6                FDCAN_CAL_IRQHandler
                0x0000000008002ea6                SWPMI1_IRQHandler
                0x0000000008002ea6                COMP1_IRQHandler
                0x0000000008002ea6                LPTIM1_IRQHandler
                0x0000000008002ea6                I2C4_ER_IRQHandler
                0x0000000008002ea6                DMA2_Stream6_IRQHandler
                0x0000000008002ea6                RTC_Alarm_IRQHandler
 .text.Reset_Handler
                0x0000000008002ea8       0x3c build/startup_stm32h750xx.o
                0x0000000008002ea8                Reset_Handler
 .text._ZN5daisy8DaisyPodD2Ev
                0x0000000008002ee4        0x2 build/realtime-bpm-detection.o
                0x0000000008002ee4                daisy::DaisyPod::~DaisyPod()
                0x0000000008002ee4                daisy::DaisyPod::~DaisyPod()
 *fill*         0x0000000008002ee6        0x2 
 .text._Z19CalculateAverageBpmv
                0x0000000008002ee8       0x48 build/realtime-bpm-detection.o
                0x0000000008002ee8                CalculateAverageBpm()
 .text._Z13AudioCallbackPKPKfPPfj
                0x0000000008002f30       0xa8 build/realtime-bpm-detection.o
                0x0000000008002f30                AudioCallback(float const* const*, float**, unsigned int)
 .text.startup.main
                0x0000000008002fd8      0x128 build/realtime-bpm-detection.o
                0x0000000008002fd8                main
 .text.startup._GLOBAL__sub_I_hw
                0x0000000008003100       0x5c build/realtime-bpm-detection.o
 .text._ZN5daisy8DaisyPod10StartAudioEPFvPKPKfPPfjE
                0x000000000800315c        0x4 ../../libDaisy//build/libdaisy.a(daisy_pod.o)
                0x000000000800315c                daisy::DaisyPod::StartAudio(void (*)(float const* const*, float**, unsigned int))
 .text._ZN5daisy8DaisyPod17SetAudioBlockSizeEj
                0x0000000008003160       0x2c ../../libDaisy//build/libdaisy.a(daisy_pod.o)
                0x0000000008003160                daisy::DaisyPod::SetAudioBlockSize(unsigned int)
 .text._ZN5daisy8DaisyPod10UpdateLedsEv
                0x000000000800318c       0x18 ../../libDaisy//build/libdaisy.a(daisy_pod.o)
                0x000000000800318c                daisy::DaisyPod::UpdateLeds()
 .text._ZN5daisy8DaisyPod8InitLedsEv
                0x00000000080031a4       0x98 ../../libDaisy//build/libdaisy.a(daisy_pod.o)
                0x00000000080031a4                daisy::DaisyPod::InitLeds()
 .text._ZN5daisy8DaisyPod9InitKnobsEv
                0x000000000800323c       0x90 ../../libDaisy//build/libdaisy.a(daisy_pod.o)
                0x000000000800323c                daisy::DaisyPod::InitKnobs()
 .text._ZN5daisy8DaisyPod4InitEb
                0x00000000080032cc      0x128 ../../libDaisy//build/libdaisy.a(daisy_pod.o)
                0x00000000080032cc                daisy::DaisyPod::Init(bool)
 .text._ZN5daisy9DaisySeed9ConfigureEv
                0x00000000080033f4        0x4 ../../libDaisy//build/libdaisy.a(daisy_seed.o)
                0x00000000080033f4                daisy::DaisySeed::Configure()
 .text._ZN5daisy9DaisySeed10StartAudioEPFvPKPKfPPfjE
                0x00000000080033f8        0x8 ../../libDaisy//build/libdaisy.a(daisy_seed.o)
                0x00000000080033f8                daisy::DaisySeed::StartAudio(void (*)(float const* const*, float**, unsigned int))
 .text._ZN5daisy9DaisySeed17SetAudioBlockSizeEj
                0x0000000008003400       0x38 ../../libDaisy//build/libdaisy.a(daisy_seed.o)
                0x0000000008003400                daisy::DaisySeed::SetAudioBlockSize(unsigned int)
 .text._ZNK5daisy9DaisySeed17AudioCallbackRateEv
                0x0000000008003438        0x8 ../../libDaisy//build/libdaisy.a(daisy_seed.o)
                0x0000000008003438                daisy::DaisySeed::AudioCallbackRate() const
 .text._ZN5daisy9DaisySeed17CheckBoardVersionEv
                0x0000000008003440       0x6c ../../libDaisy//build/libdaisy.a(daisy_seed.o)
                0x0000000008003440                daisy::DaisySeed::CheckBoardVersion()
 .text._ZN5daisy9DaisySeed14ConfigureAudioEv
                0x00000000080034ac      0x10c ../../libDaisy//build/libdaisy.a(daisy_seed.o)
                0x00000000080034ac                daisy::DaisySeed::ConfigureAudio()
 .text._ZN5daisy9DaisySeed4InitEb
                0x00000000080035b8      0x108 ../../libDaisy//build/libdaisy.a(daisy_seed.o)
                0x00000000080035b8                daisy::DaisySeed::Init(bool)
 .text._ZN5daisy6Ak45564InitE12dsy_gpio_pin
                0x00000000080036c0       0x44 ../../libDaisy//build/libdaisy.a(codec_ak4556.o)
                0x00000000080036c0                daisy::Ak4556::Init(dsy_gpio_pin)
 .text._ZN5daisy6Wm873120WriteControlRegisterEht
                0x0000000008003704       0x3c ../../libDaisy//build/libdaisy.a(codec_wm8731.o)
                0x0000000008003704                daisy::Wm8731::WriteControlRegister(unsigned char, unsigned short)
 .text._ZN5daisy6Wm87314InitERKNS0_6ConfigENS_9I2CHandleE
                0x0000000008003740      0x1bc ../../libDaisy//build/libdaisy.a(codec_wm8731.o)
                0x0000000008003740                daisy::Wm8731::Init(daisy::Wm8731::Config const&, daisy::I2CHandle)
 .text._ZN11SdramHandle10DeviceInitEv
                0x00000000080038fc       0x98 ../../libDaisy//build/libdaisy.a(sdram.o)
                0x00000000080038fc                SdramHandle::DeviceInit()
 .text._ZN11SdramHandle4InitEv
                0x0000000008003994       0x7c ../../libDaisy//build/libdaisy.a(sdram.o)
                0x0000000008003994                SdramHandle::Init()
 .text.HAL_SDRAM_MspInit
                0x0000000008003a10      0x1a8 ../../libDaisy//build/libdaisy.a(sdram.o)
                0x0000000008003a10                HAL_SDRAM_MspInit
 .text._ZN5daisy11AudioHandle4Impl16InternalCallbackEPlS2_j
                0x0000000008003bb8      0xbbc ../../libDaisy//build/libdaisy.a(audio.o)
                0x0000000008003bb8                daisy::AudioHandle::Impl::InternalCallback(long*, long*, unsigned int)
 .text._ZN5daisy11AudioHandle4InitERKNS0_6ConfigENS_9SaiHandleE
                0x0000000008004774       0x70 ../../libDaisy//build/libdaisy.a(audio.o)
                0x0000000008004774                daisy::AudioHandle::Init(daisy::AudioHandle::Config const&, daisy::SaiHandle)
 .text._ZNK5daisy11AudioHandle9GetConfigEv
                0x00000000080047e4        0x8 ../../libDaisy//build/libdaisy.a(audio.o)
                0x00000000080047e4                daisy::AudioHandle::GetConfig() const
 .text._ZN5daisy11AudioHandle12SetBlockSizeEj
                0x00000000080047ec       0x1c ../../libDaisy//build/libdaisy.a(audio.o)
                0x00000000080047ec                daisy::AudioHandle::SetBlockSize(unsigned int)
 .text._ZN5daisy11AudioHandle13GetSampleRateEv
                0x0000000008004808        0x8 ../../libDaisy//build/libdaisy.a(audio.o)
                0x0000000008004808                daisy::AudioHandle::GetSampleRate()
 .text._ZN5daisy11AudioHandle5StartEPFvPKPKfPPfjE
                0x0000000008004810       0x44 ../../libDaisy//build/libdaisy.a(audio.o)
                0x0000000008004810                daisy::AudioHandle::Start(void (*)(float const* const*, float**, unsigned int))
 .text.startup._GLOBAL__sub_I__ZN5daisy11AudioHandle4Impl4InitENS0_6ConfigENS_9SaiHandleE
                0x0000000008004854       0x24 ../../libDaisy//build/libdaisy.a(audio.o)
 .text._ZN5daisy13AnalogControl4InitEPtfbbf
                0x0000000008004878       0x64 ../../libDaisy//build/libdaisy.a(ctrl.o)
                0x0000000008004878                daisy::AnalogControl::Init(unsigned short*, float, bool, bool, float)
 .text._ZN5daisy13AnalogControl13SetSampleRateEf
                0x00000000080048dc       0x58 ../../libDaisy//build/libdaisy.a(ctrl.o)
                0x00000000080048dc                daisy::AnalogControl::SetSampleRate(float)
 .text._ZN5daisy7Encoder4InitE12dsy_gpio_pinS1_S1_f
                0x0000000008004934       0x60 ../../libDaisy//build/libdaisy.a(encoder.o)
                0x0000000008004934                daisy::Encoder::Init(dsy_gpio_pin, dsy_gpio_pin, dsy_gpio_pin, float)
 .text._ZN5daisy9UsbHandleD2Ev
                0x0000000008004994        0x4 ../../libDaisy//build/libdaisy.a(logger.o)
                0x0000000008004994                daisy::UsbHandle::~UsbHandle()
                0x0000000008004994                daisy::UsbHandle::~UsbHandle()
 .text._ZN5daisy6LoggerILNS_17LoggerDestinationE1EE11TransmitBufEv
                0x0000000008004998       0x60 ../../libDaisy//build/libdaisy.a(logger.o)
                0x0000000008004998                daisy::Logger<(daisy::LoggerDestination)1>::TransmitBuf()
 .text._ZN5daisy6LoggerILNS_17LoggerDestinationE1EE13AppendNewLineEv
                0x00000000080049f8       0x60 ../../libDaisy//build/libdaisy.a(logger.o)
                0x00000000080049f8                daisy::Logger<(daisy::LoggerDestination)1>::AppendNewLine()
 .text._ZN5daisy6LoggerILNS_17LoggerDestinationE1EE10PrintLineVEPKcSt9__va_list
                0x0000000008004a58       0x30 ../../libDaisy//build/libdaisy.a(logger.o)
                0x0000000008004a58                daisy::Logger<(daisy::LoggerDestination)1>::PrintLineV(char const*, std::__va_list)
 .text._ZN5daisy6LoggerILNS_17LoggerDestinationE1EE9PrintLineEPKcz
                0x0000000008004a88       0x1c ../../libDaisy//build/libdaisy.a(logger.o)
                0x0000000008004a88                daisy::Logger<(daisy::LoggerDestination)1>::PrintLine(char const*, ...)
 .text._ZN5daisy6LoggerILNS_17LoggerDestinationE1EE8StartLogEb
                0x0000000008004aa4       0x40 ../../libDaisy//build/libdaisy.a(logger.o)
                0x0000000008004aa4                daisy::Logger<(daisy::LoggerDestination)1>::StartLog(bool)
 .text.startup._GLOBAL__sub_I__ZN5daisy10LoggerImplILNS_17LoggerDestinationE1EE11usb_handle_E
                0x0000000008004ae4       0x2c ../../libDaisy//build/libdaisy.a(logger.o)
 .text._ZN5daisy17MidiUartTransport6ConfigC2Ev
                0x0000000008004b10       0x28 ../../libDaisy//build/libdaisy.a(midi.o)
                0x0000000008004b10                daisy::MidiUartTransport::Config::Config()
                0x0000000008004b10                daisy::MidiUartTransport::Config::Config()
 .text._ZN5daisy10MidiParser5ResetEv
                0x0000000008004b38        0xc ../../libDaisy//build/libdaisy.a(midi_parser.o)
                0x0000000008004b38                daisy::MidiParser::Reset()
 .text._ZN5daisy6RgbLed4InitE12dsy_gpio_pinS1_S1_b
                0x0000000008004b44       0x50 ../../libDaisy//build/libdaisy.a(rgb_led.o)
                0x0000000008004b44                daisy::RgbLed::Init(dsy_gpio_pin, dsy_gpio_pin, dsy_gpio_pin, bool)
 .text._ZN5daisy6RgbLed3SetEfff
                0x0000000008004b94       0x34 ../../libDaisy//build/libdaisy.a(rgb_led.o)
                0x0000000008004b94                daisy::RgbLed::Set(float, float, float)
 .text._ZN5daisy6RgbLed8SetColorENS_5ColorE
                0x0000000008004bc8       0x2c ../../libDaisy//build/libdaisy.a(rgb_led.o)
                0x0000000008004bc8                daisy::RgbLed::SetColor(daisy::Color)
 .text._ZN5daisy6RgbLed6UpdateEv
                0x0000000008004bf4       0x1c ../../libDaisy//build/libdaisy.a(rgb_led.o)
                0x0000000008004bf4                daisy::RgbLed::Update()
 .text._ZN5daisy6Switch4InitE12dsy_gpio_pinf
                0x0000000008004c10       0x34 ../../libDaisy//build/libdaisy.a(switch.o)
                0x0000000008004c10                daisy::Switch::Init(dsy_gpio_pin, float)
 .text.DummyRxCallback
                0x0000000008004c44        0x4 ../../libDaisy//build/libdaisy.a(usb.o)
                0x0000000008004c44                DummyRxCallback
 .text._ZN5daisy9UsbHandle4InitENS0_9UsbPeriphE
                0x0000000008004c48      0x10c ../../libDaisy//build/libdaisy.a(usb.o)
                0x0000000008004c48                daisy::UsbHandle::Init(daisy::UsbHandle::UsbPeriph)
 .text._ZN5daisy9UsbHandle16TransmitInternalEPhj
                0x0000000008004d54       0x14 ../../libDaisy//build/libdaisy.a(usb.o)
                0x0000000008004d54                daisy::UsbHandle::TransmitInternal(unsigned char*, unsigned int)
 .text.OTG_FS_EP1_OUT_IRQHandler
                0x0000000008004d68        0xc ../../libDaisy//build/libdaisy.a(usb.o)
                0x0000000008004d68                OTG_FS_EP1_OUT_IRQHandler
 .text.OTG_FS_EP1_IN_IRQHandler
                0x0000000008004d74        0xc ../../libDaisy//build/libdaisy.a(usb.o)
                0x0000000008004d74                OTG_FS_EP1_IN_IRQHandler
 .text.OTG_FS_IRQHandler
                0x0000000008004d80        0xc ../../libDaisy//build/libdaisy.a(usb.o)
                0x0000000008004d80                OTG_FS_IRQHandler
 .text._ZN5daisy16AdcChannelConfig10InitSingleE12dsy_gpio_pinNS0_15ConversionSpeedE
                0x0000000008004d8c       0x28 ../../libDaisy//build/libdaisy.a(adc.o)
                0x0000000008004d8c                daisy::AdcChannelConfig::InitSingle(dsy_gpio_pin, daisy::AdcChannelConfig::ConversionSpeed)
 .text._ZN5daisy9AdcHandle4InitEPNS_16AdcChannelConfigEjNS0_12OverSamplingE
                0x0000000008004db4      0x41c ../../libDaisy//build/libdaisy.a(adc.o)
                0x0000000008004db4                daisy::AdcHandle::Init(daisy::AdcChannelConfig*, unsigned int, daisy::AdcHandle::OverSampling)
 .text._ZNK5daisy9AdcHandle6GetPtrEh
                0x00000000080051d0       0x14 ../../libDaisy//build/libdaisy.a(adc.o)
                0x00000000080051d0                daisy::AdcHandle::GetPtr(unsigned char) const
 .text.HAL_ADC_MspInit
                0x00000000080051e4       0x98 ../../libDaisy//build/libdaisy.a(adc.o)
                0x00000000080051e4                HAL_ADC_MspInit
 .text.DMA1_Stream2_IRQHandler
                0x000000000800527c        0xc ../../libDaisy//build/libdaisy.a(adc.o)
                0x000000000800527c                DMA1_Stream2_IRQHandler
 .text._ZN5daisy4GPIO4InitENS_3PinENS0_4ModeENS0_4PullENS0_5SpeedE
                0x0000000008005288      0x1cc ../../libDaisy//build/libdaisy.a(gpio.o)
                0x0000000008005288                daisy::GPIO::Init(daisy::Pin, daisy::GPIO::Mode, daisy::GPIO::Pull, daisy::GPIO::Speed)
 .text._ZN5daisy4GPIO4ReadEv
                0x0000000008005454       0x18 ../../libDaisy//build/libdaisy.a(gpio.o)
                0x0000000008005454                daisy::GPIO::Read()
 .text._ZN5daisy4GPIO5WriteEb
                0x000000000800546c       0x14 ../../libDaisy//build/libdaisy.a(gpio.o)
                0x000000000800546c                daisy::GPIO::Write(bool)
 .text.dsy_gpio_init
                0x0000000008005480      0x1b8 ../../libDaisy//build/libdaisy.a(gpio.o)
                0x0000000008005480                dsy_gpio_init
 .text.dsy_gpio_write
                0x0000000008005638       0x24 ../../libDaisy//build/libdaisy.a(gpio.o)
                0x0000000008005638                dsy_gpio_write
 .text._ZN5daisy9I2CHandle4Impl8InitPinsEv
                0x000000000800565c       0x58 ../../libDaisy//build/libdaisy.a(i2c.o)
                0x000000000800565c                daisy::I2CHandle::Impl::InitPins()
 .text.HAL_I2C_MspInit
                0x00000000080056b4      0x1b4 ../../libDaisy//build/libdaisy.a(i2c.o)
                0x00000000080056b4                HAL_I2C_MspInit
 .text.dsy_i2c_global_init
                0x0000000008005868       0x78 ../../libDaisy//build/libdaisy.a(i2c.o)
                0x0000000008005868                dsy_i2c_global_init
 .text.DMA1_Stream6_IRQHandler
                0x00000000080058e0       0x34 ../../libDaisy//build/libdaisy.a(i2c.o)
                0x00000000080058e0                DMA1_Stream6_IRQHandler
 .text.I2C1_EV_IRQHandler
                0x0000000008005914        0xc ../../libDaisy//build/libdaisy.a(i2c.o)
                0x0000000008005914                I2C1_EV_IRQHandler
 .text.I2C2_EV_IRQHandler
                0x0000000008005920        0xc ../../libDaisy//build/libdaisy.a(i2c.o)
                0x0000000008005920                I2C2_EV_IRQHandler
 .text.I2C3_EV_IRQHandler
                0x000000000800592c        0xc ../../libDaisy//build/libdaisy.a(i2c.o)
                0x000000000800592c                I2C3_EV_IRQHandler
 .text._ZN5daisy9I2CHandle4InitERKNS0_6ConfigE
                0x0000000008005938      0x12c ../../libDaisy//build/libdaisy.a(i2c.o)
                0x0000000008005938                daisy::I2CHandle::Init(daisy::I2CHandle::Config const&)
 .text._ZN5daisy9I2CHandle16TransmitBlockingEtPhtm
                0x0000000008005a64       0x50 ../../libDaisy//build/libdaisy.a(i2c.o)
                0x0000000008005a64                daisy::I2CHandle::TransmitBlocking(unsigned short, unsigned char*, unsigned short, unsigned long)
 .text.startup._GLOBAL__sub_I__ZN5daisy9I2CHandle4Impl10GlobalInitEv
                0x0000000008005ab4       0x18 ../../libDaisy//build/libdaisy.a(i2c.o)
 .text._ZN5daisy10QSPIHandle4Impl11WriteEnableEv
                0x0000000008005acc       0x8c ../../libDaisy//build/libdaisy.a(qspi.o)
                0x0000000008005acc                daisy::QSPIHandle::Impl::WriteEnable()
 .text._ZN5daisy10QSPIHandle4Impl17DummyCyclesConfigENS0_6Config6DeviceE
                0x0000000008005b58      0x118 ../../libDaisy//build/libdaisy.a(qspi.o)
                0x0000000008005b58                daisy::QSPIHandle::Impl::DummyCyclesConfig(daisy::QSPIHandle::Config::Device)
 .text._ZN5daisy10QSPIHandle4Impl10QuadEnableEv
                0x0000000008005c70      0x158 ../../libDaisy//build/libdaisy.a(qspi.o)
                0x0000000008005c70                daisy::QSPIHandle::Impl::QuadEnable()
 .text._ZN5daisy10QSPIHandle4InitERKNS0_6ConfigE
                0x0000000008005dc8      0x198 ../../libDaisy//build/libdaisy.a(qspi.o)
                0x0000000008005dc8                daisy::QSPIHandle::Init(daisy::QSPIHandle::Config const&)
 .text.HAL_QSPI_MspInit
                0x0000000008005f60      0x11c ../../libDaisy//build/libdaisy.a(qspi.o)
                0x0000000008005f60                HAL_QSPI_MspInit
 .text.HAL_QSPI_MspDeInit
                0x000000000800607c       0x54 ../../libDaisy//build/libdaisy.a(qspi.o)
                0x000000000800607c                HAL_QSPI_MspDeInit
 .text.QUADSPI_IRQHandler
                0x00000000080060d0        0xc ../../libDaisy//build/libdaisy.a(qspi.o)
                0x00000000080060d0                QUADSPI_IRQHandler
 .text.startup._GLOBAL__sub_I__ZN5daisy10QSPIHandle4Impl4InitERKNS0_6ConfigE
                0x00000000080060dc       0x28 ../../libDaisy//build/libdaisy.a(qspi.o)
 .text._ZN5daisy9SaiHandle4Impl7InitDmaENS1_15PeripheralBlockE
                0x0000000008006104       0xa0 ../../libDaisy//build/libdaisy.a(sai.o)
                0x0000000008006104                daisy::SaiHandle::Impl::InitDma(daisy::SaiHandle::Impl::PeripheralBlock)
 .text._ZN5daisy9SaiHandle4Impl8InitPinsEv
                0x00000000080061a4       0xa8 ../../libDaisy//build/libdaisy.a(sai.o)
                0x00000000080061a4                daisy::SaiHandle::Impl::InitPins()
 .text.HAL_SAI_MspInit
                0x000000000800624c      0x164 ../../libDaisy//build/libdaisy.a(sai.o)
                0x000000000800624c                HAL_SAI_MspInit
 .text.DMA1_Stream0_IRQHandler
                0x00000000080063b0        0xc ../../libDaisy//build/libdaisy.a(sai.o)
                0x00000000080063b0                DMA1_Stream0_IRQHandler
 .text.DMA1_Stream1_IRQHandler
                0x00000000080063bc        0xc ../../libDaisy//build/libdaisy.a(sai.o)
                0x00000000080063bc                DMA1_Stream1_IRQHandler
 .text.DMA1_Stream3_IRQHandler
                0x00000000080063c8        0xc ../../libDaisy//build/libdaisy.a(sai.o)
                0x00000000080063c8                DMA1_Stream3_IRQHandler
 .text.DMA1_Stream4_IRQHandler
                0x00000000080063d4        0xc ../../libDaisy//build/libdaisy.a(sai.o)
                0x00000000080063d4                DMA1_Stream4_IRQHandler
 .text.HAL_SAI_RxHalfCpltCallback
                0x00000000080063e0       0x78 ../../libDaisy//build/libdaisy.a(sai.o)
                0x00000000080063e0                HAL_SAI_RxHalfCpltCallback
 .text.HAL_SAI_RxCpltCallback
                0x0000000008006458       0x70 ../../libDaisy//build/libdaisy.a(sai.o)
                0x0000000008006458                HAL_SAI_RxCpltCallback
 .text._ZN5daisy9SaiHandle4InitERKNS0_6ConfigE
                0x00000000080064c8      0x1f0 ../../libDaisy//build/libdaisy.a(sai.o)
                0x00000000080064c8                daisy::SaiHandle::Init(daisy::SaiHandle::Config const&)
 .text._ZNK5daisy9SaiHandle9GetConfigEv
                0x00000000080066b8        0x4 ../../libDaisy//build/libdaisy.a(sai.o)
                0x00000000080066b8                daisy::SaiHandle::GetConfig() const
 .text._ZN5daisy9SaiHandle8StartDmaEPlS1_jPFvS1_S1_jE
                0x00000000080066bc       0xbc ../../libDaisy//build/libdaisy.a(sai.o)
                0x00000000080066bc                daisy::SaiHandle::StartDma(long*, long*, unsigned int, void (*)(long*, long*, unsigned int))
 .text._ZN5daisy9SaiHandle13GetSampleRateEv
                0x0000000008006778       0x24 ../../libDaisy//build/libdaisy.a(sai.o)
                0x0000000008006778                daisy::SaiHandle::GetSampleRate()
 .text._ZNK5daisy9SaiHandle9GetOffsetEv
                0x000000000800679c        0x8 ../../libDaisy//build/libdaisy.a(sai.o)
                0x000000000800679c                daisy::SaiHandle::GetOffset() const
 .text._ZL20UART_CheckRxListenerPN5daisy11UartHandler4ImplE
                0x00000000080067a4       0x84 ../../libDaisy//build/libdaisy.a(uart.o)
 .text._ZN5daisy11UartHandler4Impl10StartDmaTxEPhjPFvPvEPFvS3_NS0_6ResultEES3_
                0x0000000008006828      0x184 ../../libDaisy//build/libdaisy.a(uart.o)
                0x0000000008006828                daisy::UartHandler::Impl::StartDmaTx(unsigned char*, unsigned int, void (*)(void*), void (*)(void*, daisy::UartHandler::Result), void*)
 .text._ZN5daisy11UartHandler4Impl10StartDmaRxEPhjPFvPvEPFvS3_NS0_6ResultEES3_
                0x00000000080069ac      0x184 ../../libDaisy//build/libdaisy.a(uart.o)
                0x00000000080069ac                daisy::UartHandler::Impl::StartDmaRx(unsigned char*, unsigned int, void (*)(void*), void (*)(void*, daisy::UartHandler::Result), void*)
 .text._ZN5daisy11UartHandler4Impl19DmaTransferFinishedEP20__UART_HandleTypeDefNS0_6ResultE
                0x0000000008006b30       0xc0 ../../libDaisy//build/libdaisy.a(uart.o)
                0x0000000008006b30                daisy::UartHandler::Impl::DmaTransferFinished(__UART_HandleTypeDef*, daisy::UartHandler::Result)
 .text._ZN5daisy11UartHandler4Impl8InitPinsEv
                0x0000000008006bf0      0x154 ../../libDaisy//build/libdaisy.a(uart.o)
                0x0000000008006bf0                daisy::UartHandler::Impl::InitPins()
 .text.HAL_UART_MspInit
                0x0000000008006d44      0x210 ../../libDaisy//build/libdaisy.a(uart.o)
                0x0000000008006d44                HAL_UART_MspInit
 .text.dsy_uart_global_init
                0x0000000008006f54       0xfc ../../libDaisy//build/libdaisy.a(uart.o)
                0x0000000008006f54                dsy_uart_global_init
 .text.USART1_IRQHandler
                0x0000000008007050       0x2c ../../libDaisy//build/libdaisy.a(uart.o)
                0x0000000008007050                USART1_IRQHandler
 .text.USART2_IRQHandler
                0x000000000800707c       0x34 ../../libDaisy//build/libdaisy.a(uart.o)
                0x000000000800707c                USART2_IRQHandler
 .text.USART3_IRQHandler
                0x00000000080070b0       0x34 ../../libDaisy//build/libdaisy.a(uart.o)
                0x00000000080070b0                USART3_IRQHandler
 .text.UART4_IRQHandler
                0x00000000080070e4       0x34 ../../libDaisy//build/libdaisy.a(uart.o)
                0x00000000080070e4                UART4_IRQHandler
 .text.UART5_IRQHandler
                0x0000000008007118       0x34 ../../libDaisy//build/libdaisy.a(uart.o)
                0x0000000008007118                UART5_IRQHandler
 .text.USART6_IRQHandler
                0x000000000800714c       0x34 ../../libDaisy//build/libdaisy.a(uart.o)
                0x000000000800714c                USART6_IRQHandler
 .text.UART7_IRQHandler
                0x0000000008007180       0x34 ../../libDaisy//build/libdaisy.a(uart.o)
                0x0000000008007180                UART7_IRQHandler
 .text.UART8_IRQHandler
                0x00000000080071b4       0x34 ../../libDaisy//build/libdaisy.a(uart.o)
                0x00000000080071b4                UART8_IRQHandler
 .text.LPUART1_IRQHandler
                0x00000000080071e8       0x34 ../../libDaisy//build/libdaisy.a(uart.o)
                0x00000000080071e8                LPUART1_IRQHandler
 .text.DMA1_Stream5_IRQHandler
                0x000000000800721c       0x34 ../../libDaisy//build/libdaisy.a(uart.o)
                0x000000000800721c                DMA1_Stream5_IRQHandler
 .text.DMA2_Stream4_IRQHandler
                0x0000000008007250       0x38 ../../libDaisy//build/libdaisy.a(uart.o)
                0x0000000008007250                DMA2_Stream4_IRQHandler
 .text.HAL_UART_TxCpltCallback
                0x0000000008007288        0x8 ../../libDaisy//build/libdaisy.a(uart.o)
                0x0000000008007288                HAL_UART_TxCpltCallback
 .text.HAL_UART_RxCpltCallback
                0x0000000008007290       0x94 ../../libDaisy//build/libdaisy.a(uart.o)
                0x0000000008007290                HAL_UART_RxCpltCallback
 .text.HAL_UART_RxHalfCpltCallback
                0x0000000008007324       0x90 ../../libDaisy//build/libdaisy.a(uart.o)
                0x0000000008007324                HAL_UART_RxHalfCpltCallback
 .text.HAL_UART_ErrorCallback
                0x00000000080073b4        0x8 ../../libDaisy//build/libdaisy.a(uart.o)
                0x00000000080073b4                HAL_UART_ErrorCallback
 .text._ZN5daisy11UartHandler4InitERKNS0_6ConfigE
                0x00000000080073bc       0xd4 ../../libDaisy//build/libdaisy.a(uart.o)
                0x00000000080073bc                daisy::UartHandler::Init(daisy::UartHandler::Config const&)
 .text.startup._GLOBAL__sub_I__Z19MapInstanceToHandleP13USART_TypeDef
                0x0000000008007490      0x194 ../../libDaisy//build/libdaisy.a(uart.o)
 .text.dsy_dma_init
                0x0000000008007624      0x100 ../../libDaisy//build/libdaisy.a(dma.o)
                0x0000000008007624                dsy_dma_init
 .text.dsy_dma_invalidate_cache_for_buffer
                0x0000000008007724       0x2c ../../libDaisy//build/libdaisy.a(dma.o)
                0x0000000008007724                dsy_dma_invalidate_cache_for_buffer
 .text._ZN5daisy11TimerHandleD2Ev
                0x0000000008007750        0x4 ../../libDaisy//build/libdaisy.a(system.o)
                0x0000000008007750                daisy::TimerHandle::~TimerHandle()
                0x0000000008007750                daisy::TimerHandle::~TimerHandle()
 .text.SysTick_Handler
                0x0000000008007754       0x10 ../../libDaisy//build/libdaisy.a(system.o)
                0x0000000008007754                SysTick_Handler
 .text.OTG_HS_EP1_OUT_IRQHandler
                0x0000000008007764       0x24 ../../libDaisy//build/libdaisy.a(system.o)
                0x0000000008007764                OTG_HS_EP1_OUT_IRQHandler
 .text.OTG_HS_EP1_IN_IRQHandler
                0x0000000008007788       0x24 ../../libDaisy//build/libdaisy.a(system.o)
                0x0000000008007788                OTG_HS_EP1_IN_IRQHandler
 .text.OTG_HS_IRQHandler
                0x00000000080077ac       0x24 ../../libDaisy//build/libdaisy.a(system.o)
                0x00000000080077ac                OTG_HS_IRQHandler
 .text.HardFault_Handler
                0x00000000080077d0       0xe0 ../../libDaisy//build/libdaisy.a(system.o)
                0x00000000080077d0                HardFault_Handler
 .text._ZN5daisy6System6GetNowEv
                0x00000000080078b0        0x4 ../../libDaisy//build/libdaisy.a(system.o)
                0x00000000080078b0                daisy::System::GetNow()
 .text._ZN5daisy6System5DelayEm
                0x00000000080078b4        0x4 ../../libDaisy//build/libdaisy.a(system.o)
                0x00000000080078b4                daisy::System::Delay(unsigned long)
 .text._ZN5daisy6System20GetBootloaderVersionEv
                0x00000000080078b8       0x34 ../../libDaisy//build/libdaisy.a(system.o)
                0x00000000080078b8                daisy::System::GetBootloaderVersion()
 .text._ZN5daisy6System15ConfigureClocksEv
                0x00000000080078ec      0x194 ../../libDaisy//build/libdaisy.a(system.o)
                0x00000000080078ec                daisy::System::ConfigureClocks()
 .text._ZN5daisy6System12ConfigureMpuEv
                0x0000000008007a80       0x7c ../../libDaisy//build/libdaisy.a(system.o)
                0x0000000008007a80                daisy::System::ConfigureMpu()
 .text._ZN5daisy6System4InitERKNS0_6ConfigE
                0x0000000008007afc       0xec ../../libDaisy//build/libdaisy.a(system.o)
                0x0000000008007afc                daisy::System::Init(daisy::System::Config const&)
 .text._ZN5daisy6System12GetPClk1FreqEv
                0x0000000008007be8        0x4 ../../libDaisy//build/libdaisy.a(system.o)
                0x0000000008007be8                daisy::System::GetPClk1Freq()
 .text._ZN5daisy6System22GetProgramMemoryRegionEv
                0x0000000008007bec       0x78 ../../libDaisy//build/libdaisy.a(system.o)
                0x0000000008007bec                daisy::System::GetProgramMemoryRegion()
 .text.startup._GLOBAL__sub_I__ZN5daisy9boot_infoE
                0x0000000008007c64       0x1c ../../libDaisy//build/libdaisy.a(system.o)
 .text.SystemInit
                0x0000000008007c80       0x9c ../../libDaisy//build/libdaisy.a(system_stm32h7xx.o)
                0x0000000008007c80                SystemInit
 .text.dummy_rx_callback
                0x0000000008007d1c        0x4 ../../libDaisy//build/libdaisy.a(usbd_cdc_if.o)
                0x0000000008007d1c                dummy_rx_callback
 .text.CDC_DeInit_FS
                0x0000000008007d20        0x4 ../../libDaisy//build/libdaisy.a(usbd_cdc_if.o)
 .text.CDC_Receive_FS
                0x0000000008007d24       0x2c ../../libDaisy//build/libdaisy.a(usbd_cdc_if.o)
 .text.CDC_Receive_HS
                0x0000000008007d50       0x2c ../../libDaisy//build/libdaisy.a(usbd_cdc_if.o)
 .text.CDC_Init_FS
                0x0000000008007d7c       0x3c ../../libDaisy//build/libdaisy.a(usbd_cdc_if.o)
 .text.CDC_Init_HS
                0x0000000008007db8       0x3c ../../libDaisy//build/libdaisy.a(usbd_cdc_if.o)
 .text.CDC_Control_FS
                0x0000000008007df4       0x34 ../../libDaisy//build/libdaisy.a(usbd_cdc_if.o)
 .text.CDC_Control_HS
                0x0000000008007e28       0x34 ../../libDaisy//build/libdaisy.a(usbd_cdc_if.o)
 .text.CDC_DeInit_HS
                0x0000000008007e5c        0x4 ../../libDaisy//build/libdaisy.a(usbd_cdc_if.o)
 .text.CDC_Transmit_FS
                0x0000000008007e60       0x2c ../../libDaisy//build/libdaisy.a(usbd_cdc_if.o)
                0x0000000008007e60                CDC_Transmit_FS
 .text.HAL_PCD_MspInit
                0x0000000008007e8c      0x144 ../../libDaisy//build/libdaisy.a(usbd_conf.o)
                0x0000000008007e8c                HAL_PCD_MspInit
 .text.HAL_PCD_SetupStageCallback
                0x0000000008007fd0        0xc ../../libDaisy//build/libdaisy.a(usbd_conf.o)
                0x0000000008007fd0                HAL_PCD_SetupStageCallback
 .text.HAL_PCD_DataOutStageCallback
                0x0000000008007fdc       0x14 ../../libDaisy//build/libdaisy.a(usbd_conf.o)
                0x0000000008007fdc                HAL_PCD_DataOutStageCallback
 .text.HAL_PCD_DataInStageCallback
                0x0000000008007ff0       0x14 ../../libDaisy//build/libdaisy.a(usbd_conf.o)
                0x0000000008007ff0                HAL_PCD_DataInStageCallback
 .text.HAL_PCD_SOFCallback
                0x0000000008008004        0x8 ../../libDaisy//build/libdaisy.a(usbd_conf.o)
                0x0000000008008004                HAL_PCD_SOFCallback
 .text.HAL_PCD_ResetCallback
                0x000000000800800c       0x24 ../../libDaisy//build/libdaisy.a(usbd_conf.o)
                0x000000000800800c                HAL_PCD_ResetCallback
 .text.HAL_PCD_SuspendCallback
                0x0000000008008030       0x30 ../../libDaisy//build/libdaisy.a(usbd_conf.o)
                0x0000000008008030                HAL_PCD_SuspendCallback
 .text.HAL_PCD_ResumeCallback
                0x0000000008008060        0x8 ../../libDaisy//build/libdaisy.a(usbd_conf.o)
                0x0000000008008060                HAL_PCD_ResumeCallback
 .text.HAL_PCD_ISOOUTIncompleteCallback
                0x0000000008008068        0x8 ../../libDaisy//build/libdaisy.a(usbd_conf.o)
                0x0000000008008068                HAL_PCD_ISOOUTIncompleteCallback
 .text.HAL_PCD_ISOINIncompleteCallback
                0x0000000008008070        0x8 ../../libDaisy//build/libdaisy.a(usbd_conf.o)
                0x0000000008008070                HAL_PCD_ISOINIncompleteCallback
 .text.HAL_PCD_ConnectCallback
                0x0000000008008078        0x8 ../../libDaisy//build/libdaisy.a(usbd_conf.o)
                0x0000000008008078                HAL_PCD_ConnectCallback
 .text.HAL_PCD_DisconnectCallback
                0x0000000008008080        0x8 ../../libDaisy//build/libdaisy.a(usbd_conf.o)
                0x0000000008008080                HAL_PCD_DisconnectCallback
 .text.USBD_LL_Init
                0x0000000008008088       0xe4 ../../libDaisy//build/libdaisy.a(usbd_conf.o)
                0x0000000008008088                USBD_LL_Init
 .text.USBD_LL_Start
                0x000000000800816c       0x1c ../../libDaisy//build/libdaisy.a(usbd_conf.o)
                0x000000000800816c                USBD_LL_Start
 .text.USBD_LL_OpenEP
                0x0000000008008188       0x24 ../../libDaisy//build/libdaisy.a(usbd_conf.o)
                0x0000000008008188                USBD_LL_OpenEP
 .text.USBD_LL_CloseEP
                0x00000000080081ac       0x1c ../../libDaisy//build/libdaisy.a(usbd_conf.o)
                0x00000000080081ac                USBD_LL_CloseEP
 .text.USBD_LL_StallEP
                0x00000000080081c8       0x1c ../../libDaisy//build/libdaisy.a(usbd_conf.o)
                0x00000000080081c8                USBD_LL_StallEP
 .text.USBD_LL_ClearStallEP
                0x00000000080081e4       0x1c ../../libDaisy//build/libdaisy.a(usbd_conf.o)
                0x00000000080081e4                USBD_LL_ClearStallEP
 .text.USBD_LL_IsStallEP
                0x0000000008008200       0x28 ../../libDaisy//build/libdaisy.a(usbd_conf.o)
                0x0000000008008200                USBD_LL_IsStallEP
 .text.USBD_LL_SetUSBAddress
                0x0000000008008228       0x1c ../../libDaisy//build/libdaisy.a(usbd_conf.o)
                0x0000000008008228                USBD_LL_SetUSBAddress
 .text.USBD_LL_Transmit
                0x0000000008008244       0x1c ../../libDaisy//build/libdaisy.a(usbd_conf.o)
                0x0000000008008244                USBD_LL_Transmit
 .text.USBD_LL_PrepareReceive
                0x0000000008008260       0x1c ../../libDaisy//build/libdaisy.a(usbd_conf.o)
                0x0000000008008260                USBD_LL_PrepareReceive
 .text.USBD_LL_GetRxDataSize
                0x000000000800827c        0x8 ../../libDaisy//build/libdaisy.a(usbd_conf.o)
                0x000000000800827c                USBD_LL_GetRxDataSize
 .text.USBD_HS_DeviceDescriptor
                0x0000000008008284        0xc ../../libDaisy//build/libdaisy.a(usbd_desc.o)
                0x0000000008008284                USBD_HS_DeviceDescriptor
 .text.USBD_FS_DeviceDescriptor
                0x0000000008008290        0xc ../../libDaisy//build/libdaisy.a(usbd_desc.o)
                0x0000000008008290                USBD_FS_DeviceDescriptor
 .text.USBD_FS_LangIDStrDescriptor
                0x000000000800829c        0xc ../../libDaisy//build/libdaisy.a(usbd_desc.o)
                0x000000000800829c                USBD_FS_LangIDStrDescriptor
 .text.USBD_FS_ManufacturerStrDescriptor
                0x00000000080082a8       0x1c ../../libDaisy//build/libdaisy.a(usbd_desc.o)
                0x00000000080082a8                USBD_FS_ManufacturerStrDescriptor
 .text.USBD_HS_ProductStrDescriptor
                0x00000000080082c4       0x1c ../../libDaisy//build/libdaisy.a(usbd_desc.o)
                0x00000000080082c4                USBD_HS_ProductStrDescriptor
 .text.USBD_FS_ConfigStrDescriptor
                0x00000000080082e0       0x1c ../../libDaisy//build/libdaisy.a(usbd_desc.o)
                0x00000000080082e0                USBD_FS_ConfigStrDescriptor
 .text.USBD_FS_InterfaceStrDescriptor
                0x00000000080082fc       0x1c ../../libDaisy//build/libdaisy.a(usbd_desc.o)
                0x00000000080082fc                USBD_FS_InterfaceStrDescriptor
 .text.USBD_FS_ProductStrDescriptor
                0x0000000008008318       0x1c ../../libDaisy//build/libdaisy.a(usbd_desc.o)
                0x0000000008008318                USBD_FS_ProductStrDescriptor
 .text.USBD_HS_LangIDStrDescriptor
                0x0000000008008334        0xc ../../libDaisy//build/libdaisy.a(usbd_desc.o)
                0x0000000008008334                USBD_HS_LangIDStrDescriptor
 .text.USBD_HS_ManufacturerStrDescriptor
                0x0000000008008340       0x1c ../../libDaisy//build/libdaisy.a(usbd_desc.o)
                0x0000000008008340                USBD_HS_ManufacturerStrDescriptor
 .text.USBD_FS_SerialStrDescriptor
                0x000000000800835c      0x124 ../../libDaisy//build/libdaisy.a(usbd_desc.o)
                0x000000000800835c                USBD_FS_SerialStrDescriptor
 .text.USBD_HS_SerialStrDescriptor
                0x0000000008008480      0x124 ../../libDaisy//build/libdaisy.a(usbd_desc.o)
                0x0000000008008480                USBD_HS_SerialStrDescriptor
 .text.USBD_HS_InterfaceStrDescriptor
                0x00000000080085a4       0x1c ../../libDaisy//build/libdaisy.a(usbd_desc.o)
                0x00000000080085a4                USBD_HS_InterfaceStrDescriptor
 .text.USBD_HS_ConfigStrDescriptor
                0x00000000080085c0       0x1c ../../libDaisy//build/libdaisy.a(usbd_desc.o)
                0x00000000080085c0                USBD_HS_ConfigStrDescriptor
 .text.HAL_HCD_SOF_Callback
                0x00000000080085dc        0x8 ../../libDaisy//build/libdaisy.a(usbh_conf.o)
                0x00000000080085dc                HAL_HCD_SOF_Callback
 .text.HAL_HCD_Connect_Callback
                0x00000000080085e4        0x8 ../../libDaisy//build/libdaisy.a(usbh_conf.o)
                0x00000000080085e4                HAL_HCD_Connect_Callback
 .text.HAL_HCD_Disconnect_Callback
                0x00000000080085ec        0x8 ../../libDaisy//build/libdaisy.a(usbh_conf.o)
                0x00000000080085ec                HAL_HCD_Disconnect_Callback
 .text.HAL_HCD_HC_NotifyURBChange_Callback
                0x00000000080085f4        0x4 ../../libDaisy//build/libdaisy.a(usbh_conf.o)
                0x00000000080085f4                HAL_HCD_HC_NotifyURBChange_Callback
 .text.HAL_HCD_PortEnabled_Callback
                0x00000000080085f8        0x8 ../../libDaisy//build/libdaisy.a(usbh_conf.o)
                0x00000000080085f8                HAL_HCD_PortEnabled_Callback
 .text.HAL_HCD_PortDisabled_Callback
                0x0000000008008600        0x8 ../../libDaisy//build/libdaisy.a(usbh_conf.o)
                0x0000000008008600                HAL_HCD_PortDisabled_Callback
 .text.USBH_LL_Stop
                0x0000000008008608       0x1c ../../libDaisy//build/libdaisy.a(usbh_conf.o)
                0x0000000008008608                USBH_LL_Stop
 .text._ZN5daisy5Color4InitENS0_11PresetColorE
                0x0000000008008624       0x20 ../../libDaisy//build/libdaisy.a(color.o)
                0x0000000008008624                daisy::Color::Init(daisy::Color::PresetColor)
 .text.dsy_hal_map_get_port
                0x0000000008008644       0x10 ../../libDaisy//build/libdaisy.a(hal_map.o)
                0x0000000008008644                dsy_hal_map_get_port
 .text.dsy_hal_map_get_pin
                0x0000000008008654       0x10 ../../libDaisy//build/libdaisy.a(hal_map.o)
                0x0000000008008654                dsy_hal_map_get_pin
 .text.dsy_hal_map_gpio_clk_enable
                0x0000000008008664      0x150 ../../libDaisy//build/libdaisy.a(hal_map.o)
                0x0000000008008664                dsy_hal_map_gpio_clk_enable
 .text.HAL_MspInit
                0x00000000080087b4        0x4 ../../libDaisy//build/libdaisy.a(stm32h7xx_hal.o)
                0x00000000080087b4                HAL_MspInit
 .text.HAL_InitTick
                0x00000000080087b8       0x4c ../../libDaisy//build/libdaisy.a(stm32h7xx_hal.o)
                0x00000000080087b8                HAL_InitTick
 .text.HAL_Init
                0x0000000008008804       0x60 ../../libDaisy//build/libdaisy.a(stm32h7xx_hal.o)
                0x0000000008008804                HAL_Init
 .text.HAL_IncTick
                0x0000000008008864       0x18 ../../libDaisy//build/libdaisy.a(stm32h7xx_hal.o)
                0x0000000008008864                HAL_IncTick
 .text.HAL_GetTick
                0x000000000800887c        0xc ../../libDaisy//build/libdaisy.a(stm32h7xx_hal.o)
                0x000000000800887c                HAL_GetTick
 .text.HAL_Delay
                0x0000000008008888       0x24 ../../libDaisy//build/libdaisy.a(stm32h7xx_hal.o)
                0x0000000008008888                HAL_Delay
 .text.HAL_GetREVID
                0x00000000080088ac        0xc ../../libDaisy//build/libdaisy.a(stm32h7xx_hal.o)
                0x00000000080088ac                HAL_GetREVID
 .text.HAL_ADC_ConfigChannel
                0x00000000080088b8      0x3fc ../../libDaisy//build/libdaisy.a(stm32h7xx_hal_adc.o)
                0x00000000080088b8                HAL_ADC_ConfigChannel
 .text.ADC_ConfigureBoostMode
                0x0000000008008cb4      0x184 ../../libDaisy//build/libdaisy.a(stm32h7xx_hal_adc.o)
                0x0000000008008cb4                ADC_ConfigureBoostMode
 .text.HAL_ADC_Init
                0x0000000008008e38      0x218 ../../libDaisy//build/libdaisy.a(stm32h7xx_hal_adc.o)
                0x0000000008008e38                HAL_ADC_Init
 .text.HAL_ADCEx_MultiModeConfigChannel
                0x0000000008009050       0xc4 ../../libDaisy//build/libdaisy.a(stm32h7xx_hal_adc_ex.o)
                0x0000000008009050                HAL_ADCEx_MultiModeConfigChannel
 .text.HAL_NVIC_SetPriorityGrouping
                0x0000000008009114       0x24 ../../libDaisy//build/libdaisy.a(stm32h7xx_hal_cortex.o)
                0x0000000008009114                HAL_NVIC_SetPriorityGrouping
 .text.HAL_NVIC_SetPriority
                0x0000000008009138       0x7c ../../libDaisy//build/libdaisy.a(stm32h7xx_hal_cortex.o)
                0x0000000008009138                HAL_NVIC_SetPriority
 .text.HAL_NVIC_EnableIRQ
                0x00000000080091b4       0x1c ../../libDaisy//build/libdaisy.a(stm32h7xx_hal_cortex.o)
                0x00000000080091b4                HAL_NVIC_EnableIRQ
 .text.HAL_NVIC_DisableIRQ
                0x00000000080091d0       0x28 ../../libDaisy//build/libdaisy.a(stm32h7xx_hal_cortex.o)
                0x00000000080091d0                HAL_NVIC_DisableIRQ
 .text.HAL_SYSTICK_Config
                0x00000000080091f8       0x2c ../../libDaisy//build/libdaisy.a(stm32h7xx_hal_cortex.o)
                0x00000000080091f8                HAL_SYSTICK_Config
 .text.HAL_MPU_Disable
                0x0000000008009224       0x1c ../../libDaisy//build/libdaisy.a(stm32h7xx_hal_cortex.o)
                0x0000000008009224                HAL_MPU_Disable
 .text.HAL_MPU_Enable
                0x0000000008009240       0x20 ../../libDaisy//build/libdaisy.a(stm32h7xx_hal_cortex.o)
                0x0000000008009240                HAL_MPU_Enable
 .text.HAL_MPU_ConfigRegion
                0x0000000008009260       0x64 ../../libDaisy//build/libdaisy.a(stm32h7xx_hal_cortex.o)
                0x0000000008009260                HAL_MPU_ConfigRegion
 .text.HAL_SYSTICK_Callback
                0x00000000080092c4        0x4 ../../libDaisy//build/libdaisy.a(stm32h7xx_hal_cortex.o)
                0x00000000080092c4                HAL_SYSTICK_Callback
 .text.HAL_SYSTICK_IRQHandler
                0x00000000080092c8        0x8 ../../libDaisy//build/libdaisy.a(stm32h7xx_hal_cortex.o)
                0x00000000080092c8                HAL_SYSTICK_IRQHandler
 .text.DMA_CalcBaseAndBitshift
                0x00000000080092d0       0xf4 ../../libDaisy//build/libdaisy.a(stm32h7xx_hal_dma.o)
 .text.DMA_CalcDMAMUXChannelBaseAndMask
                0x00000000080093c4       0xd8 ../../libDaisy//build/libdaisy.a(stm32h7xx_hal_dma.o)
 .text.HAL_DMA_Init
                0x000000000800949c      0x37c ../../libDaisy//build/libdaisy.a(stm32h7xx_hal_dma.o)
                0x000000000800949c                HAL_DMA_Init
 .text.HAL_DMA_Start_IT
                0x0000000008009818      0x240 ../../libDaisy//build/libdaisy.a(stm32h7xx_hal_dma.o)
                0x0000000008009818                HAL_DMA_Start_IT
 .text.HAL_DMA_Abort_IT
                0x0000000008009a58      0x134 ../../libDaisy//build/libdaisy.a(stm32h7xx_hal_dma.o)
                0x0000000008009a58                HAL_DMA_Abort_IT
 .text.HAL_DMA_IRQHandler
                0x0000000008009b8c      0x6a0 ../../libDaisy//build/libdaisy.a(stm32h7xx_hal_dma.o)
                0x0000000008009b8c                HAL_DMA_IRQHandler
 .text.HAL_DMA_GetError
                0x000000000800a22c        0x4 ../../libDaisy//build/libdaisy.a(stm32h7xx_hal_dma.o)
                0x000000000800a22c                HAL_DMA_GetError
 .text.HAL_GPIO_Init
                0x000000000800a230      0x280 ../../libDaisy//build/libdaisy.a(stm32h7xx_hal_gpio.o)
                0x000000000800a230                HAL_GPIO_Init
 .text.HAL_GPIO_DeInit
                0x000000000800a4b0      0x190 ../../libDaisy//build/libdaisy.a(stm32h7xx_hal_gpio.o)
                0x000000000800a4b0                HAL_GPIO_DeInit
 .text.HAL_GPIO_ReadPin
                0x000000000800a640        0xc ../../libDaisy//build/libdaisy.a(stm32h7xx_hal_gpio.o)
                0x000000000800a640                HAL_GPIO_ReadPin
 .text.HAL_GPIO_WritePin
                0x000000000800a64c        0x8 ../../libDaisy//build/libdaisy.a(stm32h7xx_hal_gpio.o)
                0x000000000800a64c                HAL_GPIO_WritePin
 .text.HAL_HCD_IRQHandler
                0x000000000800a654      0x780 ../../libDaisy//build/libdaisy.a(stm32h7xx_hal_hcd.o)
                0x000000000800a654                HAL_HCD_IRQHandler
 .text.HAL_HCD_Stop
                0x000000000800add4       0x28 ../../libDaisy//build/libdaisy.a(stm32h7xx_hal_hcd.o)
                0x000000000800add4                HAL_HCD_Stop
 .text.I2C_WaitOnTXISFlagUntilTimeout
                0x000000000800adfc       0xb8 ../../libDaisy//build/libdaisy.a(stm32h7xx_hal_i2c.o)
 .text.I2C_WaitOnSTOPFlagUntilTimeout
                0x000000000800aeb4       0xac ../../libDaisy//build/libdaisy.a(stm32h7xx_hal_i2c.o)
 .text.HAL_I2C_Init
                0x000000000800af60       0xac ../../libDaisy//build/libdaisy.a(stm32h7xx_hal_i2c.o)
                0x000000000800af60                HAL_I2C_Init
 .text.HAL_I2C_Master_Transmit
                0x000000000800b00c      0x1a8 ../../libDaisy//build/libdaisy.a(stm32h7xx_hal_i2c.o)
                0x000000000800b00c                HAL_I2C_Master_Transmit
 .text.HAL_I2C_Slave_Transmit
                0x000000000800b1b4      0x1c8 ../../libDaisy//build/libdaisy.a(stm32h7xx_hal_i2c.o)
                0x000000000800b1b4                HAL_I2C_Slave_Transmit
 .text.HAL_I2C_EV_IRQHandler
                0x000000000800b37c       0x10 ../../libDaisy//build/libdaisy.a(stm32h7xx_hal_i2c.o)
                0x000000000800b37c                HAL_I2C_EV_IRQHandler
 .text.HAL_I2C_GetState
                0x000000000800b38c        0x8 ../../libDaisy//build/libdaisy.a(stm32h7xx_hal_i2c.o)
                0x000000000800b38c                HAL_I2C_GetState
 .text.HAL_I2CEx_ConfigAnalogFilter
                0x000000000800b394       0x54 ../../libDaisy//build/libdaisy.a(stm32h7xx_hal_i2c_ex.o)
                0x000000000800b394                HAL_I2CEx_ConfigAnalogFilter
 .text.HAL_I2CEx_ConfigDigitalFilter
                0x000000000800b3e8       0x58 ../../libDaisy//build/libdaisy.a(stm32h7xx_hal_i2c_ex.o)
                0x000000000800b3e8                HAL_I2CEx_ConfigDigitalFilter
 .text.HAL_PCD_Init
                0x000000000800b440      0x12c ../../libDaisy//build/libdaisy.a(stm32h7xx_hal_pcd.o)
                0x000000000800b440                HAL_PCD_Init
 .text.HAL_PCD_Start
                0x000000000800b56c       0x44 ../../libDaisy//build/libdaisy.a(stm32h7xx_hal_pcd.o)
                0x000000000800b56c                HAL_PCD_Start
 .text.HAL_PCD_IRQHandler
                0x000000000800b5b0      0x69c ../../libDaisy//build/libdaisy.a(stm32h7xx_hal_pcd.o)
                0x000000000800b5b0                HAL_PCD_IRQHandler
 .text.HAL_PCD_SetAddress
                0x000000000800bc4c       0x2c ../../libDaisy//build/libdaisy.a(stm32h7xx_hal_pcd.o)
                0x000000000800bc4c                HAL_PCD_SetAddress
 .text.HAL_PCD_EP_Open
                0x000000000800bc78       0x7c ../../libDaisy//build/libdaisy.a(stm32h7xx_hal_pcd.o)
                0x000000000800bc78                HAL_PCD_EP_Open
 .text.HAL_PCD_EP_Close
                0x000000000800bcf4       0x6c ../../libDaisy//build/libdaisy.a(stm32h7xx_hal_pcd.o)
                0x000000000800bcf4                HAL_PCD_EP_Close
 .text.HAL_PCD_EP_Receive
                0x000000000800bd60       0x50 ../../libDaisy//build/libdaisy.a(stm32h7xx_hal_pcd.o)
                0x000000000800bd60                HAL_PCD_EP_Receive
 .text.HAL_PCD_EP_GetRxCount
                0x000000000800bdb0       0x14 ../../libDaisy//build/libdaisy.a(stm32h7xx_hal_pcd.o)
                0x000000000800bdb0                HAL_PCD_EP_GetRxCount
 .text.HAL_PCD_EP_Transmit
                0x000000000800bdc4       0x50 ../../libDaisy//build/libdaisy.a(stm32h7xx_hal_pcd.o)
                0x000000000800bdc4                HAL_PCD_EP_Transmit
 .text.HAL_PCD_EP_SetStall
                0x000000000800be14       0x88 ../../libDaisy//build/libdaisy.a(stm32h7xx_hal_pcd.o)
                0x000000000800be14                HAL_PCD_EP_SetStall
 .text.HAL_PCD_EP_ClrStall
                0x000000000800be9c       0x78 ../../libDaisy//build/libdaisy.a(stm32h7xx_hal_pcd.o)
                0x000000000800be9c                HAL_PCD_EP_ClrStall
 .text.HAL_PCDEx_SetTxFiFo
                0x000000000800bf14       0x54 ../../libDaisy//build/libdaisy.a(stm32h7xx_hal_pcd_ex.o)
                0x000000000800bf14                HAL_PCDEx_SetTxFiFo
 .text.HAL_PCDEx_SetRxFiFo
                0x000000000800bf68        0xc ../../libDaisy//build/libdaisy.a(stm32h7xx_hal_pcd_ex.o)
                0x000000000800bf68                HAL_PCDEx_SetRxFiFo
 .text.HAL_PCDEx_ActivateLPM
                0x000000000800bf74       0x30 ../../libDaisy//build/libdaisy.a(stm32h7xx_hal_pcd_ex.o)
                0x000000000800bf74                HAL_PCDEx_ActivateLPM
 .text.HAL_PCDEx_LPM_Callback
                0x000000000800bfa4        0x4 ../../libDaisy//build/libdaisy.a(stm32h7xx_hal_pcd_ex.o)
                0x000000000800bfa4                HAL_PCDEx_LPM_Callback
 .text.HAL_PWREx_ConfigSupply
                0x000000000800bfa8       0x4c ../../libDaisy//build/libdaisy.a(stm32h7xx_hal_pwr_ex.o)
                0x000000000800bfa8                HAL_PWREx_ConfigSupply
 .text.HAL_PWREx_EnableUSBVoltageDetector
                0x000000000800bff4       0x10 ../../libDaisy//build/libdaisy.a(stm32h7xx_hal_pwr_ex.o)
                0x000000000800bff4                HAL_PWREx_EnableUSBVoltageDetector
 .text.QSPI_Config
                0x000000000800c004      0x174 ../../libDaisy//build/libdaisy.a(stm32h7xx_hal_qspi.o)
 .text.HAL_QSPI_Init
                0x000000000800c178       0xd8 ../../libDaisy//build/libdaisy.a(stm32h7xx_hal_qspi.o)
                0x000000000800c178                HAL_QSPI_Init
 .text.HAL_QSPI_DeInit
                0x000000000800c250       0x3c ../../libDaisy//build/libdaisy.a(stm32h7xx_hal_qspi.o)
                0x000000000800c250                HAL_QSPI_DeInit
 .text.HAL_QSPI_Command
                0x000000000800c28c       0xd4 ../../libDaisy//build/libdaisy.a(stm32h7xx_hal_qspi.o)
                0x000000000800c28c                HAL_QSPI_Command
 .text.HAL_QSPI_Transmit
                0x000000000800c360       0xfc ../../libDaisy//build/libdaisy.a(stm32h7xx_hal_qspi.o)
                0x000000000800c360                HAL_QSPI_Transmit
 .text.HAL_QSPI_Receive
                0x000000000800c45c      0x108 ../../libDaisy//build/libdaisy.a(stm32h7xx_hal_qspi.o)
                0x000000000800c45c                HAL_QSPI_Receive
 .text.HAL_QSPI_AutoPolling
                0x000000000800c564       0xf0 ../../libDaisy//build/libdaisy.a(stm32h7xx_hal_qspi.o)
                0x000000000800c564                HAL_QSPI_AutoPolling
 .text.HAL_QSPI_MemoryMapped
                0x000000000800c654       0xc0 ../../libDaisy//build/libdaisy.a(stm32h7xx_hal_qspi.o)
                0x000000000800c654                HAL_QSPI_MemoryMapped
 .text.HAL_QSPI_ErrorCallback
                0x000000000800c714        0x4 ../../libDaisy//build/libdaisy.a(stm32h7xx_hal_qspi.o)
                0x000000000800c714                HAL_QSPI_ErrorCallback
 .text.QSPI_DMAAbortCplt
                0x000000000800c718       0x38 ../../libDaisy//build/libdaisy.a(stm32h7xx_hal_qspi.o)
 .text.HAL_QSPI_AbortCpltCallback
                0x000000000800c750        0x4 ../../libDaisy//build/libdaisy.a(stm32h7xx_hal_qspi.o)
                0x000000000800c750                HAL_QSPI_AbortCpltCallback
 .text.HAL_QSPI_CmdCpltCallback
                0x000000000800c754        0x4 ../../libDaisy//build/libdaisy.a(stm32h7xx_hal_qspi.o)
                0x000000000800c754                HAL_QSPI_CmdCpltCallback
 .text.HAL_QSPI_RxCpltCallback
                0x000000000800c758        0x4 ../../libDaisy//build/libdaisy.a(stm32h7xx_hal_qspi.o)
                0x000000000800c758                HAL_QSPI_RxCpltCallback
 .text.HAL_QSPI_TxCpltCallback
                0x000000000800c75c        0x4 ../../libDaisy//build/libdaisy.a(stm32h7xx_hal_qspi.o)
                0x000000000800c75c                HAL_QSPI_TxCpltCallback
 .text.HAL_QSPI_FifoThresholdCallback
                0x000000000800c760        0x4 ../../libDaisy//build/libdaisy.a(stm32h7xx_hal_qspi.o)
                0x000000000800c760                HAL_QSPI_FifoThresholdCallback
 .text.HAL_QSPI_StatusMatchCallback
                0x000000000800c764        0x4 ../../libDaisy//build/libdaisy.a(stm32h7xx_hal_qspi.o)
                0x000000000800c764                HAL_QSPI_StatusMatchCallback
 .text.HAL_QSPI_TimeOutCallback
                0x000000000800c768        0x4 ../../libDaisy//build/libdaisy.a(stm32h7xx_hal_qspi.o)
                0x000000000800c768                HAL_QSPI_TimeOutCallback
 .text.HAL_QSPI_IRQHandler
                0x000000000800c76c      0x210 ../../libDaisy//build/libdaisy.a(stm32h7xx_hal_qspi.o)
                0x000000000800c76c                HAL_QSPI_IRQHandler
 .text.HAL_RCC_OscConfig
                0x000000000800c97c      0x51c ../../libDaisy//build/libdaisy.a(stm32h7xx_hal_rcc.o)
                0x000000000800c97c                HAL_RCC_OscConfig
 .text.HAL_RCC_GetSysClockFreq
                0x000000000800ce98      0x140 ../../libDaisy//build/libdaisy.a(stm32h7xx_hal_rcc.o)
                0x000000000800ce98                HAL_RCC_GetSysClockFreq
 .text.HAL_RCC_ClockConfig
                0x000000000800cfd8      0x234 ../../libDaisy//build/libdaisy.a(stm32h7xx_hal_rcc.o)
                0x000000000800cfd8                HAL_RCC_ClockConfig
 .text.HAL_RCC_GetHCLKFreq
                0x000000000800d20c       0x2c ../../libDaisy//build/libdaisy.a(stm32h7xx_hal_rcc.o)
                0x000000000800d20c                HAL_RCC_GetHCLKFreq
 .text.HAL_RCC_GetPCLK1Freq
                0x000000000800d238       0x38 ../../libDaisy//build/libdaisy.a(stm32h7xx_hal_rcc.o)
                0x000000000800d238                HAL_RCC_GetPCLK1Freq
 .text.HAL_RCC_GetPCLK2Freq
                0x000000000800d270       0x38 ../../libDaisy//build/libdaisy.a(stm32h7xx_hal_rcc.o)
                0x000000000800d270                HAL_RCC_GetPCLK2Freq
 .text.RCCEx_PLL2_Config
                0x000000000800d2a8       0xf4 ../../libDaisy//build/libdaisy.a(stm32h7xx_hal_rcc_ex.o)
 .text.RCCEx_PLL3_Config
                0x000000000800d39c       0xf4 ../../libDaisy//build/libdaisy.a(stm32h7xx_hal_rcc_ex.o)
 .text.HAL_RCCEx_PeriphCLKConfig
                0x000000000800d490      0xa7c ../../libDaisy//build/libdaisy.a(stm32h7xx_hal_rcc_ex.o)
                0x000000000800d490                HAL_RCCEx_PeriphCLKConfig
 .text.HAL_RCCEx_GetD3PCLK1Freq
                0x000000000800df0c       0x24 ../../libDaisy//build/libdaisy.a(stm32h7xx_hal_rcc_ex.o)
                0x000000000800df0c                HAL_RCCEx_GetD3PCLK1Freq
 .text.HAL_RCCEx_GetPLL2ClockFreq
                0x000000000800df30      0x17c ../../libDaisy//build/libdaisy.a(stm32h7xx_hal_rcc_ex.o)
                0x000000000800df30                HAL_RCCEx_GetPLL2ClockFreq
 .text.HAL_RCCEx_GetPLL3ClockFreq
                0x000000000800e0ac      0x17c ../../libDaisy//build/libdaisy.a(stm32h7xx_hal_rcc_ex.o)
                0x000000000800e0ac                HAL_RCCEx_GetPLL3ClockFreq
 .text.HAL_RCCEx_GetPLL1ClockFreq
                0x000000000800e228      0x17c ../../libDaisy//build/libdaisy.a(stm32h7xx_hal_rcc_ex.o)
                0x000000000800e228                HAL_RCCEx_GetPLL1ClockFreq
 .text.HAL_RCCEx_GetPeriphCLKFreq
                0x000000000800e3a4      0x198 ../../libDaisy//build/libdaisy.a(stm32h7xx_hal_rcc_ex.o)
                0x000000000800e3a4                HAL_RCCEx_GetPeriphCLKFreq
 .text.HAL_RCCEx_GetD1SysClockFreq
                0x000000000800e53c       0x2c ../../libDaisy//build/libdaisy.a(stm32h7xx_hal_rcc_ex.o)
                0x000000000800e53c                HAL_RCCEx_GetD1SysClockFreq
 .text.HAL_SAI_Init.part.0
                0x000000000800e568      0x348 ../../libDaisy//build/libdaisy.a(stm32h7xx_hal_sai.o)
 .text.HAL_SAI_InitProtocol
                0x000000000800e8b0      0x178 ../../libDaisy//build/libdaisy.a(stm32h7xx_hal_sai.o)
                0x000000000800e8b0                HAL_SAI_InitProtocol
 .text.HAL_SAI_Transmit_DMA
                0x000000000800ea28      0x124 ../../libDaisy//build/libdaisy.a(stm32h7xx_hal_sai.o)
                0x000000000800ea28                HAL_SAI_Transmit_DMA
 .text.HAL_SAI_Receive_DMA
                0x000000000800eb4c       0xd0 ../../libDaisy//build/libdaisy.a(stm32h7xx_hal_sai.o)
                0x000000000800eb4c                HAL_SAI_Receive_DMA
 .text.HAL_SAI_TxCpltCallback
                0x000000000800ec1c        0x4 ../../libDaisy//build/libdaisy.a(stm32h7xx_hal_sai.o)
                0x000000000800ec1c                HAL_SAI_TxCpltCallback
 .text.SAI_DMATxCplt
                0x000000000800ec20       0x64 ../../libDaisy//build/libdaisy.a(stm32h7xx_hal_sai.o)
 .text.HAL_SAI_TxHalfCpltCallback
                0x000000000800ec84        0x4 ../../libDaisy//build/libdaisy.a(stm32h7xx_hal_sai.o)
                0x000000000800ec84                HAL_SAI_TxHalfCpltCallback
 .text.SAI_DMATxHalfCplt
                0x000000000800ec88        0xc ../../libDaisy//build/libdaisy.a(stm32h7xx_hal_sai.o)
 .text.SAI_DMARxCplt
                0x000000000800ec94       0x64 ../../libDaisy//build/libdaisy.a(stm32h7xx_hal_sai.o)
 .text.SAI_DMARxHalfCplt
                0x000000000800ecf8        0xc ../../libDaisy//build/libdaisy.a(stm32h7xx_hal_sai.o)
 .text.HAL_SAI_ErrorCallback
                0x000000000800ed04        0x4 ../../libDaisy//build/libdaisy.a(stm32h7xx_hal_sai.o)
                0x000000000800ed04                HAL_SAI_ErrorCallback
 .text.SAI_DMAError
                0x000000000800ed08       0x6c ../../libDaisy//build/libdaisy.a(stm32h7xx_hal_sai.o)
 .text.HAL_SDRAM_Init
                0x000000000800ed74       0x54 ../../libDaisy//build/libdaisy.a(stm32h7xx_hal_sdram.o)
                0x000000000800ed74                HAL_SDRAM_Init
 .text.HAL_SDRAM_SendCommand
                0x000000000800edc8       0x40 ../../libDaisy//build/libdaisy.a(stm32h7xx_hal_sdram.o)
                0x000000000800edc8                HAL_SDRAM_SendCommand
 .text.HAL_SDRAM_ProgramRefreshRate
                0x000000000800ee08       0x30 ../../libDaisy//build/libdaisy.a(stm32h7xx_hal_sdram.o)
                0x000000000800ee08                HAL_SDRAM_ProgramRefreshRate
 .text.HAL_UART_Transmit_DMA
                0x000000000800ee38       0xa4 ../../libDaisy//build/libdaisy.a(stm32h7xx_hal_uart.o)
                0x000000000800ee38                HAL_UART_Transmit_DMA
 .text.HAL_UART_Receive_DMA
                0x000000000800eedc       0xac ../../libDaisy//build/libdaisy.a(stm32h7xx_hal_uart.o)
                0x000000000800eedc                HAL_UART_Receive_DMA
 .text.UART_DMATransmitCplt
                0x000000000800ef88       0x2c ../../libDaisy//build/libdaisy.a(stm32h7xx_hal_uart.o)
 .text.HAL_UART_TxHalfCpltCallback
                0x000000000800efb4        0x4 ../../libDaisy//build/libdaisy.a(stm32h7xx_hal_uart.o)
                0x000000000800efb4                HAL_UART_TxHalfCpltCallback
 .text.UART_DMATxHalfCplt
                0x000000000800efb8        0xc ../../libDaisy//build/libdaisy.a(stm32h7xx_hal_uart.o)
 .text.UART_DMAReceiveCplt
                0x000000000800efc4       0x38 ../../libDaisy//build/libdaisy.a(stm32h7xx_hal_uart.o)
 .text.UART_DMARxHalfCplt
                0x000000000800effc        0xc ../../libDaisy//build/libdaisy.a(stm32h7xx_hal_uart.o)
 .text.UART_DMAError
                0x000000000800f008       0x78 ../../libDaisy//build/libdaisy.a(stm32h7xx_hal_uart.o)
 .text.HAL_UART_IRQHandler
                0x000000000800f080      0x1d0 ../../libDaisy//build/libdaisy.a(stm32h7xx_hal_uart.o)
                0x000000000800f080                HAL_UART_IRQHandler
 .text.UART_DMAAbortOnError
                0x000000000800f250       0x14 ../../libDaisy//build/libdaisy.a(stm32h7xx_hal_uart.o)
 .text.HAL_UART_GetState
                0x000000000800f264        0xc ../../libDaisy//build/libdaisy.a(stm32h7xx_hal_uart.o)
                0x000000000800f264                HAL_UART_GetState
 .text.UART_SetConfig
                0x000000000800f270     0x14b8 ../../libDaisy//build/libdaisy.a(stm32h7xx_hal_uart.o)
                0x000000000800f270                UART_SetConfig
 .text.UART_AdvFeatureConfig
                0x0000000008010728       0xb0 ../../libDaisy//build/libdaisy.a(stm32h7xx_hal_uart.o)
                0x0000000008010728                UART_AdvFeatureConfig
 .text.UART_CheckIdleState
                0x00000000080107d8       0x84 ../../libDaisy//build/libdaisy.a(stm32h7xx_hal_uart.o)
                0x00000000080107d8                UART_CheckIdleState
 .text.HAL_UART_Init
                0x000000000801085c       0x68 ../../libDaisy//build/libdaisy.a(stm32h7xx_hal_uart.o)
                0x000000000801085c                HAL_UART_Init
 .text.HAL_UARTEx_WakeupCallback
                0x00000000080108c4        0x4 ../../libDaisy//build/libdaisy.a(stm32h7xx_hal_uart_ex.o)
                0x00000000080108c4                HAL_UARTEx_WakeupCallback
 .text.HAL_UARTEx_RxFifoFullCallback
                0x00000000080108c8        0x4 ../../libDaisy//build/libdaisy.a(stm32h7xx_hal_uart_ex.o)
                0x00000000080108c8                HAL_UARTEx_RxFifoFullCallback
 .text.HAL_UARTEx_TxFifoEmptyCallback
                0x00000000080108cc        0x4 ../../libDaisy//build/libdaisy.a(stm32h7xx_hal_uart_ex.o)
                0x00000000080108cc                HAL_UARTEx_TxFifoEmptyCallback
 .text.HAL_UARTEx_DisableFifoMode
                0x00000000080108d0       0x3c ../../libDaisy//build/libdaisy.a(stm32h7xx_hal_uart_ex.o)
                0x00000000080108d0                HAL_UARTEx_DisableFifoMode
 .text.HAL_UARTEx_SetTxFifoThreshold
                0x000000000801090c       0xa4 ../../libDaisy//build/libdaisy.a(stm32h7xx_hal_uart_ex.o)
                0x000000000801090c                HAL_UARTEx_SetTxFifoThreshold
 .text.HAL_UARTEx_SetRxFifoThreshold
                0x00000000080109b0       0xa4 ../../libDaisy//build/libdaisy.a(stm32h7xx_hal_uart_ex.o)
                0x00000000080109b0                HAL_UARTEx_SetRxFifoThreshold
 .text.FMC_SDRAM_Init
                0x0000000008010a54       0x7c ../../libDaisy//build/libdaisy.a(stm32h7xx_ll_fmc.o)
                0x0000000008010a54                FMC_SDRAM_Init
 .text.FMC_SDRAM_Timing_Init
                0x0000000008010ad0       0x98 ../../libDaisy//build/libdaisy.a(stm32h7xx_ll_fmc.o)
                0x0000000008010ad0                FMC_SDRAM_Timing_Init
 .text.FMC_SDRAM_SendCommand
                0x0000000008010b68       0x28 ../../libDaisy//build/libdaisy.a(stm32h7xx_ll_fmc.o)
                0x0000000008010b68                FMC_SDRAM_SendCommand
 .text.FMC_SDRAM_ProgramRefreshRate
                0x0000000008010b90       0x1c ../../libDaisy//build/libdaisy.a(stm32h7xx_ll_fmc.o)
                0x0000000008010b90                FMC_SDRAM_ProgramRefreshRate
 .text.USB_CoreInit
                0x0000000008010bac      0x124 ../../libDaisy//build/libdaisy.a(stm32h7xx_ll_usb.o)
                0x0000000008010bac                USB_CoreInit
 .text.USB_SetTurnaroundTime
                0x0000000008010cd0      0x104 ../../libDaisy//build/libdaisy.a(stm32h7xx_ll_usb.o)
                0x0000000008010cd0                USB_SetTurnaroundTime
 .text.USB_EnableGlobalInt
                0x0000000008010dd4       0x10 ../../libDaisy//build/libdaisy.a(stm32h7xx_ll_usb.o)
                0x0000000008010dd4                USB_EnableGlobalInt
 .text.USB_DisableGlobalInt
                0x0000000008010de4       0x10 ../../libDaisy//build/libdaisy.a(stm32h7xx_ll_usb.o)